--------- beginning of main
F/BIFUZ_BROADCAST( 1273): adb -s emulator-5554 shell am broadcast -n com.android.bluetooth/com.android.bluetooth.opp.BluetoothOppHandoverReceiver 
I/WearableConn(  484): Connecting via TCP to /10.0.2.2:5601
W/WearableConn(  484): Error writing to device, error: failed to connect to /10.0.2.2 (port 5601): connect failed: ECONNREFUSED (Connection refused)
I/WearableConn(  484): Socket closed
I/WearableConn(  484): Waiting 4.0 seconds to retry connection
D/dalvikvm( 1229): GC_FOR_ALLOC freed 296K, 14% free 2694K/3120K, paused 37ms, total 42ms
I/WearableClient( 1229): onConnected: null
I/Choreographer( 1229): Skipped 116 frames!  The application may be doing too much work on its main thread.
D/gralloc_goldfish( 1229): Emulator without GPU emulation detected.
D/AndroidRuntime( 1275): 
D/AndroidRuntime( 1275): >>>>>> AndroidRuntime START com.android.internal.os.RuntimeInit <<<<<<
D/AndroidRuntime( 1275): CheckJNI is ON
D/WearableConn(  484): adding a name to a CONNECTION_TYPE_NETWORK config that has no name
D/dalvikvm( 1275): Trying to load lib libjavacore.so 0x0
D/dalvikvm( 1275): Added shared lib libjavacore.so 0x0
D/dalvikvm( 1275): Trying to load lib libnativehelper.so 0x0
D/dalvikvm( 1275): Added shared lib libnativehelper.so 0x0
D/dalvikvm( 1275): No JNI_OnLoad found in libnativehelper.so 0x0, skipping init
D/dalvikvm( 1275): Note: class Landroid/app/ActivityManagerNative; has 179 unimplemented (abstract) methods
I/ActivityManager(  359): Displayed com.google.android.wearable.app/com.google.android.clockwork.home.HomeActivity: +6s902ms
E/memtrack( 1275): Couldn't load memtrack module (No such file or directory)
E/android.os.Debug( 1275): failed to load memtrack module: -2
D/dalvikvm(  484): GC_FOR_ALLOC freed 493K, 20% free 2560K/3188K, paused 244ms, total 246ms
D/AndroidRuntime( 1275): Calling main entry com.android.commands.am.Am
E/HostWithRpcCallback( 1229): Failed to send RPC
E/HostWithRpcCallback( 1229): com.google.android.wearable.gmsclient.WearableException: sendRpcAsync failed: Status{statusCode=unknown status code: 4000, resolution=null}
E/HostWithRpcCallback( 1229): 	at com.google.android.wearable.gmsclient.GoogleApiClientHelper.throwIfFailed(GoogleApiClientHelper.java:98)
E/HostWithRpcCallback( 1229): 	at com.google.android.wearable.gmsclient.MessageManager$1$1.getResult(MessageManager.java:81)
E/HostWithRpcCallback( 1229): 	at com.google.android.wearable.gmsclient.MessageManager$1$1.getResult(MessageManager.java:78)
E/HostWithRpcCallback( 1229): 	at com.google.android.clockwork.actions.WearableHostWithRpcCallback$SendRpcCallbackWithId.onSendRpc(WearableHostWithRpcCallback.java:292)
E/HostWithRpcCallback( 1229): 	at com.google.android.wearable.gmsclient.MessageManager$1.onResult(MessageManager.java:78)
E/HostWithRpcCallback( 1229): 	at com.google.android.wearable.gmsclient.MessageManager$1.onResult(MessageManager.java:75)
E/HostWithRpcCallback( 1229): 	at com.google.android.gms.common.api.BaseImplementation$CallbackHandler.deliverResultCallback(Unknown Source)
E/HostWithRpcCallback( 1229): 	at com.google.android.gms.common.api.BaseImplementation$CallbackHandler.handleMessage(Unknown Source)
E/HostWithRpcCallback( 1229): 	at android.os.Handler.dispatchMessage(Handler.java:102)
E/HostWithRpcCallback( 1229): 	at android.os.Looper.loop(Looper.java:136)
E/HostWithRpcCallback( 1229): 	at android.app.ActivityThread.main(ActivityThread.java:5026)
E/HostWithRpcCallback( 1229): 	at java.lang.reflect.Method.invokeNative(Native Method)
E/HostWithRpcCallback( 1229): 	at java.lang.reflect.Method.invoke(Method.java:515)
E/HostWithRpcCallback( 1229): 	at com.android.internal.os.ZygoteInit$MethodAndArgsCaller.run(ZygoteInit.java:777)
E/HostWithRpcCallback( 1229): 	at com.android.internal.os.ZygoteInit.main(ZygoteInit.java:602)
E/HostWithRpcCallback( 1229): 	at dalvik.system.NativeStart.main(Native Method)
--------- beginning of system
I/ActivityManager(  359): Start proc com.android.bluetooth for broadcast com.android.bluetooth/.opp.BluetoothOppHandoverReceiver: pid=1291 uid=1002 gids={41002, 3003, 3002, 3001, 1028, 1015, 3005, 1016, 3008}
E/HostWithRpcCallback( 1229): Failed to send RPC
E/HostWithRpcCallback( 1229): com.google.android.wearable.gmsclient.WearableException: sendRpcAsync failed: Status{statusCode=unknown status code: 4000, resolution=null}
E/HostWithRpcCallback( 1229): 	at com.google.android.wearable.gmsclient.GoogleApiClientHelper.throwIfFailed(GoogleApiClientHelper.java:98)
E/HostWithRpcCallback( 1229): 	at com.google.android.wearable.gmsclient.MessageManager$1$1.getResult(MessageManager.java:81)
E/HostWithRpcCallback( 1229): 	at com.google.android.wearable.gmsclient.MessageManager$1$1.getResult(MessageManager.java:78)
E/HostWithRpcCallback( 1229): 	at com.google.android.clockwork.actions.WearableHostWithRpcCallback$SendRpcCallbackWithId.onSendRpc(WearableHostWithRpcCallback.java:292)
E/HostWithRpcCallback( 1229): 	at com.google.android.wearable.gmsclient.MessageManager$1.onResult(MessageManager.java:78)
E/HostWithRpcCallback( 1229): 	at com.google.android.wearable.gmsclient.MessageManager$1.onResult(MessageManager.java:75)
E/HostWithRpcCallback( 1229): 	at com.google.android.gms.common.api.BaseImplementation$CallbackHandler.deliverResultCallback(Unknown Source)
E/HostWithRpcCallback( 1229): 	at com.google.android.gms.common.api.BaseImplementation$CallbackHandler.handleMessage(Unknown Source)
E/HostWithRpcCallback( 1229): 	at android.os.Handler.dispatchMessage(Handler.java:102)
E/HostWithRpcCallback( 1229): 	at android.os.Looper.loop(Looper.java:136)
E/HostWithRpcCallback( 1229): 	at android.app.ActivityThread.main(ActivityThread.java:5026)
E/HostWithRpcCallback( 1229): 	at java.lang.reflect.Method.invokeNative(Native Method)
E/HostWithRpcCallback( 1229): 	at java.lang.reflect.Method.invoke(Method.java:515)
E/HostWithRpcCallback( 1229): 	at com.android.internal.os.ZygoteInit$MethodAndArgsCaller.run(ZygoteInit.java:777)
E/HostWithRpcCallback( 1229): 	at com.android.internal.os.ZygoteInit.main(ZygoteInit.java:602)
E/HostWithRpcCallback( 1229): 	at dalvik.system.NativeStart.main(Native Method)
W/RemoteResources( 1229): unable to get resource strings
D/dalvikvm( 1229): GC_FOR_ALLOC freed 407K, 17% free 2799K/3336K, paused 39ms, total 46ms
D/dalvikvm( 1229): GC_FOR_ALLOC freed 69K, 17% free 2792K/3336K, paused 119ms, total 121ms
I/dalvikvm-heap( 1229): Grow heap (frag case) to 4.224MB for 1440016-byte allocation
D/dalvikvm( 1229): GC_FOR_ALLOC freed 4K, 12% free 4194K/4744K, paused 30ms, total 30ms
I/WearableConn(  484): Connecting via TCP to /10.0.2.2:5601
W/WearableConn(  484): Error writing to device, error: failed to connect to /10.0.2.2 (port 5601): connect failed: ECONNREFUSED (Connection refused)
I/WearableConn(  484): Socket closed
I/WearableConn(  484): Waiting 4.0 seconds to retry connection
I/Choreographer( 1229): Skipped 214 frames!  The application may be doing too much work on its main thread.
I/Choreographer( 1229): Skipped 69 frames!  The application may be doing too much work on its main thread.
D/dalvikvm(  484): GC_FOR_ALLOC freed 505K, 20% free 2569K/3200K, paused 37ms, total 40ms
D/dalvikvm(  484): WAIT_FOR_CONCURRENT_GC blocked 1ms
D/dalvikvm(  484): GC_EXPLICIT freed 224K, 26% free 2368K/3200K, paused 2ms+2ms, total 42ms
I/Choreographer( 1229): Skipped 58 frames!  The application may be doing too much work on its main thread.
I/Choreographer( 1229): Skipped 30 frames!  The application may be doing too much work on its main thread.
D/dalvikvm(  359): GC_FOR_ALLOC freed 1061K, 29% free 5007K/6984K, paused 86ms, total 92ms
I/Choreographer( 1229): Skipped 32 frames!  The application may be doing too much work on its main thread.
D/AdapterServiceConfig( 1291): Adding HeadsetService
D/AdapterServiceConfig( 1291): Adding A2dpService
D/AdapterServiceConfig( 1291): Adding HidService
D/AdapterServiceConfig( 1291): Adding HealthService
D/AdapterServiceConfig( 1291): Adding PanService
D/AdapterServiceConfig( 1291): Adding GattService
D/AdapterServiceConfig( 1291): Adding BluetoothMapService
E/OemProductImageUpdater( 1229): no setup default providers found
D/AndroidRuntime( 1275): Shutting down VM
D/jdwp    ( 1275): Got wake-up signal, bailing out of select
D/dalvikvm( 1275): Debugger has detached; object registry had 1 entries
D/AndroidRuntime( 1291): Shutting down VM
W/dalvikvm( 1291): threadid=1: thread exiting with uncaught exception (group=0xb3a40d70)
E/AndroidRuntime( 1291): FATAL EXCEPTION: main
E/AndroidRuntime( 1291): Process: com.android.bluetooth, PID: 1291
E/AndroidRuntime( 1291): java.lang.RuntimeException: Unable to start receiver com.android.bluetooth.opp.BluetoothOppHandoverReceiver: java.lang.NullPointerException
E/AndroidRuntime( 1291): 	at android.app.ActivityThread.handleReceiver(ActivityThread.java:2439)
E/AndroidRuntime( 1291): 	at android.app.ActivityThread.access$1700(ActivityThread.java:138)
E/AndroidRuntime( 1291): 	at android.app.ActivityThread$H.handleMessage(ActivityThread.java:1285)
E/AndroidRuntime( 1291): 	at android.os.Handler.dispatchMessage(Handler.java:102)
E/AndroidRuntime( 1291): 	at android.os.Looper.loop(Looper.java:136)
E/AndroidRuntime( 1291): 	at android.app.ActivityThread.main(ActivityThread.java:5026)
E/AndroidRuntime( 1291): 	at java.lang.reflect.Method.invokeNative(Native Method)
E/AndroidRuntime( 1291): 	at java.lang.reflect.Method.invoke(Method.java:515)
E/AndroidRuntime( 1291): 	at com.android.internal.os.ZygoteInit$MethodAndArgsCaller.run(ZygoteInit.java:777)
E/AndroidRuntime( 1291): 	at com.android.internal.os.ZygoteInit.main(ZygoteInit.java:602)
E/AndroidRuntime( 1291): 	at dalvik.system.NativeStart.main(Native Method)
E/AndroidRuntime( 1291): Caused by: java.lang.NullPointerException
E/AndroidRuntime( 1291): 	at com.android.bluetooth.opp.BluetoothOppHandoverReceiver.onReceive(BluetoothOppHandoverReceiver.java:37)
E/AndroidRuntime( 1291): 	at android.app.ActivityThread.handleReceiver(ActivityThread.java:2432)
E/AndroidRuntime( 1291): 	... 10 more
