D/MobileDataStateTracker(  575): default: setPolicyDataEnable(enabled=true)
D/MobileDataStateTracker(  575): default: setPolicyDataEnable(enabled=true)
D/MobileDataStateTracker(  575): default: setPolicyDataEnable(enabled=true)
W/genymotion_audio(  249): out_write() limiting sleep time 116462 to 39909
W/genymotion_audio(  249): out_write() limiting sleep time 76031 to 39909
W/genymotion_audio(  249): out_write() limiting sleep time 56984 to 39909
D/MobileDataStateTracker(  575): default: setPolicyDataEnable(enabled=true)
D/MobileDataStateTracker(  575): default: setPolicyDataEnable(enabled=true)
D/MobileDataStateTracker(  575): default: setPolicyDataEnable(enabled=true)
D/MobileDataStateTracker(  575): default: setPolicyDataEnable(enabled=true)
D/MobileDataStateTracker(  575): default: setPolicyDataEnable(enabled=true)
D/MobileDataStateTracker(  575): default: setPolicyDataEnable(enabled=true)
D/MobileDataStateTracker(  575): default: setPolicyDataEnable(enabled=true)
D/MobileDataStateTracker(  575): default: setPolicyDataEnable(enabled=true)
W/genymotion_audio(  249): out_write() limiting sleep time 116462 to 39909
W/genymotion_audio(  249): out_write() limiting sleep time 83287 to 39909
W/genymotion_audio(  249): out_write() limiting sleep time 59886 to 39909
W/genymotion_audio(  249): out_write() limiting sleep time 42653 to 39909
D/MobileDataStateTracker(  575): default: setPolicyDataEnable(enabled=true)
D/MobileDataStateTracker(  575): default: setPolicyDataEnable(enabled=true)
D/MobileDataStateTracker(  575): default: setPolicyDataEnable(enabled=true)
D/MobileDataStateTracker(  575): default: setPolicyDataEnable(enabled=true)
D/MobileDataStateTracker(  575): default: setPolicyDataEnable(enabled=true)
D/MobileDataStateTracker(  575): default: setPolicyDataEnable(enabled=true)
D/MobileDataStateTracker(  575): default: setPolicyDataEnable(enabled=true)
D/MobileDataStateTracker(  575): default: setPolicyDataEnable(enabled=true)
D/MobileDataStateTracker(  575): default: setPolicyDataEnable(enabled=true)
D/MobileDataStateTracker(  575): default: setPolicyDataEnable(enabled=true)
D/MobileDataStateTracker(  575): default: setPolicyDataEnable(enabled=true)
D/MobileDataStateTracker(  575): default: setPolicyDataEnable(enabled=true)
D/MobileDataStateTracker(  575): default: setPolicyDataEnable(enabled=true)
D/MobileDataStateTracker(  575): default: setPolicyDataEnable(enabled=true)
D/MobileDataStateTracker(  575): default: setPolicyDataEnable(enabled=true)
D/MobileDataStateTracker(  575): default: setPolicyDataEnable(enabled=true)
D/MobileDataStateTracker(  575): default: setPolicyDataEnable(enabled=true)
D/MobileDataStateTracker(  575): default: setPolicyDataEnable(enabled=true)
D/MobileDataStateTracker(  575): default: setPolicyDataEnable(enabled=true)
D/MobileDataStateTracker(  575): default: setPolicyDataEnable(enabled=true)
D/MobileDataStateTracker(  575): default: setPolicyDataEnable(enabled=true)
D/MobileDataStateTracker(  575): default: setPolicyDataEnable(enabled=true)
D/MobileDataStateTracker(  575): default: setPolicyDataEnable(enabled=true)
D/MobileDataStateTracker(  575): default: setPolicyDataEnable(enabled=true)
D/MobileDataStateTracker(  575): default: setPolicyDataEnable(enabled=true)
D/MobileDataStateTracker(  575): default: setPolicyDataEnable(enabled=true)
D/MobileDataStateTracker(  575): default: setPolicyDataEnable(enabled=true)
D/MobileDataStateTracker(  575): default: setPolicyDataEnable(enabled=true)
D/MobileDataStateTracker(  575): default: setPolicyDataEnable(enabled=true)
D/MobileDataStateTracker(  575): default: setPolicyDataEnable(enabled=true)
D/MobileDataStateTracker(  575): default: setPolicyDataEnable(enabled=true)
D/MobileDataStateTracker(  575): default: setPolicyDataEnable(enabled=true)
D/MobileDataStateTracker(  575): default: setPolicyDataEnable(enabled=true)
D/MobileDataStateTracker(  575): default: setPolicyDataEnable(enabled=true)
D/MobileDataStateTracker(  575): default: setPolicyDataEnable(enabled=true)
D/MobileDataStateTracker(  575): default: setPolicyDataEnable(enabled=true)
D/MobileDataStateTracker(  575): default: setPolicyDataEnable(enabled=true)
D/MobileDataStateTracker(  575): default: setPolicyDataEnable(enabled=true)
D/MobileDataStateTracker(  575): default: setPolicyDataEnable(enabled=true)
D/MobileDataStateTracker(  575): default: setPolicyDataEnable(enabled=true)
D/MobileDataStateTracker(  575): default: setPolicyDataEnable(enabled=true)
D/MobileDataStateTracker(  575): default: setPolicyDataEnable(enabled=true)
D/MobileDataStateTracker(  575): default: setPolicyDataEnable(enabled=true)
D/MobileDataStateTracker(  575): default: setPolicyDataEnable(enabled=true)
D/MobileDataStateTracker(  575): default: setPolicyDataEnable(enabled=true)
D/MobileDataStateTracker(  575): default: setPolicyDataEnable(enabled=true)
D/MobileDataStateTracker(  575): default: setPolicyDataEnable(enabled=true)
D/MobileDataStateTracker(  575): default: setPolicyDataEnable(enabled=true)
D/MobileDataStateTracker(  575): default: setPolicyDataEnable(enabled=true)
D/MobileDataStateTracker(  575): default: setPolicyDataEnable(enabled=true)
D/MobileDataStateTracker(  575): default: setPolicyDataEnable(enabled=true)
D/MobileDataStateTracker(  575): default: setPolicyDataEnable(enabled=true)
D/MobileDataStateTracker(  575): default: setPolicyDataEnable(enabled=true)
D/MobileDataStateTracker(  575): default: setPolicyDataEnable(enabled=true)
D/MobileDataStateTracker(  575): default: setPolicyDataEnable(enabled=true)
D/MobileDataStateTracker(  575): default: setPolicyDataEnable(enabled=true)
D/MobileDataStateTracker(  575): default: setPolicyDataEnable(enabled=true)
D/MobileDataStateTracker(  575): default: setPolicyDataEnable(enabled=true)
D/MobileDataStateTracker(  575): default: setPolicyDataEnable(enabled=true)
D/MobileDataStateTracker(  575): default: setPolicyDataEnable(enabled=true)
D/MobileDataStateTracker(  575): default: setPolicyDataEnable(enabled=true)
D/MobileDataStateTracker(  575): default: setPolicyDataEnable(enabled=true)
D/MobileDataStateTracker(  575): default: setPolicyDataEnable(enabled=true)
D/MobileDataStateTracker(  575): default: setPolicyDataEnable(enabled=true)
D/MobileDataStateTracker(  575): default: setPolicyDataEnable(enabled=true)
D/MobileDataStateTracker(  575): default: setPolicyDataEnable(enabled=true)
D/MobileDataStateTracker(  575): default: setPolicyDataEnable(enabled=true)
D/MobileDataStateTracker(  575): default: setPolicyDataEnable(enabled=true)
D/MobileDataStateTracker(  575): default: setPolicyDataEnable(enabled=true)
D/MobileDataStateTracker(  575): default: setPolicyDataEnable(enabled=true)
D/MobileDataStateTracker(  575): default: setPolicyDataEnable(enabled=true)
D/MobileDataStateTracker(  575): default: setPolicyDataEnable(enabled=true)
D/MobileDataStateTracker(  575): default: setPolicyDataEnable(enabled=true)
D/MobileDataStateTracker(  575): default: setPolicyDataEnable(enabled=true)
D/MobileDataStateTracker(  575): default: setPolicyDataEnable(enabled=true)
D/MobileDataStateTracker(  575): default: setPolicyDataEnable(enabled=true)
D/MobileDataStateTracker(  575): default: setPolicyDataEnable(enabled=true)
D/MobileDataStateTracker(  575): default: setPolicyDataEnable(enabled=true)
D/MobileDataStateTracker(  575): default: setPolicyDataEnable(enabled=true)
D/MobileDataStateTracker(  575): default: setPolicyDataEnable(enabled=true)
D/MobileDataStateTracker(  575): default: setPolicyDataEnable(enabled=true)
D/MobileDataStateTracker(  575): default: setPolicyDataEnable(enabled=true)
D/MobileDataStateTracker(  575): default: setPolicyDataEnable(enabled=true)
D/MobileDataStateTracker(  575): default: setPolicyDataEnable(enabled=true)
D/MobileDataStateTracker(  575): default: setPolicyDataEnable(enabled=true)
D/MobileDataStateTracker(  575): default: setPolicyDataEnable(enabled=true)
D/MobileDataStateTracker(  575): default: setPolicyDataEnable(enabled=true)
D/MobileDataStateTracker(  575): default: setPolicyDataEnable(enabled=true)
D/MobileDataStateTracker(  575): default: setPolicyDataEnable(enabled=true)
D/MobileDataStateTracker(  575): default: setPolicyDataEnable(enabled=true)
D/MobileDataStateTracker(  575): default: setPolicyDataEnable(enabled=true)
D/MobileDataStateTracker(  575): default: setPolicyDataEnable(enabled=true)
D/MobileDataStateTracker(  575): default: setPolicyDataEnable(enabled=true)
D/MobileDataStateTracker(  575): default: setPolicyDataEnable(enabled=true)
D/MobileDataStateTracker(  575): default: setPolicyDataEnable(enabled=true)
D/MobileDataStateTracker(  575): default: setPolicyDataEnable(enabled=true)
D/MobileDataStateTracker(  575): default: setPolicyDataEnable(enabled=true)
D/MobileDataStateTracker(  575): default: setPolicyDataEnable(enabled=true)
D/MobileDataStateTracker(  575): default: setPolicyDataEnable(enabled=true)
D/MobileDataStateTracker(  575): default: setPolicyDataEnable(enabled=true)
D/MobileDataStateTracker(  575): default: setPolicyDataEnable(enabled=true)
D/MobileDataStateTracker(  575): default: setPolicyDataEnable(enabled=true)
D/MobileDataStateTracker(  575): default: setPolicyDataEnable(enabled=true)
D/MobileDataStateTracker(  575): default: setPolicyDataEnable(enabled=true)
D/MobileDataStateTracker(  575): default: setPolicyDataEnable(enabled=true)
D/MobileDataStateTracker(  575): default: setPolicyDataEnable(enabled=true)
D/MobileDataStateTracker(  575): default: setPolicyDataEnable(enabled=true)
D/MobileDataStateTracker(  575): default: setPolicyDataEnable(enabled=true)
D/MobileDataStateTracker(  575): default: setPolicyDataEnable(enabled=true)
D/MobileDataStateTracker(  575): default: setPolicyDataEnable(enabled=true)
D/MobileDataStateTracker(  575): default: setPolicyDataEnable(enabled=true)
D/MobileDataStateTracker(  575): default: setPolicyDataEnable(enabled=true)
D/MobileDataStateTracker(  575): default: setPolicyDataEnable(enabled=true)
D/MobileDataStateTracker(  575): default: setPolicyDataEnable(enabled=true)
D/MobileDataStateTracker(  575): default: setPolicyDataEnable(enabled=true)
D/MobileDataStateTracker(  575): default: setPolicyDataEnable(enabled=true)
D/MobileDataStateTracker(  575): default: setPolicyDataEnable(enabled=true)
D/MobileDataStateTracker(  575): default: setPolicyDataEnable(enabled=true)
D/MobileDataStateTracker(  575): default: setPolicyDataEnable(enabled=true)
D/MobileDataStateTracker(  575): default: setPolicyDataEnable(enabled=true)
D/MobileDataStateTracker(  575): default: setPolicyDataEnable(enabled=true)
D/MobileDataStateTracker(  575): default: setPolicyDataEnable(enabled=true)
D/MobileDataStateTracker(  575): default: setPolicyDataEnable(enabled=true)
D/MobileDataStateTracker(  575): default: setPolicyDataEnable(enabled=true)
D/MobileDataStateTracker(  575): default: setPolicyDataEnable(enabled=true)
D/MobileDataStateTracker(  575): default: setPolicyDataEnable(enabled=true)
D/MobileDataStateTracker(  575): default: setPolicyDataEnable(enabled=true)
D/MobileDataStateTracker(  575): default: setPolicyDataEnable(enabled=true)
D/MobileDataStateTracker(  575): default: setPolicyDataEnable(enabled=true)
D/MobileDataStateTracker(  575): default: setPolicyDataEnable(enabled=true)
D/MobileDataStateTracker(  575): default: setPolicyDataEnable(enabled=true)
W/genymotion_audio(  249): out_write() limiting sleep time 116462 to 39909
D/MobileDataStateTracker(  575): default: setPolicyDataEnable(enabled=true)
W/genymotion_audio(  249): out_write() limiting sleep time 78027 to 39909
W/genymotion_audio(  249): out_write() limiting sleep time 55170 to 39909
D/MobileDataStateTracker(  575): default: setPolicyDataEnable(enabled=true)
W/genymotion_audio(  249): out_write() limiting sleep time 54647 to 39909
D/MobileDataStateTracker(  575): default: setPolicyDataEnable(enabled=true)
D/MobileDataStateTracker(  575): default: setPolicyDataEnable(enabled=true)
D/MobileDataStateTracker(  575): default: setPolicyDataEnable(enabled=true)
D/MobileDataStateTracker(  575): default: setPolicyDataEnable(enabled=true)
D/MobileDataStateTracker(  575): default: setPolicyDataEnable(enabled=true)
D/MobileDataStateTracker(  575): default: setPolicyDataEnable(enabled=true)
D/MobileDataStateTracker(  575): default: setPolicyDataEnable(enabled=true)
D/MobileDataStateTracker(  575): default: setPolicyDataEnable(enabled=true)
D/MobileDataStateTracker(  575): default: setPolicyDataEnable(enabled=true)
D/MobileDataStateTracker(  575): default: setPolicyDataEnable(enabled=true)
D/MobileDataStateTracker(  575): default: setPolicyDataEnable(enabled=true)
D/MobileDataStateTracker(  575): default: setPolicyDataEnable(enabled=true)
D/MobileDataStateTracker(  575): default: setPolicyDataEnable(enabled=true)
D/MobileDataStateTracker(  575): default: setPolicyDataEnable(enabled=true)
D/MobileDataStateTracker(  575): default: setPolicyDataEnable(enabled=true)
D/MobileDataStateTracker(  575): default: setPolicyDataEnable(enabled=true)
D/MobileDataStateTracker(  575): default: setPolicyDataEnable(enabled=true)
D/MobileDataStateTracker(  575): default: setPolicyDataEnable(enabled=true)
D/MobileDataStateTracker(  575): default: setPolicyDataEnable(enabled=true)
D/MobileDataStateTracker(  575): default: setPolicyDataEnable(enabled=true)
D/MobileDataStateTracker(  575): default: setPolicyDataEnable(enabled=true)
D/MobileDataStateTracker(  575): default: setPolicyDataEnable(enabled=true)
D/MobileDataStateTracker(  575): default: setPolicyDataEnable(enabled=true)
D/MobileDataStateTracker(  575): default: setPolicyDataEnable(enabled=true)
D/MobileDataStateTracker(  575): default: setPolicyDataEnable(enabled=true)
D/MobileDataStateTracker(  575): default: setPolicyDataEnable(enabled=true)
D/MobileDataStateTracker(  575): default: setPolicyDataEnable(enabled=true)
D/MobileDataStateTracker(  575): default: setPolicyDataEnable(enabled=true)
D/MobileDataStateTracker(  575): default: setPolicyDataEnable(enabled=true)
D/MobileDataStateTracker(  575): default: setPolicyDataEnable(enabled=true)
D/MobileDataStateTracker(  575): default: setPolicyDataEnable(enabled=true)
D/MobileDataStateTracker(  575): default: setPolicyDataEnable(enabled=true)
D/MobileDataStateTracker(  575): default: setPolicyDataEnable(enabled=true)
D/MobileDataStateTracker(  575): default: setPolicyDataEnable(enabled=true)
D/MobileDataStateTracker(  575): default: setPolicyDataEnable(enabled=true)
D/MobileDataStateTracker(  575): default: setPolicyDataEnable(enabled=true)
D/MobileDataStateTracker(  575): default: setPolicyDataEnable(enabled=true)
D/MobileDataStateTracker(  575): default: setPolicyDataEnable(enabled=true)
D/MobileDataStateTracker(  575): default: setPolicyDataEnable(enabled=true)
D/MobileDataStateTracker(  575): default: setPolicyDataEnable(enabled=true)
D/MobileDataStateTracker(  575): default: setPolicyDataEnable(enabled=true)
D/MobileDataStateTracker(  575): default: setPolicyDataEnable(enabled=true)
D/MobileDataStateTracker(  575): default: setPolicyDataEnable(enabled=true)
D/MobileDataStateTracker(  575): default: setPolicyDataEnable(enabled=true)
D/MobileDataStateTracker(  575): default: setPolicyDataEnable(enabled=true)
D/MobileDataStateTracker(  575): default: setPolicyDataEnable(enabled=true)
D/MobileDataStateTracker(  575): default: setPolicyDataEnable(enabled=true)
D/MobileDataStateTracker(  575): default: setPolicyDataEnable(enabled=true)
D/MobileDataStateTracker(  575): default: setPolicyDataEnable(enabled=true)
D/MobileDataStateTracker(  575): default: setPolicyDataEnable(enabled=true)
D/MobileDataStateTracker(  575): default: setPolicyDataEnable(enabled=true)
D/MobileDataStateTracker(  575): default: setPolicyDataEnable(enabled=true)
D/MobileDataStateTracker(  575): default: setPolicyDataEnable(enabled=true)
D/MobileDataStateTracker(  575): default: setPolicyDataEnable(enabled=true)
D/MobileDataStateTracker(  575): default: setPolicyDataEnable(enabled=true)
D/MobileDataStateTracker(  575): default: setPolicyDataEnable(enabled=true)
D/MobileDataStateTracker(  575): default: setPolicyDataEnable(enabled=true)
D/MobileDataStateTracker(  575): default: setPolicyDataEnable(enabled=true)
D/MobileDataStateTracker(  575): default: setPolicyDataEnable(enabled=true)
D/MobileDataStateTracker(  575): default: setPolicyDataEnable(enabled=true)
D/MobileDataStateTracker(  575): default: setPolicyDataEnable(enabled=true)
W/genymotion_audio(  249): out_write() limiting sleep time 116462 to 39909
W/genymotion_audio(  249): out_write() limiting sleep time 78027 to 39909
W/genymotion_audio(  249): out_write() limiting sleep time 48458 to 39909
D/MobileDataStateTracker(  575): default: setPolicyDataEnable(enabled=true)
D/MobileDataStateTracker(  575): default: setPolicyDataEnable(enabled=true)
D/MobileDataStateTracker(  575): default: setPolicyDataEnable(enabled=true)
D/MobileDataStateTracker(  575): default: setPolicyDataEnable(enabled=true)
D/MobileDataStateTracker(  575): default: setPolicyDataEnable(enabled=true)
D/MobileDataStateTracker(  575): default: setPolicyDataEnable(enabled=true)
D/MobileDataStateTracker(  575): default: setPolicyDataEnable(enabled=true)
D/MobileDataStateTracker(  575): default: setPolicyDataEnable(enabled=true)
D/MobileDataStateTracker(  575): default: setPolicyDataEnable(enabled=true)
D/MobileDataStateTracker(  575): default: setPolicyDataEnable(enabled=true)
D/MobileDataStateTracker(  575): default: setPolicyDataEnable(enabled=true)
D/MobileDataStateTracker(  575): default: setPolicyDataEnable(enabled=true)
D/MobileDataStateTracker(  575): default: setPolicyDataEnable(enabled=true)
D/MobileDataStateTracker(  575): default: setPolicyDataEnable(enabled=true)
D/MobileDataStateTracker(  575): default: setPolicyDataEnable(enabled=true)
D/MobileDataStateTracker(  575): default: setPolicyDataEnable(enabled=true)
D/MobileDataStateTracker(  575): default: setPolicyDataEnable(enabled=true)
D/MobileDataStateTracker(  575): default: setPolicyDataEnable(enabled=true)
D/MobileDataStateTracker(  575): default: setPolicyDataEnable(enabled=true)
D/MobileDataStateTracker(  575): default: setPolicyDataEnable(enabled=true)
D/MobileDataStateTracker(  575): default: setPolicyDataEnable(enabled=true)
D/MobileDataStateTracker(  575): default: setPolicyDataEnable(enabled=true)
D/MobileDataStateTracker(  575): default: setPolicyDataEnable(enabled=true)
D/MobileDataStateTracker(  575): default: setPolicyDataEnable(enabled=true)
D/MobileDataStateTracker(  575): default: setPolicyDataEnable(enabled=true)
D/MobileDataStateTracker(  575): default: setPolicyDataEnable(enabled=true)
D/MobileDataStateTracker(  575): default: setPolicyDataEnable(enabled=true)
D/MobileDataStateTracker(  575): default: setPolicyDataEnable(enabled=true)
D/MobileDataStateTracker(  575): default: setPolicyDataEnable(enabled=true)
D/MobileDataStateTracker(  575): default: setPolicyDataEnable(enabled=true)
D/MobileDataStateTracker(  575): default: setPolicyDataEnable(enabled=true)
D/MobileDataStateTracker(  575): default: setPolicyDataEnable(enabled=true)
D/MobileDataStateTracker(  575): default: setPolicyDataEnable(enabled=true)
D/MobileDataStateTracker(  575): default: setPolicyDataEnable(enabled=true)
D/MobileDataStateTracker(  575): default: setPolicyDataEnable(enabled=true)
D/MobileDataStateTracker(  575): default: setPolicyDataEnable(enabled=true)
D/MobileDataStateTracker(  575): default: setPolicyDataEnable(enabled=true)
D/MobileDataStateTracker(  575): default: setPolicyDataEnable(enabled=true)
D/MobileDataStateTracker(  575): default: setPolicyDataEnable(enabled=true)
D/MobileDataStateTracker(  575): default: setPolicyDataEnable(enabled=true)
D/MobileDataStateTracker(  575): default: setPolicyDataEnable(enabled=true)
D/MobileDataStateTracker(  575): default: setPolicyDataEnable(enabled=true)
D/MobileDataStateTracker(  575): default: setPolicyDataEnable(enabled=true)
D/MobileDataStateTracker(  575): default: setPolicyDataEnable(enabled=true)
D/MobileDataStateTracker(  575): default: setPolicyDataEnable(enabled=true)
D/MobileDataStateTracker(  575): default: setPolicyDataEnable(enabled=true)
D/MobileDataStateTracker(  575): default: setPolicyDataEnable(enabled=true)
D/MobileDataStateTracker(  575): default: setPolicyDataEnable(enabled=true)
D/MobileDataStateTracker(  575): default: setPolicyDataEnable(enabled=true)
D/MobileDataStateTracker(  575): default: setPolicyDataEnable(enabled=true)
D/MobileDataStateTracker(  575): default: setPolicyDataEnable(enabled=true)
D/MobileDataStateTracker(  575): default: setPolicyDataEnable(enabled=true)
D/MobileDataStateTracker(  575): default: setPolicyDataEnable(enabled=true)
D/MobileDataStateTracker(  575): default: setPolicyDataEnable(enabled=true)
D/MobileDataStateTracker(  575): default: setPolicyDataEnable(enabled=true)
D/MobileDataStateTracker(  575): default: setPolicyDataEnable(enabled=true)
D/MobileDataStateTracker(  575): default: setPolicyDataEnable(enabled=true)
D/MobileDataStateTracker(  575): default: setPolicyDataEnable(enabled=true)
D/MobileDataStateTracker(  575): default: setPolicyDataEnable(enabled=true)
D/MobileDataStateTracker(  575): default: setPolicyDataEnable(enabled=true)
D/MobileDataStateTracker(  575): default: setPolicyDataEnable(enabled=true)
D/MobileDataStateTracker(  575): default: setPolicyDataEnable(enabled=true)
D/MobileDataStateTracker(  575): default: setPolicyDataEnable(enabled=true)
D/MobileDataStateTracker(  575): default: setPolicyDataEnable(enabled=true)
D/MobileDataStateTracker(  575): default: setPolicyDataEnable(enabled=true)
D/MobileDataStateTracker(  575): default: setPolicyDataEnable(enabled=true)
D/MobileDataStateTracker(  575): default: setPolicyDataEnable(enabled=true)
D/MobileDataStateTracker(  575): default: setPolicyDataEnable(enabled=true)
D/MobileDataStateTracker(  575): default: setPolicyDataEnable(enabled=true)
D/MobileDataStateTracker(  575): default: setPolicyDataEnable(enabled=true)
D/MobileDataStateTracker(  575): default: setPolicyDataEnable(enabled=true)
D/MobileDataStateTracker(  575): default: setPolicyDataEnable(enabled=true)
D/MobileDataStateTracker(  575): default: setPolicyDataEnable(enabled=true)
D/MobileDataStateTracker(  575): default: setPolicyDataEnable(enabled=true)
D/MobileDataStateTracker(  575): default: setPolicyDataEnable(enabled=true)
D/MobileDataStateTracker(  575): default: setPolicyDataEnable(enabled=true)
D/MobileDataStateTracker(  575): default: setPolicyDataEnable(enabled=true)
D/MobileDataStateTracker(  575): default: setPolicyDataEnable(enabled=true)
D/MobileDataStateTracker(  575): default: setPolicyDataEnable(enabled=true)
D/MobileDataStateTracker(  575): default: setPolicyDataEnable(enabled=true)
D/MobileDataStateTracker(  575): default: setPolicyDataEnable(enabled=true)
D/MobileDataStateTracker(  575): default: setPolicyDataEnable(enabled=true)
D/MobileDataStateTracker(  575): default: setPolicyDataEnable(enabled=true)
D/MobileDataStateTracker(  575): default: setPolicyDataEnable(enabled=true)
D/MobileDataStateTracker(  575): default: setPolicyDataEnable(enabled=true)
D/MobileDataStateTracker(  575): default: setPolicyDataEnable(enabled=true)
D/MobileDataStateTracker(  575): default: setPolicyDataEnable(enabled=true)
D/MobileDataStateTracker(  575): default: setPolicyDataEnable(enabled=true)
D/MobileDataStateTracker(  575): default: setPolicyDataEnable(enabled=true)
D/MobileDataStateTracker(  575): default: setPolicyDataEnable(enabled=true)
D/MobileDataStateTracker(  575): default: setPolicyDataEnable(enabled=true)
D/MobileDataStateTracker(  575): default: setPolicyDataEnable(enabled=true)
D/MobileDataStateTracker(  575): default: setPolicyDataEnable(enabled=true)
D/MobileDataStateTracker(  575): default: setPolicyDataEnable(enabled=true)
D/MobileDataStateTracker(  575): default: setPolicyDataEnable(enabled=true)
D/MobileDataStateTracker(  575): default: setPolicyDataEnable(enabled=true)
D/MobileDataStateTracker(  575): default: setPolicyDataEnable(enabled=true)
D/MobileDataStateTracker(  575): default: setPolicyDataEnable(enabled=true)
D/MobileDataStateTracker(  575): default: setPolicyDataEnable(enabled=true)
D/MobileDataStateTracker(  575): default: setPolicyDataEnable(enabled=true)
D/MobileDataStateTracker(  575): default: setPolicyDataEnable(enabled=true)
D/MobileDataStateTracker(  575): default: setPolicyDataEnable(enabled=true)
D/MobileDataStateTracker(  575): default: setPolicyDataEnable(enabled=true)
D/MobileDataStateTracker(  575): default: setPolicyDataEnable(enabled=true)
D/MobileDataStateTracker(  575): default: setPolicyDataEnable(enabled=true)
D/MobileDataStateTracker(  575): default: setPolicyDataEnable(enabled=true)
D/MobileDataStateTracker(  575): default: setPolicyDataEnable(enabled=true)
D/MobileDataStateTracker(  575): default: setPolicyDataEnable(enabled=true)
D/MobileDataStateTracker(  575): default: setPolicyDataEnable(enabled=true)
D/MobileDataStateTracker(  575): default: setPolicyDataEnable(enabled=true)
D/MobileDataStateTracker(  575): default: setPolicyDataEnable(enabled=true)
D/MobileDataStateTracker(  575): default: setPolicyDataEnable(enabled=true)
D/MobileDataStateTracker(  575): default: setPolicyDataEnable(enabled=true)
D/MobileDataStateTracker(  575): default: setPolicyDataEnable(enabled=true)
D/MobileDataStateTracker(  575): default: setPolicyDataEnable(enabled=true)
D/MobileDataStateTracker(  575): default: setPolicyDataEnable(enabled=true)
D/MobileDataStateTracker(  575): default: setPolicyDataEnable(enabled=true)
D/MobileDataStateTracker(  575): default: setPolicyDataEnable(enabled=true)
D/MobileDataStateTracker(  575): default: setPolicyDataEnable(enabled=true)
D/MobileDataStateTracker(  575): default: setPolicyDataEnable(enabled=true)
D/MobileDataStateTracker(  575): default: setPolicyDataEnable(enabled=true)
W/genymotion_audio(  249): out_write() limiting sleep time 116462 to 39909
W/genymotion_audio(  249): out_write() limiting sleep time 75850 to 39909
W/genymotion_audio(  249): out_write() limiting sleep time 54263 to 39909
D/MobileDataStateTracker(  575): default: setPolicyDataEnable(enabled=true)
D/MobileDataStateTracker(  575): default: setPolicyDataEnable(enabled=true)
D/MobileDataStateTracker(  575): default: setPolicyDataEnable(enabled=true)
D/MobileDataStateTracker(  575): default: setPolicyDataEnable(enabled=true)
D/MobileDataStateTracker(  575): default: setPolicyDataEnable(enabled=true)
D/MobileDataStateTracker(  575): default: setPolicyDataEnable(enabled=true)
D/MobileDataStateTracker(  575): default: setPolicyDataEnable(enabled=true)
D/MobileDataStateTracker(  575): default: setPolicyDataEnable(enabled=true)
D/MobileDataStateTracker(  575): default: setPolicyDataEnable(enabled=true)
D/MobileDataStateTracker(  575): default: setPolicyDataEnable(enabled=true)
D/MobileDataStateTracker(  575): default: setPolicyDataEnable(enabled=true)
D/MobileDataStateTracker(  575): default: setPolicyDataEnable(enabled=true)
D/MobileDataStateTracker(  575): default: setPolicyDataEnable(enabled=true)
D/MobileDataStateTracker(  575): default: setPolicyDataEnable(enabled=true)
D/MobileDataStateTracker(  575): default: setPolicyDataEnable(enabled=true)
D/MobileDataStateTracker(  575): default: setPolicyDataEnable(enabled=true)
D/MobileDataStateTracker(  575): default: setPolicyDataEnable(enabled=true)
D/MobileDataStateTracker(  575): default: setPolicyDataEnable(enabled=true)
D/MobileDataStateTracker(  575): default: setPolicyDataEnable(enabled=true)
D/MobileDataStateTracker(  575): default: setPolicyDataEnable(enabled=true)
D/MobileDataStateTracker(  575): default: setPolicyDataEnable(enabled=true)
D/MobileDataStateTracker(  575): default: setPolicyDataEnable(enabled=true)
D/MobileDataStateTracker(  575): default: setPolicyDataEnable(enabled=true)
D/MobileDataStateTracker(  575): default: setPolicyDataEnable(enabled=true)
D/MobileDataStateTracker(  575): default: setPolicyDataEnable(enabled=true)
D/MobileDataStateTracker(  575): default: setPolicyDataEnable(enabled=true)
D/MobileDataStateTracker(  575): default: setPolicyDataEnable(enabled=true)
D/MobileDataStateTracker(  575): default: setPolicyDataEnable(enabled=true)
D/MobileDataStateTracker(  575): default: setPolicyDataEnable(enabled=true)
D/MobileDataStateTracker(  575): default: setPolicyDataEnable(enabled=true)
D/MobileDataStateTracker(  575): default: setPolicyDataEnable(enabled=true)
D/MobileDataStateTracker(  575): default: setPolicyDataEnable(enabled=true)
D/MobileDataStateTracker(  575): default: setPolicyDataEnable(enabled=true)
D/MobileDataStateTracker(  575): default: setPolicyDataEnable(enabled=true)
D/MobileDataStateTracker(  575): default: setPolicyDataEnable(enabled=true)
D/MobileDataStateTracker(  575): default: setPolicyDataEnable(enabled=true)
D/MobileDataStateTracker(  575): default: setPolicyDataEnable(enabled=true)
D/MobileDataStateTracker(  575): default: setPolicyDataEnable(enabled=true)
D/MobileDataStateTracker(  575): default: setPolicyDataEnable(enabled=true)
D/MobileDataStateTracker(  575): default: setPolicyDataEnable(enabled=true)
D/MobileDataStateTracker(  575): default: setPolicyDataEnable(enabled=true)
D/MobileDataStateTracker(  575): default: setPolicyDataEnable(enabled=true)
D/MobileDataStateTracker(  575): default: setPolicyDataEnable(enabled=true)
D/MobileDataStateTracker(  575): default: setPolicyDataEnable(enabled=true)
D/MobileDataStateTracker(  575): default: setPolicyDataEnable(enabled=true)
D/MobileDataStateTracker(  575): default: setPolicyDataEnable(enabled=true)
D/MobileDataStateTracker(  575): default: setPolicyDataEnable(enabled=true)
D/MobileDataStateTracker(  575): default: setPolicyDataEnable(enabled=true)
D/MobileDataStateTracker(  575): default: setPolicyDataEnable(enabled=true)
D/MobileDataStateTracker(  575): default: setPolicyDataEnable(enabled=true)
D/MobileDataStateTracker(  575): default: setPolicyDataEnable(enabled=true)
D/MobileDataStateTracker(  575): default: setPolicyDataEnable(enabled=true)
D/MobileDataStateTracker(  575): default: setPolicyDataEnable(enabled=true)
D/MobileDataStateTracker(  575): default: setPolicyDataEnable(enabled=true)
D/MobileDataStateTracker(  575): default: setPolicyDataEnable(enabled=true)
D/MobileDataStateTracker(  575): default: setPolicyDataEnable(enabled=true)
D/MobileDataStateTracker(  575): default: setPolicyDataEnable(enabled=true)
D/MobileDataStateTracker(  575): default: setPolicyDataEnable(enabled=true)
D/MobileDataStateTracker(  575): default: setPolicyDataEnable(enabled=true)
D/MobileDataStateTracker(  575): default: setPolicyDataEnable(enabled=true)
D/MobileDataStateTracker(  575): default: setPolicyDataEnable(enabled=true)
D/MobileDataStateTracker(  575): default: setPolicyDataEnable(enabled=true)
D/MobileDataStateTracker(  575): default: setPolicyDataEnable(enabled=true)
D/MobileDataStateTracker(  575): default: setPolicyDataEnable(enabled=true)
W/genymotion_audio(  249): out_write() limiting sleep time 116462 to 39909
W/genymotion_audio(  249): out_write() limiting sleep time 78208 to 39909
W/genymotion_audio(  249): out_write() limiting sleep time 54081 to 39909
W/genymotion_audio(  249): out_write() limiting sleep time 49931 to 39909
D/MobileDataStateTracker(  575): default: setPolicyDataEnable(enabled=true)
D/MobileDataStateTracker(  575): default: setPolicyDataEnable(enabled=true)
D/MobileDataStateTracker(  575): default: setPolicyDataEnable(enabled=true)
D/MobileDataStateTracker(  575): default: setPolicyDataEnable(enabled=true)
D/MobileDataStateTracker(  575): default: setPolicyDataEnable(enabled=true)
D/MobileDataStateTracker(  575): default: setPolicyDataEnable(enabled=true)
D/MobileDataStateTracker(  575): default: setPolicyDataEnable(enabled=true)
D/MobileDataStateTracker(  575): default: setPolicyDataEnable(enabled=true)
D/MobileDataStateTracker(  575): default: setPolicyDataEnable(enabled=true)
D/MobileDataStateTracker(  575): default: setPolicyDataEnable(enabled=true)
D/MobileDataStateTracker(  575): default: setPolicyDataEnable(enabled=true)
D/MobileDataStateTracker(  575): default: setPolicyDataEnable(enabled=true)
D/MobileDataStateTracker(  575): default: setPolicyDataEnable(enabled=true)
D/MobileDataStateTracker(  575): default: setPolicyDataEnable(enabled=true)
D/MobileDataStateTracker(  575): default: setPolicyDataEnable(enabled=true)
D/MobileDataStateTracker(  575): default: setPolicyDataEnable(enabled=true)
D/MobileDataStateTracker(  575): default: setPolicyDataEnable(enabled=true)
D/MobileDataStateTracker(  575): default: setPolicyDataEnable(enabled=true)
D/MobileDataStateTracker(  575): default: setPolicyDataEnable(enabled=true)
D/MobileDataStateTracker(  575): default: setPolicyDataEnable(enabled=true)
D/MobileDataStateTracker(  575): default: setPolicyDataEnable(enabled=true)
D/MobileDataStateTracker(  575): default: setPolicyDataEnable(enabled=true)
D/MobileDataStateTracker(  575): default: setPolicyDataEnable(enabled=true)
D/MobileDataStateTracker(  575): default: setPolicyDataEnable(enabled=true)
D/MobileDataStateTracker(  575): default: setPolicyDataEnable(enabled=true)
D/MobileDataStateTracker(  575): default: setPolicyDataEnable(enabled=true)
D/MobileDataStateTracker(  575): default: setPolicyDataEnable(enabled=true)
D/MobileDataStateTracker(  575): default: setPolicyDataEnable(enabled=true)
D/MobileDataStateTracker(  575): default: setPolicyDataEnable(enabled=true)
D/MobileDataStateTracker(  575): default: setPolicyDataEnable(enabled=true)
D/MobileDataStateTracker(  575): default: setPolicyDataEnable(enabled=true)
D/MobileDataStateTracker(  575): default: setPolicyDataEnable(enabled=true)
D/MobileDataStateTracker(  575): default: setPolicyDataEnable(enabled=true)
D/MobileDataStateTracker(  575): default: setPolicyDataEnable(enabled=true)
D/MobileDataStateTracker(  575): default: setPolicyDataEnable(enabled=true)
D/MobileDataStateTracker(  575): default: setPolicyDataEnable(enabled=true)
D/MobileDataStateTracker(  575): default: setPolicyDataEnable(enabled=true)
D/MobileDataStateTracker(  575): default: setPolicyDataEnable(enabled=true)
D/MobileDataStateTracker(  575): default: setPolicyDataEnable(enabled=true)
D/MobileDataStateTracker(  575): default: setPolicyDataEnable(enabled=true)
D/MobileDataStateTracker(  575): default: setPolicyDataEnable(enabled=true)
D/MobileDataStateTracker(  575): default: setPolicyDataEnable(enabled=true)
D/MobileDataStateTracker(  575): default: setPolicyDataEnable(enabled=true)
D/MobileDataStateTracker(  575): default: setPolicyDataEnable(enabled=true)
D/MobileDataStateTracker(  575): default: setPolicyDataEnable(enabled=true)
D/MobileDataStateTracker(  575): default: setPolicyDataEnable(enabled=true)
D/MobileDataStateTracker(  575): default: setPolicyDataEnable(enabled=true)
D/MobileDataStateTracker(  575): default: setPolicyDataEnable(enabled=true)
D/MobileDataStateTracker(  575): default: setPolicyDataEnable(enabled=true)
D/MobileDataStateTracker(  575): default: setPolicyDataEnable(enabled=true)
D/MobileDataStateTracker(  575): default: setPolicyDataEnable(enabled=true)
D/MobileDataStateTracker(  575): default: setPolicyDataEnable(enabled=true)
D/MobileDataStateTracker(  575): default: setPolicyDataEnable(enabled=true)
D/MobileDataStateTracker(  575): default: setPolicyDataEnable(enabled=true)
D/MobileDataStateTracker(  575): default: setPolicyDataEnable(enabled=true)
D/MobileDataStateTracker(  575): default: setPolicyDataEnable(enabled=true)
D/MobileDataStateTracker(  575): default: setPolicyDataEnable(enabled=true)
D/MobileDataStateTracker(  575): default: setPolicyDataEnable(enabled=true)
D/MobileDataStateTracker(  575): default: setPolicyDataEnable(enabled=true)
D/MobileDataStateTracker(  575): default: setPolicyDataEnable(enabled=true)
D/MobileDataStateTracker(  575): default: setPolicyDataEnable(enabled=true)
D/MobileDataStateTracker(  575): default: setPolicyDataEnable(enabled=true)
D/MobileDataStateTracker(  575): default: setPolicyDataEnable(enabled=true)
D/MobileDataStateTracker(  575): default: setPolicyDataEnable(enabled=true)
I/ActivityManager(  575): START u0 {act=android.intent.action.MAIN cat=[android.intent.category.HOME] flg=0x10200000 cmp=com.android.launcher/com.android.launcher2.Launcher} from pid 575
W/genymotion_audio(  249): out_write() limiting sleep time 116462 to 39909
W/genymotion_audio(  249): out_write() limiting sleep time 83650 to 39909
D/MobileDataStateTracker(  575): default: setPolicyDataEnable(enabled=true)
W/genymotion_audio(  249): out_write() limiting sleep time 59160 to 39909
W/genymotion_audio(  249): out_write() limiting sleep time 54103 to 39909
D/MobileDataStateTracker(  575): default: setPolicyDataEnable(enabled=true)
I/ActivityManager(  575): START u0 {act=android.intent.action.MAIN cat=[android.intent.category.LAUNCHER] flg=0x10200000 cmp=com.cyanogenmod.filemanager/.activities.NavigationActivity} from pid 760
W/genymotion_audio(  249): out_write() limiting sleep time 116462 to 39909
W/genymotion_audio(  249): out_write() limiting sleep time 84376 to 39909
W/genymotion_audio(  249): out_write() limiting sleep time 60612 to 39909
W/genymotion_audio(  249): out_write() limiting sleep time 54466 to 39909
D/MobileDataStateTracker(  575): default: setPolicyDataEnable(enabled=true)
D/MobileDataStateTracker(  575): default: setPolicyDataEnable(enabled=true)
D/MobileDataStateTracker(  575): default: setPolicyDataEnable(enabled=true)
D/MobileDataStateTracker(  575): default: setPolicyDataEnable(enabled=true)
D/MobileDataStateTracker(  575): default: setPolicyDataEnable(enabled=true)
W/genymotion_audio(  249): out_write() limiting sleep time 116462 to 39909
W/genymotion_audio(  249): out_write() limiting sleep time 83106 to 39909
W/genymotion_audio(  249): out_write() limiting sleep time 60068 to 39909
W/genymotion_audio(  249): out_write() limiting sleep time 55192 to 39909
D/MobileDataStateTracker(  575): default: setPolicyDataEnable(enabled=true)
W/genymotion_audio(  249): out_write() limiting sleep time 116462 to 39909
W/genymotion_audio(  249): out_write() limiting sleep time 76213 to 39909
W/genymotion_audio(  249): out_write() limiting sleep time 53537 to 39909
D/MobileDataStateTracker(  575): default: setPolicyDataEnable(enabled=true)
D/MobileDataStateTracker(  575): default: setPolicyDataEnable(enabled=true)
W/genymotion_audio(  249): out_write() limiting sleep time 116462 to 39909
W/genymotion_audio(  249): out_write() limiting sleep time 83650 to 39909
I/ActivityManager(  575): START u0 {act=com.android.systemui.recent.action.TOGGLE_RECENTS flg=0x10800000 cmp=com.android.systemui/.recent.RecentsActivity (has extras)} from pid 640
W/genymotion_audio(  249): out_write() limiting sleep time 58616 to 39909
D/MobileDataStateTracker(  575): default: setPolicyDataEnable(enabled=true)
W/genymotion_audio(  249): out_write() limiting sleep time 40294 to 39909
D/MobileDataStateTracker(  575): default: setPolicyDataEnable(enabled=true)
D/MobileDataStateTracker(  575): default: setPolicyDataEnable(enabled=true)
I/ActivityManager(  575): Killing 791:android.process.acore/u0a2 (adj 15): empty #17
I/ActivityManager(  575): Killing 1291:com.cyanogenmod.filemanager/u0a19 (adj 9): remove task
I/WindowState(  575): WIN DEATH: Window{52972514 u0 com.cyanogenmod.filemanager/com.cyanogenmod.filemanager.activities.NavigationActivity}
D/MobileDataStateTracker(  575): default: setPolicyDataEnable(enabled=true)
I/ActivityManager(  575): Killing 1651:com.android.browser/u0a18 (adj 9): remove task
I/WindowState(  575): WIN DEATH: Window{529a88fc u0 com.android.browser/com.android.browser.BrowserActivity}
I/ActivityManager(  575): Start proc com.android.defcontainer for service com.android.defcontainer/.DefaultContainerService: pid=2803 uid=10003 gids={50003, 1028, 1015, 1023, 2001, 1035}
W/ActivityManager(  575): No content provider found for permission revoke: file:///data/local/tmp/Zip Viewer.apk
W/ActivityManager(  575): No content provider found for permission revoke: file:///data/local/tmp/Zip Viewer.apk
I/PackageManager(  575): Copying native libraries to /data/app-lib/vmdl-855429085
I/PackageParser(  575): com.hcode.zippo: compat added android.permission.WRITE_EXTERNAL_STORAGE android.permission.READ_PHONE_STATE
I/ActivityManager(  575): Force stopping com.hcode.zippo appid=10058 user=-1: update pkg
I/PackageManager(  575): Adding preferred activity ComponentInfo{com.android.mms/com.android.mms.ui.ComposeMessageActivity} for user 0 :
I/ActivityManager(  575): Start proc android.process.acore for broadcast com.android.providers.contacts/.PackageIntentReceiver: pid=2818 uid=10002 gids={50002, 3003, 1028, 1015}
D/BackupManagerService(  575): Received broadcast Intent { act=android.intent.action.PACKAGE_ADDED dat=package:com.hcode.zippo flg=0x4000010 (has extras) }
V/BackupManagerService(  575): addPackageParticipantsLocked: #1
I/PackageManager(  575): Adding preferred activity ComponentInfo{com.android.mms/com.android.mms.ui.ComposeMessageActivity} for user 0 :
I/PackageManager(  575): Adding preferred activity ComponentInfo{com.android.mms/com.android.mms.ui.ComposeMessageActivity} for user 0 :
I/PackageManager(  575): Adding preferred activity ComponentInfo{com.android.mms/com.android.mms.ui.ComposeMessageActivity} for user 0 :
I/PackageManager(  575): Adding preferred activity ComponentInfo{com.android.mms/com.android.mms.ui.ComposeMessageActivity} for user 0 :
I/PackageManager(  575): Adding preferred activity ComponentInfo{com.android.mms/com.android.mms.ui.ComposeMessageActivity} for user 0 :
I/PackageManager(  575): Adding preferred activity ComponentInfo{com.android.mms/com.android.mms.ui.ComposeMessageActivity} for user 0 :
I/PackageManager(  575): Adding preferred activity ComponentInfo{com.android.mms/com.android.mms.ui.ComposeMessageActivity} for user 0 :
W/RecognitionManagerService(  575): no available voice recognition services found for user 0
I/ActivityManager(  575): Start proc com.android.gallery3d for broadcast com.android.gallery3d/.app.PackagesMonitor: pid=2836 uid=10032 gids={50032, 3003, 1028, 1015}
I/ActivityManager(  575): Start proc com.svox.pico for broadcast com.svox.pico/.VoiceDataInstallerReceiver: pid=2851 uid=10047 gids={50047, 1028, 1015}
I/ActivityManager(  575): Killing 1055:com.android.dialer/u0a4 (adj 15): empty #17
I/ActivityManager(  575): Killing 1150:com.android.onetimeinitializer/u0a11 (adj 15): empty #17
I/ActivityManager(  575): START u0 {flg=0x10000000 cmp=com.hcode.zippo/.ZippoExplorerActivity} from pid 2868
I/ActivityManager(  575): Start proc com.hcode.zippo for activity com.hcode.zippo/.ZippoExplorerActivity: pid=2880 uid=10058 gids={50058, 1028, 1015}
D/MobileDataStateTracker(  575): default: setPolicyDataEnable(enabled=true)
D/MobileDataStateTracker(  575): default: setPolicyDataEnable(enabled=true)
D/MobileDataStateTracker(  575): default: setPolicyDataEnable(enabled=true)
D/MobileDataStateTracker(  575): default: setPolicyDataEnable(enabled=true)
D/MobileDataStateTracker(  575): default: setPolicyDataEnable(enabled=true)
D/MobileDataStateTracker(  575): default: setPolicyDataEnable(enabled=true)
D/MobileDataStateTracker(  575): default: setPolicyDataEnable(enabled=true)
D/MobileDataStateTracker(  575): default: setPolicyDataEnable(enabled=true)
D/MobileDataStateTracker(  575): default: setPolicyDataEnable(enabled=true)
D/MobileDataStateTracker(  575): default: setPolicyDataEnable(enabled=true)
D/MobileDataStateTracker(  575): default: setPolicyDataEnable(enabled=true)
D/MobileDataStateTracker(  575): default: setPolicyDataEnable(enabled=true)
D/MobileDataStateTracker(  575): default: setPolicyDataEnable(enabled=true)
W/genymotion_audio(  249): out_write() limiting sleep time 116462 to 39909
W/genymotion_audio(  249): out_write() limiting sleep time 78934 to 39909
D/MobileDataStateTracker(  575): default: setPolicyDataEnable(enabled=true)
W/genymotion_audio(  249): out_write() limiting sleep time 57891 to 39909
D/MobileDataStateTracker(  575): default: setPolicyDataEnable(enabled=true)
I/ActivityManager(  575): START u0 {act=android.intent.action.VIEW dat=file:///sdcard/Download/gapps-kk-20140105-signed.zip typ=application/zip cmp=com.hcode.zippo/.ZippoViewerActivity} from pid 2880
D/MobileDataStateTracker(  575): default: setPolicyDataEnable(enabled=true)
D/MobileDataStateTracker(  575): default: setPolicyDataEnable(enabled=true)
D/MobileDataStateTracker(  575): default: setPolicyDataEnable(enabled=true)
D/MobileDataStateTracker(  575): default: setPolicyDataEnable(enabled=true)
D/MobileDataStateTracker(  575): default: setPolicyDataEnable(enabled=true)
D/MobileDataStateTracker(  575): default: setPolicyDataEnable(enabled=true)
D/MobileDataStateTracker(  575): default: setPolicyDataEnable(enabled=true)
D/MobileDataStateTracker(  575): default: setPolicyDataEnable(enabled=true)
D/MobileDataStateTracker(  575): default: setPolicyDataEnable(enabled=true)
D/MobileDataStateTracker(  575): default: setPolicyDataEnable(enabled=true)
D/MobileDataStateTracker(  575): default: setPolicyDataEnable(enabled=true)
D/MobileDataStateTracker(  575): default: setPolicyDataEnable(enabled=true)
D/MobileDataStateTracker(  575): default: setPolicyDataEnable(enabled=true)
D/MobileDataStateTracker(  575): default: setPolicyDataEnable(enabled=true)
I/ActivityManager(  575): Killing 1221:com.android.exchange/u0a30 (adj 15): empty #17
D/MobileDataStateTracker(  575): default: setPolicyDataEnable(enabled=true)
I/PackageManager(  575): Adding preferred activity ComponentInfo{com.android.mms/com.android.mms.ui.ComposeMessageActivity} for user 0 :
I/PackageManager(  575): Adding preferred activity ComponentInfo{com.android.mms/com.android.mms.ui.ComposeMessageActivity} for user 0 :
I/PackageManager(  575): Adding preferred activity ComponentInfo{com.android.mms/com.android.mms.ui.ComposeMessageActivity} for user 0 :
I/PackageManager(  575): Adding preferred activity ComponentInfo{com.android.mms/com.android.mms.ui.ComposeMessageActivity} for user 0 :
I/PackageManager(  575): Adding preferred activity ComponentInfo{com.android.mms/com.android.mms.ui.ComposeMessageActivity} for user 0 :
I/PackageManager(  575): Adding preferred activity ComponentInfo{com.android.mms/com.android.mms.ui.ComposeMessageActivity} for user 0 :
I/PackageManager(  575): Adding preferred activity ComponentInfo{com.android.mms/com.android.mms.ui.ComposeMessageActivity} for user 0 :
I/PackageManager(  575): Adding preferred activity ComponentInfo{com.android.mms/com.android.mms.ui.ComposeMessageActivity} for user 0 :
D/MobileDataStateTracker(  575): default: setPolicyDataEnable(enabled=true)
D/MobileDataStateTracker(  575): default: setPolicyDataEnable(enabled=true)
D/MobileDataStateTracker(  575): default: setPolicyDataEnable(enabled=true)
D/MobileDataStateTracker(  575): default: setPolicyDataEnable(enabled=true)
D/MobileDataStateTracker(  575): default: setPolicyDataEnable(enabled=true)
D/MobileDataStateTracker(  575): default: setPolicyDataEnable(enabled=true)
D/MobileDataStateTracker(  575): default: setPolicyDataEnable(enabled=true)
D/MobileDataStateTracker(  575): default: setPolicyDataEnable(enabled=true)
D/MobileDataStateTracker(  575): default: setPolicyDataEnable(enabled=true)
D/MobileDataStateTracker(  575): default: setPolicyDataEnable(enabled=true)
D/MobileDataStateTracker(  575): default: setPolicyDataEnable(enabled=true)
D/MobileDataStateTracker(  575): default: setPolicyDataEnable(enabled=true)
D/MobileDataStateTracker(  575): default: setPolicyDataEnable(enabled=true)
D/MobileDataStateTracker(  575): default: setPolicyDataEnable(enabled=true)
D/MobileDataStateTracker(  575): default: setPolicyDataEnable(enabled=true)
D/MobileDataStateTracker(  575): default: setPolicyDataEnable(enabled=true)
D/MobileDataStateTracker(  575): default: setPolicyDataEnable(enabled=true)
D/MobileDataStateTracker(  575): default: setPolicyDataEnable(enabled=true)
D/MobileDataStateTracker(  575): default: setPolicyDataEnable(enabled=true)
D/MobileDataStateTracker(  575): default: setPolicyDataEnable(enabled=true)
D/MobileDataStateTracker(  575): default: setPolicyDataEnable(enabled=true)
D/MobileDataStateTracker(  575): default: setPolicyDataEnable(enabled=true)
D/MobileDataStateTracker(  575): default: setPolicyDataEnable(enabled=true)
D/MobileDataStateTracker(  575): default: setPolicyDataEnable(enabled=true)
D/MobileDataStateTracker(  575): default: setPolicyDataEnable(enabled=true)
D/MobileDataStateTracker(  575): default: setPolicyDataEnable(enabled=true)
D/MobileDataStateTracker(  575): default: setPolicyDataEnable(enabled=true)
D/MobileDataStateTracker(  575): default: setPolicyDataEnable(enabled=true)
D/MobileDataStateTracker(  575): default: setPolicyDataEnable(enabled=true)
D/MobileDataStateTracker(  575): default: setPolicyDataEnable(enabled=true)
D/MobileDataStateTracker(  575): default: setPolicyDataEnable(enabled=true)
D/MobileDataStateTracker(  575): default: setPolicyDataEnable(enabled=true)
D/MobileDataStateTracker(  575): default: setPolicyDataEnable(enabled=true)
D/MobileDataStateTracker(  575): default: setPolicyDataEnable(enabled=true)
D/MobileDataStateTracker(  575): default: setPolicyDataEnable(enabled=true)
D/MobileDataStateTracker(  575): default: setPolicyDataEnable(enabled=true)
D/MobileDataStateTracker(  575): default: setPolicyDataEnable(enabled=true)
D/MobileDataStateTracker(  575): default: setPolicyDataEnable(enabled=true)
D/MobileDataStateTracker(  575): default: setPolicyDataEnable(enabled=true)
D/MobileDataStateTracker(  575): default: setPolicyDataEnable(enabled=true)
D/MobileDataStateTracker(  575): default: setPolicyDataEnable(enabled=true)
D/MobileDataStateTracker(  575): default: setPolicyDataEnable(enabled=true)
D/MobileDataStateTracker(  575): default: setPolicyDataEnable(enabled=true)
D/MobileDataStateTracker(  575): default: setPolicyDataEnable(enabled=true)
D/MobileDataStateTracker(  575): default: setPolicyDataEnable(enabled=true)
