E/AndroidRuntime( 4105): java.lang.RuntimeException: Unable to instantiate activity ComponentInfo{com.android.packageinstaller/com.android.packageinstaller.UninstallerActivity}: java.lang.ClassNotFoundException: Didn't find class "com.android.packageinstaller.UninstallerActivity" on path: DexPathList[[zip file "/system/app/PackageInstaller.apk"],nativeLibraryDirectories=[/system/lib]]
E/AndroidRuntime( 4105): 	at android.app.ActivityThread.performLaunchActivity(ActivityThread.java:2110)
E/AndroidRuntime( 4105): 	at android.app.ActivityThread.handleLaunchActivity(ActivityThread.java:2233)
E/AndroidRuntime( 4105): 	at android.app.ActivityThread.access$800(ActivityThread.java:135)
E/AndroidRuntime( 4105): 	at android.app.ActivityThread$H.handleMessage(ActivityThread.java:1196)
E/AndroidRuntime( 4105): 	at android.os.Handler.dispatchMessage(Handler.java:102)
E/AndroidRuntime( 4105): 	at android.os.Looper.loop(Looper.java:136)
E/AndroidRuntime( 4105): 	at android.app.ActivityThread.main(ActivityThread.java:5001)
E/AndroidRuntime( 4105): 	at java.lang.reflect.Method.invokeNative(Native Method)
E/AndroidRuntime( 4105): 	at java.lang.reflect.Method.invoke(Method.java:515)
E/AndroidRuntime( 4105): 	at com.android.internal.os.ZygoteInit$MethodAndArgsCaller.run(ZygoteInit.java:785)
E/AndroidRuntime( 4105): 	at com.android.internal.os.ZygoteInit.main(ZygoteInit.java:601)
E/AndroidRuntime( 4105): 	at dalvik.system.NativeStart.main(Native Method)
E/AndroidRuntime( 4105): Caused by: java.lang.ClassNotFoundException: Didn't find class "com.android.packageinstaller.UninstallerActivity" on path: DexPathList[[zip file "/system/app/PackageInstaller.apk"],nativeLibraryDirectories=[/system/lib]]
E/AndroidRuntime( 4105): 	at dalvik.system.BaseDexClassLoader.findClass(BaseDexClassLoader.java:56)
E/AndroidRuntime( 4105): 	at java.lang.ClassLoader.loadClass(ClassLoader.java:497)
E/AndroidRuntime( 4105): 	at java.lang.ClassLoader.loadClass(ClassLoader.java:457)
E/AndroidRuntime( 4105): 	at android.app.Instrumentation.newActivity(Instrumentation.java:1061)
E/AndroidRuntime( 4105): 	at android.app.ActivityThread.performLaunchActivity(ActivityThread.java:2101)
E/AndroidRuntime( 4105): 	... 11 more
E/AndroidRuntime( 4105): 	Suppressed: java.io.IOException: unable to open DEX file
E/AndroidRuntime( 4105): 		at dalvik.system.DexFile.openDexFileNative(Native Method)
E/AndroidRuntime( 4105): 		at dalvik.system.DexFile.openDexFile(DexFile.java:296)
E/AndroidRuntime( 4105): 		at dalvik.system.DexFile.<init>(DexFile.java:80)
E/AndroidRuntime( 4105): 		at dalvik.system.DexFile.<init>(DexFile.java:59)
E/AndroidRuntime( 4105): 		at dalvik.system.DexPathList.loadDexFile(DexPathList.java:263)
E/AndroidRuntime( 4105): 		at dalvik.system.DexPathList.makeDexElements(DexPathList.java:230)
E/AndroidRuntime( 4105): 		at dalvik.system.DexPathList.<init>(DexPathList.java:112)
E/AndroidRuntime( 4105): 		at dalvik.system.BaseDexClassLoader.<init>(BaseDexClassLoader.java:48)
E/AndroidRuntime( 4105): 		at dalvik.system.PathClassLoader.<init>(PathClassLoader.java:65)
E/AndroidRuntime( 4105): 		at android.app.ApplicationLoaders.getClassLoader(ApplicationLoaders.java:57)
E/AndroidRuntime( 4105): 		at android.app.LoadedApk.getClassLoader(LoadedApk.java:318)
E/AndroidRuntime( 4105): 		at android.app.LoadedApk.makeApplication(LoadedApk.java:500)
E/AndroidRuntime( 4105): 		at android.app.ActivityThread.handleBindApplication(ActivityThread.java:4301)
E/AndroidRuntime( 4105): 		at android.app.ActivityThread.access$1500(ActivityThread.java:135)
E/AndroidRuntime( 4105): 		at android.app.ActivityThread$H.handleMessage(ActivityThread.java:1256)
E/AndroidRuntime( 4105): 		... 8 more
W/ActivityManager(  575):   Force finishing activity com.android.packageinstaller/.UninstallerActivity
W/ActivityManager(  575):   Force finishing activity com.android.settings/.SubSettings
W/InputMethodManagerService(  575): Window already focused, ignoring focus gain of: com.android.internal.view.IInputMethodClient$Stub$Proxy@529fc0a8 attribute=null, token = android.os.BinderProxy@52916778
D/MobileDataStateTracker(  575): default: setPolicyDataEnable(enabled=true)
W/ActivityManager(  575): Activity pause timeout for ActivityRecord{52a12fd4 u0 com.android.packageinstaller/.UninstallerActivity t11 f}
D/MobileDataStateTracker(  575): default: setPolicyDataEnable(enabled=true)
D/MobileDataStateTracker(  575): default: setPolicyDataEnable(enabled=true)
D/MobileDataStateTracker(  575): default: setPolicyDataEnable(enabled=true)
D/MobileDataStateTracker(  575): default: setPolicyDataEnable(enabled=true)
D/MobileDataStateTracker(  575): default: setPolicyDataEnable(enabled=true)
I/ActivityManager(  575): Process com.android.packageinstaller (pid 4105) has died.
I/ActivityManager(  575): START u0 {act=android.intent.action.MAIN cmp=com.android.settings/.SubSettings (has extras)} from pid 3686
I/ActivityManager(  575): START u0 {act=android.intent.action.UNINSTALL_PACKAGE dat=package:bifuz.com cmp=com.android.packageinstaller/.UninstallerActivity (has extras)} from pid 3686
I/ActivityManager(  575): Start proc com.android.packageinstaller for activity com.android.packageinstaller/.UninstallerActivity: pid=4130 uid=10044 gids={50044, 1028}
E/AndroidRuntime( 4130): FATAL EXCEPTION: main
E/AndroidRuntime( 4130): Process: com.android.packageinstaller, PID: 4130
E/AndroidRuntime( 4130): java.lang.RuntimeException: Unable to instantiate activity ComponentInfo{com.android.packageinstaller/com.android.packageinstaller.UninstallerActivity}: java.lang.ClassNotFoundException: Didn't find class "com.android.packageinstaller.UninstallerActivity" on path: DexPathList[[zip file "/system/app/PackageInstaller.apk"],nativeLibraryDirectories=[/system/lib]]
E/AndroidRuntime( 4130): 	at android.app.ActivityThread.performLaunchActivity(ActivityThread.java:2110)
E/AndroidRuntime( 4130): 	at android.app.ActivityThread.handleLaunchActivity(ActivityThread.java:2233)
E/AndroidRuntime( 4130): 	at android.app.ActivityThread.access$800(ActivityThread.java:135)
E/AndroidRuntime( 4130): 	at android.app.ActivityThread$H.handleMessage(ActivityThread.java:1196)
E/AndroidRuntime( 4130): 	at android.os.Handler.dispatchMessage(Handler.java:102)
E/AndroidRuntime( 4130): 	at android.os.Looper.loop(Looper.java:136)
E/AndroidRuntime( 4130): 	at android.app.ActivityThread.main(ActivityThread.java:5001)
E/AndroidRuntime( 4130): 	at java.lang.reflect.Method.invokeNative(Native Method)
E/AndroidRuntime( 4130): 	at java.lang.reflect.Method.invoke(Method.java:515)
E/AndroidRuntime( 4130): 	at com.android.internal.os.ZygoteInit$MethodAndArgsCaller.run(ZygoteInit.java:785)
E/AndroidRuntime( 4130): 	at com.android.internal.os.ZygoteInit.main(ZygoteInit.java:601)
E/AndroidRuntime( 4130): 	at dalvik.system.NativeStart.main(Native Method)
E/AndroidRuntime( 4130): Caused by: java.lang.ClassNotFoundException: Didn't find class "com.android.packageinstaller.UninstallerActivity" on path: DexPathList[[zip file "/system/app/PackageInstaller.apk"],nativeLibraryDirectories=[/system/lib]]
E/AndroidRuntime( 4130): 	at dalvik.system.BaseDexClassLoader.findClass(BaseDexClassLoader.java:56)
E/AndroidRuntime( 4130): 	at java.lang.ClassLoader.loadClass(ClassLoader.java:497)
E/AndroidRuntime( 4130): 	at java.lang.ClassLoader.loadClass(ClassLoader.java:457)
E/AndroidRuntime( 4130): 	at android.app.Instrumentation.newActivity(Instrumentation.java:1061)
E/AndroidRuntime( 4130): 	at android.app.ActivityThread.performLaunchActivity(ActivityThread.java:2101)
E/AndroidRuntime( 4130): 	... 11 more
E/AndroidRuntime( 4130): 	Suppressed: java.io.IOException: unable to open DEX file
E/AndroidRuntime( 4130): 		at dalvik.system.DexFile.openDexFileNative(Native Method)
E/AndroidRuntime( 4130): 		at dalvik.system.DexFile.openDexFile(DexFile.java:296)
E/AndroidRuntime( 4130): 		at dalvik.system.DexFile.<init>(DexFile.java:80)
E/AndroidRuntime( 4130): 		at dalvik.system.DexFile.<init>(DexFile.java:59)
E/AndroidRuntime( 4130): 		at dalvik.system.DexPathList.loadDexFile(DexPathList.java:263)
E/AndroidRuntime( 4130): 		at dalvik.system.DexPathList.makeDexElements(DexPathList.java:230)
E/AndroidRuntime( 4130): 		at dalvik.system.DexPathList.<init>(DexPathList.java:112)
E/AndroidRuntime( 4130): 		at dalvik.system.BaseDexClassLoader.<init>(BaseDexClassLoader.java:48)
E/AndroidRuntime( 4130): 		at dalvik.system.PathClassLoader.<init>(PathClassLoader.java:65)
E/AndroidRuntime( 4130): 		at android.app.ApplicationLoaders.getClassLoader(ApplicationLoaders.java:57)
E/AndroidRuntime( 4130): 		at android.app.LoadedApk.getClassLoader(LoadedApk.java:318)
E/AndroidRuntime( 4130): 		at android.app.LoadedApk.makeApplication(LoadedApk.java:500)
E/AndroidRuntime( 4130): 		at android.app.ActivityThread.handleBindApplication(ActivityThread.java:4301)
E/AndroidRuntime( 4130): 		at android.app.ActivityThread.access$1500(ActivityThread.java:135)
E/AndroidRuntime( 4130): 		at android.app.ActivityThread$H.handleMessage(ActivityThread.java:1256)
E/AndroidRuntime( 4130): 		... 8 more
W/ActivityManager(  575):   Force finishing activity com.android.packageinstaller/.UninstallerActivity
W/ActivityManager(  575):   Force finishing activity com.android.settings/.SubSettings
W/InputMethodManagerService(  575): Window already focused, ignoring focus gain of: com.android.internal.view.IInputMethodClient$Stub$Proxy@529a6148 attribute=null, token = android.os.BinderProxy@529b80d8
D/MobileDataStateTracker(  575): default: setPolicyDataEnable(enabled=true)
W/ActivityManager(  575): Activity pause timeout for ActivityRecord{52a12dc4 u0 com.android.packageinstaller/.UninstallerActivity t11 f}
D/MobileDataStateTracker(  575): default: setPolicyDataEnable(enabled=true)
D/MobileDataStateTracker(  575): default: setPolicyDataEnable(enabled=true)
D/MobileDataStateTracker(  575): default: setPolicyDataEnable(enabled=true)
D/MobileDataStateTracker(  575): default: setPolicyDataEnable(enabled=true)
D/MobileDataStateTracker(  575): default: setPolicyDataEnable(enabled=true)
I/ActivityManager(  575): Process com.android.packageinstaller (pid 4130) has died.
I/ActivityManager(  575): START u0 {act=android.intent.action.MAIN cmp=com.android.settings/.SubSettings (has extras)} from pid 3686
W/genymotion_audio(  249): out_write() limiting sleep time 116462 to 39909
W/genymotion_audio(  249): out_write() limiting sleep time 78208 to 39909
W/genymotion_audio(  249): out_write() limiting sleep time 62063 to 39909
W/genymotion_audio(  249): out_write() limiting sleep time 56099 to 39909
W/genymotion_audio(  249): out_write() limiting sleep time 116462 to 39909
W/genymotion_audio(  249): out_write() limiting sleep time 78571 to 39909
W/genymotion_audio(  249): out_write() limiting sleep time 60975 to 39909
W/genymotion_audio(  249): out_write() limiting sleep time 54648 to 39909
W/genymotion_audio(  249): out_write() limiting sleep time 116462 to 39909
W/genymotion_audio(  249): out_write() limiting sleep time 78208 to 39909
W/genymotion_audio(  249): out_write() limiting sleep time 57346 to 39909
W/genymotion_audio(  249): out_write() limiting sleep time 41746 to 39909
V/DeadZone(  640): consuming errant click: (373.51364,7.0319824)
I/ActivityManager(  575): START u0 {act=android.intent.action.MAIN cat=[android.intent.category.HOME] flg=0x10200000 cmp=com.android.launcher/com.android.launcher2.Launcher} from pid 575
W/genymotion_audio(  249): out_write() limiting sleep time 116462 to 39909
W/genymotion_audio(  249): out_write() limiting sleep time 77664 to 39909
D/MobileDataStateTracker(  575): default: setPolicyDataEnable(enabled=true)
W/genymotion_audio(  249): out_write() limiting sleep time 58979 to 39909
W/genymotion_audio(  249): out_write() limiting sleep time 42471 to 39909
W/InputMethodManagerService(  575): Starting input on non-focused client com.android.internal.view.IInputMethodClient$Stub$Proxy@52938574 (uid=1000 pid=3686)
D/MobileDataStateTracker(  575): default: setPolicyDataEnable(enabled=true)
D/MobileDataStateTracker(  575): default: setPolicyDataEnable(enabled=true)
I/ActivityManager(  575): START u0 {act=android.intent.action.MAIN cat=[android.intent.category.LAUNCHER] flg=0x10200000 cmp=org.test.bifuz/org.renpy.android.PythonActivity} from pid 760
D/MobileDataStateTracker(  575): default: setPolicyDataEnable(enabled=true)
I/ActivityManager(  575): Start proc org.test.bifuz:python for activity org.test.bifuz/org.renpy.android.PythonActivity: pid=4164 uid=10059 gids={50059, 1028, 1015}
D/MobileDataStateTracker(  575): default: setPolicyDataEnable(enabled=true)
E/AndroidRuntime( 4164): FATAL EXCEPTION: main
E/AndroidRuntime( 4164): Process: org.test.bifuz:python, PID: 4164
E/AndroidRuntime( 4164): java.lang.RuntimeException: Unable to instantiate activity ComponentInfo{org.test.bifuz/org.renpy.android.PythonActivity}: java.lang.ClassNotFoundException: Didn't find class "org.renpy.android.PythonActivity" on path: DexPathList[[zip file "/data/app/org.test.bifuz-2.apk"],nativeLibraryDirectories=[/data/app-lib/org.test.bifuz-2, /system/lib]]
E/AndroidRuntime( 4164): 	at android.app.ActivityThread.performLaunchActivity(ActivityThread.java:2110)
E/AndroidRuntime( 4164): 	at android.app.ActivityThread.handleLaunchActivity(ActivityThread.java:2233)
E/AndroidRuntime( 4164): 	at android.app.ActivityThread.access$800(ActivityThread.java:135)
E/AndroidRuntime( 4164): 	at android.app.ActivityThread$H.handleMessage(ActivityThread.java:1196)
E/AndroidRuntime( 4164): 	at android.os.Handler.dispatchMessage(Handler.java:102)
E/AndroidRuntime( 4164): 	at android.os.Looper.loop(Looper.java:136)
E/AndroidRuntime( 4164): 	at android.app.ActivityThread.main(ActivityThread.java:5001)
E/AndroidRuntime( 4164): 	at java.lang.reflect.Method.invokeNative(Native Method)
E/AndroidRuntime( 4164): 	at java.lang.reflect.Method.invoke(Method.java:515)
E/AndroidRuntime( 4164): 	at com.android.internal.os.ZygoteInit$MethodAndArgsCaller.run(ZygoteInit.java:785)
E/AndroidRuntime( 4164): 	at com.android.internal.os.ZygoteInit.main(ZygoteInit.java:601)
E/AndroidRuntime( 4164): 	at dalvik.system.NativeStart.main(Native Method)
E/AndroidRuntime( 4164): Caused by: java.lang.ClassNotFoundException: Didn't find class "org.renpy.android.PythonActivity" on path: DexPathList[[zip file "/data/app/org.test.bifuz-2.apk"],nativeLibraryDirectories=[/data/app-lib/org.test.bifuz-2, /system/lib]]
E/AndroidRuntime( 4164): 	at dalvik.system.BaseDexClassLoader.findClass(BaseDexClassLoader.java:56)
E/AndroidRuntime( 4164): 	at java.lang.ClassLoader.loadClass(ClassLoader.java:497)
E/AndroidRuntime( 4164): 	at java.lang.ClassLoader.loadClass(ClassLoader.java:457)
E/AndroidRuntime( 4164): 	at android.app.Instrumentation.newActivity(Instrumentation.java:1061)
E/AndroidRuntime( 4164): 	at android.app.ActivityThread.performLaunchActivity(ActivityThread.java:2101)
E/AndroidRuntime( 4164): 	... 11 more
E/AndroidRuntime( 4164): 	Suppressed: java.io.IOException: unable to open DEX file
E/AndroidRuntime( 4164): 		at dalvik.system.DexFile.openDexFileNative(Native Method)
E/AndroidRuntime( 4164): 		at dalvik.system.DexFile.openDexFile(DexFile.java:296)
E/AndroidRuntime( 4164): 		at dalvik.system.DexFile.<init>(DexFile.java:80)
E/AndroidRuntime( 4164): 		at dalvik.system.DexFile.<init>(DexFile.java:59)
E/AndroidRuntime( 4164): 		at dalvik.system.DexPathList.loadDexFile(DexPathList.java:263)
E/AndroidRuntime( 4164): 		at dalvik.system.DexPathList.makeDexElements(DexPathList.java:230)
E/AndroidRuntime( 4164): 		at dalvik.system.DexPathList.<init>(DexPathList.java:112)
E/AndroidRuntime( 4164): 		at dalvik.system.BaseDexClassLoader.<init>(BaseDexClassLoader.java:48)
E/AndroidRuntime( 4164): 		at dalvik.system.PathClassLoader.<init>(PathClassLoader.java:65)
E/AndroidRuntime( 4164): 		at android.app.ApplicationLoaders.getClassLoader(ApplicationLoaders.java:57)
E/AndroidRuntime( 4164): 		at android.app.LoadedApk.getClassLoader(LoadedApk.java:318)
E/AndroidRuntime( 4164): 		at android.app.LoadedApk.makeApplication(LoadedApk.java:500)
E/AndroidRuntime( 4164): 		at android.app.ActivityThread.handleBindApplication(ActivityThread.java:4301)
E/AndroidRuntime( 4164): 		at android.app.ActivityThread.access$1500(ActivityThread.java:135)
E/AndroidRuntime( 4164): 		at android.app.ActivityThread$H.handleMessage(ActivityThread.java:1256)
E/AndroidRuntime( 4164): 		... 8 more
W/ActivityManager(  575):   Force finishing activity org.test.bifuz/org.renpy.android.PythonActivity
D/MobileDataStateTracker(  575): default: setPolicyDataEnable(enabled=true)
W/ActivityManager(  575): Activity pause timeout for ActivityRecord{52904800 u0 org.test.bifuz/org.renpy.android.PythonActivity t18 f}
D/MobileDataStateTracker(  575): default: setPolicyDataEnable(enabled=true)
D/MobileDataStateTracker(  575): default: setPolicyDataEnable(enabled=true)
D/MobileDataStateTracker(  575): default: setPolicyDataEnable(enabled=true)
D/MobileDataStateTracker(  575): default: setPolicyDataEnable(enabled=true)
I/ActivityManager(  575): Process org.test.bifuz:python (pid 4164) has died.
W/InputMethodManagerService(  575): Window already focused, ignoring focus gain of: com.android.internal.view.IInputMethodClient$Stub$Proxy@52964f0c attribute=null, token = android.os.BinderProxy@5298ece4
D/MobileDataStateTracker(  575): default: setPolicyDataEnable(enabled=true)
D/ConnectivityService(  575): Sampling interval elapsed, updating statistics ..
D/ConnectivityService(  575): Done.
D/ConnectivityService(  575): Setting timer for 720seconds
I/ActivityManager(  575): Force stopping org.test.bifuz appid=10059 user=-1: uninstall pkg
I/PackageManager(  575): Uninstall package with second ABI Library
I/PackageManager(  575): Data written into /data/data/.appwithABI2
I/ActivityManager(  575): Force stopping org.test.bifuz appid=10059 user=0: pkg removed
I/PackageManager(  575): Adding preferred activity ComponentInfo{com.android.mms/com.android.mms.ui.ComposeMessageActivity} for user 0 :
I/PackageManager(  575): Adding preferred activity ComponentInfo{com.android.mms/com.android.mms.ui.ComposeMessageActivity} for user 0 :
I/PackageManager(  575): Adding preferred activity ComponentInfo{com.android.mms/com.android.mms.ui.ComposeMessageActivity} for user 0 :
I/PackageManager(  575): Adding preferred activity ComponentInfo{com.android.mms/com.android.mms.ui.ComposeMessageActivity} for user 0 :
I/PackageManager(  575): Adding preferred activity ComponentInfo{com.android.mms/com.android.mms.ui.ComposeMessageActivity} for user 0 :
I/ActivityManager(  575): Delay finish: com.android.gallery3d/.app.PackagesMonitor
I/ActivityManager(  575): Resuming delayed broadcast
D/BackupManagerService(  575): Received broadcast Intent { act=android.intent.action.PACKAGE_REMOVED dat=package:org.test.bifuz flg=0x4000010 (has extras) }
V/BackupManagerService(  575): removePackageParticipantsLocked: uid=10059 #1
W/ContextImpl( 3434): Calling a method in the system process without a qualified user: android.app.ContextImpl.startService:1495 android.content.ContextWrapper.startService:494 android.content.ContextWrapper.startService:494 com.android.keychain.KeyChainBroadcastReceiver.onReceive:12 android.app.ActivityThread.handleReceiver:2407 
I/PackageManager(  575): Adding preferred activity ComponentInfo{com.android.mms/com.android.mms.ui.ComposeMessageActivity} for user 0 :
I/PackageManager(  575): Adding preferred activity ComponentInfo{com.android.mms/com.android.mms.ui.ComposeMessageActivity} for user 0 :
I/PackageManager(  575): Adding preferred activity ComponentInfo{com.android.mms/com.android.mms.ui.ComposeMessageActivity} for user 0 :
W/PackageManager(  575): Couldn't remove dex file for package:  at location /data/app/org.test.bifuz-2.apk, retcode=-1
D/MobileDataStateTracker(  575): default: setPolicyDataEnable(enabled=true)
D/MobileDataStateTracker(  575): default: setPolicyDataEnable(enabled=true)
D/MobileDataStateTracker(  575): default: setPolicyDataEnable(enabled=true)
W/ActivityManager(  575): No content provider found for permission revoke: file:///data/local/tmp/Bifuz-1.0.0-debug.apk
W/ActivityManager(  575): No content provider found for permission revoke: file:///data/local/tmp/Bifuz-1.0.0-debug.apk
I/PackageManager(  575): Copying native libraries to /data/app-lib/vmdl-1003895443
I/PackageManager(  575): Package org.test.bifuz codePath changed from /data/app/org.test.bifuz-2.apk to /data/app/org.test.bifuz-1.apk; Retaining data and using new
I/PackageManager(  575): Package installed with second ABI Library: 10059org.test.bifuz
I/PackageManager(  575): Data written:10059
I/PackageManager(  575): Data written into /data/data/.appwithABI2
W/PackageManager(  575): Code path for pkg : org.test.bifuz changing from /data/app/org.test.bifuz-2.apk to /data/app/org.test.bifuz-1.apk
W/PackageManager(  575): Resource path for pkg : org.test.bifuz changing from /data/app/org.test.bifuz-2.apk to /data/app/org.test.bifuz-1.apk
I/ActivityManager(  575): Force stopping org.test.bifuz appid=10059 user=-1: update pkg
I/PackageManager(  575): Adding preferred activity ComponentInfo{com.android.mms/com.android.mms.ui.ComposeMessageActivity} for user 0 :
D/BackupManagerService(  575): Received broadcast Intent { act=android.intent.action.PACKAGE_ADDED dat=package:org.test.bifuz flg=0x4000010 (has extras) }
I/PackageManager(  575): Adding preferred activity ComponentInfo{com.android.mms/com.android.mms.ui.ComposeMessageActivity} for user 0 :
V/BackupManagerService(  575): addPackageParticipantsLocked: #1
I/PackageManager(  575): Adding preferred activity ComponentInfo{com.android.mms/com.android.mms.ui.ComposeMessageActivity} for user 0 :
I/PackageManager(  575): Adding preferred activity ComponentInfo{com.android.mms/com.android.mms.ui.ComposeMessageActivity} for user 0 :
I/PackageManager(  575): Adding preferred activity ComponentInfo{com.android.mms/com.android.mms.ui.ComposeMessageActivity} for user 0 :
I/PackageManager(  575): Adding preferred activity ComponentInfo{com.android.mms/com.android.mms.ui.ComposeMessageActivity} for user 0 :
I/PackageManager(  575): Adding preferred activity ComponentInfo{com.android.mms/com.android.mms.ui.ComposeMessageActivity} for user 0 :
I/PackageManager(  575): Adding preferred activity ComponentInfo{com.android.mms/com.android.mms.ui.ComposeMessageActivity} for user 0 :
W/RecognitionManagerService(  575): no available voice recognition services found for user 0
I/ActivityManager(  575): START u0 {flg=0x10000000 cmp=org.test.bifuz/org.renpy.android.PythonActivity} from pid 4231
I/ActivityManager(  575): Start proc org.test.bifuz:python for activity org.test.bifuz/org.renpy.android.PythonActivity: pid=4243 uid=10059 gids={50059, 1028, 1015}
D/MobileDataStateTracker(  575): default: setPolicyDataEnable(enabled=true)
D/MobileDataStateTracker(  575): default: setPolicyDataEnable(enabled=true)
D/MobileDataStateTracker(  575): default: setPolicyDataEnable(enabled=true)
D/MobileDataStateTracker(  575): default: setPolicyDataEnable(enabled=true)
W/ActivityManager(  575):   Force finishing activity org.test.bifuz/org.renpy.android.PythonActivity
I/WindowState(  575): WIN DEATH: Window{529e0f78 u0 org.test.bifuz/org.renpy.android.PythonActivity}
W/WindowManager(  575): Force-removing child win Window{529b69b8 u0 SurfaceView} from container Window{529e0f78 u0 org.test.bifuz/org.renpy.android.PythonActivity}
W/WindowManager(  575): Failed looking up window
W/WindowManager(  575): java.lang.IllegalArgumentException: Requested window android.os.BinderProxy@52a1e9b4 does not exist
W/WindowManager(  575): 	at com.android.server.wm.WindowManagerService.windowForClientLocked(WindowManagerService.java:7939)
W/WindowManager(  575): 	at com.android.server.wm.WindowManagerService.windowForClientLocked(WindowManagerService.java:7930)
W/WindowManager(  575): 	at com.android.server.wm.WindowState$DeathRecipient.binderDied(WindowState.java:1047)
W/WindowManager(  575): 	at android.os.BinderProxy.sendDeathNotice(Binder.java:493)
W/WindowManager(  575): 	at dalvik.system.NativeStart.run(Native Method)
I/WindowState(  575): WIN DEATH: null
W/ActivityManager(  575): Exception thrown during pause
W/ActivityManager(  575): android.os.DeadObjectException
W/ActivityManager(  575): 	at android.os.BinderProxy.transact(Native Method)
W/ActivityManager(  575): 	at android.app.ApplicationThreadProxy.schedulePauseActivity(ApplicationThreadNative.java:660)
W/ActivityManager(  575): 	at com.android.server.am.ActivityStack.startPausingLocked(ActivityStack.java:761)
W/ActivityManager(  575): 	at com.android.server.am.ActivityStack.finishActivityLocked(ActivityStack.java:2443)
W/ActivityManager(  575): 	at com.android.server.am.ActivityStack.finishTopRunningActivityLocked(ActivityStack.java:2320)
W/ActivityManager(  575): 	at com.android.server.am.ActivityStackSupervisor.finishTopRunningActivityLocked(ActivityStackSupervisor.java:2050)
W/ActivityManager(  575): 	at com.android.server.am.ActivityManagerService.handleAppCrashLocked(ActivityManagerService.java:9548)
W/ActivityManager(  575): 	at com.android.server.am.ActivityManagerService.makeAppCrashingLocked(ActivityManagerService.java:9441)
W/ActivityManager(  575): 	at com.android.server.am.ActivityManagerService.crashApplication(ActivityManagerService.java:10086)
W/ActivityManager(  575): 	at com.android.server.am.ActivityManagerService.handleApplicationCrashInner(ActivityManagerService.java:9637)
W/ActivityManager(  575): 	at com.android.server.am.NativeCrashListener$NativeCrashReporter.run(NativeCrashListener.java:86)
I/ActivityManager(  575): Process org.test.bifuz:python (pid 4243) has died.
D/MobileDataStateTracker(  575): default: setPolicyDataEnable(enabled=true)
D/MobileDataStateTracker(  575): default: setPolicyDataEnable(enabled=true)
D/MobileDataStateTracker(  575): default: setPolicyDataEnable(enabled=true)
W/InputMethodManagerService(  575): Got RemoteException sending setActive(false) notification to pid 4243 uid 10059
I/ActivityManager(  575): START u0 {act=android.intent.action.MAIN cat=[android.intent.category.LAUNCHER] flg=0x10200000 cmp=org.test.bifuz/org.renpy.android.PythonActivity} from pid 760
I/ActivityManager(  575): Start proc org.test.bifuz:python for activity org.test.bifuz/org.renpy.android.PythonActivity: pid=4273 uid=10059 gids={50059, 1028, 1015}
D/MobileDataStateTracker(  575): default: setPolicyDataEnable(enabled=true)
D/MobileDataStateTracker(  575): default: setPolicyDataEnable(enabled=true)
D/MobileDataStateTracker(  575): default: setPolicyDataEnable(enabled=true)
D/MobileDataStateTracker(  575): default: setPolicyDataEnable(enabled=true)
W/ActivityManager(  575):   Force finishing activity org.test.bifuz/org.renpy.android.PythonActivity
I/WindowState(  575): WIN DEATH: Window{529be974 u0 org.test.bifuz/org.renpy.android.PythonActivity}
I/WindowState(  575): WIN DEATH: Window{52978e04 u0 SurfaceView}
W/ActivityManager(  575): Exception thrown during pause
W/ActivityManager(  575): android.os.DeadObjectException
W/ActivityManager(  575): 	at android.os.BinderProxy.transact(Native Method)
W/ActivityManager(  575): 	at android.app.ApplicationThreadProxy.schedulePauseActivity(ApplicationThreadNative.java:660)
W/ActivityManager(  575): 	at com.android.server.am.ActivityStack.startPausingLocked(ActivityStack.java:761)
W/ActivityManager(  575): 	at com.android.server.am.ActivityStack.finishActivityLocked(ActivityStack.java:2443)
W/ActivityManager(  575): 	at com.android.server.am.ActivityStack.finishTopRunningActivityLocked(ActivityStack.java:2320)
W/ActivityManager(  575): 	at com.android.server.am.ActivityStackSupervisor.finishTopRunningActivityLocked(ActivityStackSupervisor.java:2050)
W/ActivityManager(  575): 	at com.android.server.am.ActivityManagerService.handleAppCrashLocked(ActivityManagerService.java:9548)
W/ActivityManager(  575): 	at com.android.server.am.ActivityManagerService.makeAppCrashingLocked(ActivityManagerService.java:9441)
W/ActivityManager(  575): 	at com.android.server.am.ActivityManagerService.crashApplication(ActivityManagerService.java:10086)
W/ActivityManager(  575): 	at com.android.server.am.ActivityManagerService.handleApplicationCrashInner(ActivityManagerService.java:9637)
W/ActivityManager(  575): 	at com.android.server.am.NativeCrashListener$NativeCrashReporter.run(NativeCrashListener.java:86)
I/ActivityManager(  575): Process org.test.bifuz:python (pid 4273) has died.
D/MobileDataStateTracker(  575): default: setPolicyDataEnable(enabled=true)
D/MobileDataStateTracker(  575): default: setPolicyDataEnable(enabled=true)
W/InputMethodManagerService(  575): Window already focused, ignoring focus gain of: com.android.internal.view.IInputMethodClient$Stub$Proxy@528329b0 attribute=null, token = android.os.BinderProxy@5298ece4
I/ActivityManager(  575): START u0 {act=android.intent.action.MAIN cat=[android.intent.category.LAUNCHER] flg=0x10200000 cmp=org.test.bifuz/org.renpy.android.PythonActivity} from pid 760
I/ActivityManager(  575): Start proc org.test.bifuz:python for activity org.test.bifuz/org.renpy.android.PythonActivity: pid=4298 uid=10059 gids={50059, 1028, 1015}
I/ActivityManager(  575): Killing 1738:com.android.quicksearchbox/u0a50 (adj 15): empty for 1800s
W/ActivityManager(  575):   Force finishing activity org.test.bifuz/org.renpy.android.PythonActivity
I/WindowState(  575): WIN DEATH: Window{529f3c90 u0 org.test.bifuz/org.renpy.android.PythonActivity}
W/ActivityManager(  575): Exception thrown during pause
W/ActivityManager(  575): android.os.DeadObjectException
W/ActivityManager(  575): 	at android.os.BinderProxy.transact(Native Method)
W/ActivityManager(  575): 	at android.app.ApplicationThreadProxy.schedulePauseActivity(ApplicationThreadNative.java:660)
W/ActivityManager(  575): 	at com.android.server.am.ActivityStack.startPausingLocked(ActivityStack.java:761)
W/ActivityManager(  575): 	at com.android.server.am.ActivityStack.finishActivityLocked(ActivityStack.java:2443)
W/ActivityManager(  575): 	at com.android.server.am.ActivityStack.finishTopRunningActivityLocked(ActivityStack.java:2320)
W/ActivityManager(  575): 	at com.android.server.am.ActivityStackSupervisor.finishTopRunningActivityLocked(ActivityStackSupervisor.java:2050)
W/ActivityManager(  575): 	at com.android.server.am.ActivityManagerService.handleAppCrashLocked(ActivityManagerService.java:9548)
W/ActivityManager(  575): 	at com.android.server.am.ActivityManagerService.makeAppCrashingLocked(ActivityManagerService.java:9441)
W/ActivityManager(  575): 	at com.android.server.am.ActivityManagerService.crashApplication(ActivityManagerService.java:10086)
W/ActivityManager(  575): 	at com.android.server.am.ActivityManagerService.handleApplicationCrashInner(ActivityManagerService.java:9637)
W/ActivityManager(  575): 	at com.android.server.am.NativeCrashListener$NativeCrashReporter.run(NativeCrashListener.java:86)
I/ActivityManager(  575): Process org.test.bifuz:python (pid 4298) has died.
D/Genyd   (   77): Received Set Clipboard
D/Genymotion(   77): Received Set Clipboard
D/Genyd   (   77): Received Set Clipboard
D/Genymotion(   77): Received Set Clipboard
W/InputMethodManagerService(  575): Window already focused, ignoring focus gain of: com.android.internal.view.IInputMethodClient$Stub$Proxy@5290b6d8 attribute=null, token = android.os.BinderProxy@5298ece4
W/genymotion_audio(  249): out_write() limiting sleep time 116462 to 39909
W/genymotion_audio(  249): out_write() limiting sleep time 81473 to 39909
W/genymotion_audio(  249): out_write() limiting sleep time 65510 to 39909
W/genymotion_audio(  249): out_write() limiting sleep time 42290 to 39909
I/ActivityManager(  575): START u0 {act=android.intent.action.MAIN cat=[android.intent.category.HOME] flg=0x10200000 cmp=com.android.launcher/com.android.launcher2.Launcher} from pid 575
W/ActivityManager(  575): No content provider found for permission revoke: file:///data/local/tmp/Bifuz-1.0.0-debug.apk
W/ActivityManager(  575): No content provider found for permission revoke: file:///data/local/tmp/Bifuz-1.0.0-debug.apk
I/PackageManager(  575): Copying native libraries to /data/app-lib/vmdl-1251591613
I/ActivityManager(  575): Force stopping org.test.bifuz appid=10059 user=-1: uninstall pkg
I/PackageManager(  575): Uninstall package with second ABI Library
I/PackageManager(  575): Data written into /data/data/.appwithABI2
I/PackageManager(  575): Package org.test.bifuz codePath changed from /data/app/org.test.bifuz-1.apk to /data/app/org.test.bifuz-2.apk; Retaining data and using new
I/PackageManager(  575): Package installed with second ABI Library: 10059org.test.bifuz
I/PackageManager(  575): Data written:10059
I/PackageManager(  575): Data written into /data/data/.appwithABI2
W/PackageManager(  575): Code path for pkg : org.test.bifuz changing from /data/app/org.test.bifuz-1.apk to /data/app/org.test.bifuz-2.apk
W/PackageManager(  575): Resource path for pkg : org.test.bifuz changing from /data/app/org.test.bifuz-1.apk to /data/app/org.test.bifuz-2.apk
I/ActivityManager(  575): Force stopping org.test.bifuz appid=10059 user=-1: update pkg
I/ActivityManager(  575): Force stopping org.test.bifuz appid=10059 user=0: pkg removed
I/PackageManager(  575): Adding preferred activity ComponentInfo{com.android.mms/com.android.mms.ui.ComposeMessageActivity} for user 0 :
I/PackageManager(  575): Adding preferred activity ComponentInfo{com.android.mms/com.android.mms.ui.ComposeMessageActivity} for user 0 :
I/PackageManager(  575): Adding preferred activity ComponentInfo{com.android.mms/com.android.mms.ui.ComposeMessageActivity} for user 0 :
I/PackageManager(  575): Adding preferred activity ComponentInfo{com.android.mms/com.android.mms.ui.ComposeMessageActivity} for user 0 :
W/ContextImpl( 3434): Calling a method in the system process without a qualified user: android.app.ContextImpl.startService:1495 android.content.ContextWrapper.startService:494 android.content.ContextWrapper.startService:494 com.android.keychain.KeyChainBroadcastReceiver.onReceive:12 android.app.ActivityThread.handleReceiver:2407 
I/ActivityManager(  575): Delay finish: com.android.keychain/.KeyChainBroadcastReceiver
I/ActivityManager(  575): Resuming delayed broadcast
I/PackageManager(  575): Adding preferred activity ComponentInfo{com.android.mms/com.android.mms.ui.ComposeMessageActivity} for user 0 :
D/BackupManagerService(  575): Received broadcast Intent { act=android.intent.action.PACKAGE_REMOVED dat=package:org.test.bifuz flg=0x4000010 (has extras) }
D/BackupManagerService(  575): Received broadcast Intent { act=android.intent.action.PACKAGE_ADDED dat=package:org.test.bifuz flg=0x4000010 (has extras) }
V/BackupManagerService(  575): removePackageParticipantsLocked: uid=10059 #1
V/BackupManagerService(  575): addPackageParticipantsLocked: #1
I/PackageManager(  575): Adding preferred activity ComponentInfo{com.android.mms/com.android.mms.ui.ComposeMessageActivity} for user 0 :
I/PackageManager(  575): Adding preferred activity ComponentInfo{com.android.mms/com.android.mms.ui.ComposeMessageActivity} for user 0 :
I/PackageManager(  575): Adding preferred activity ComponentInfo{com.android.mms/com.android.mms.ui.ComposeMessageActivity} for user 0 :
I/PackageManager(  575): Adding preferred activity ComponentInfo{com.android.mms/com.android.mms.ui.ComposeMessageActivity} for user 0 :
I/PackageManager(  575): Adding preferred activity ComponentInfo{com.android.mms/com.android.mms.ui.ComposeMessageActivity} for user 0 :
I/PackageManager(  575): Adding preferred activity ComponentInfo{com.android.mms/com.android.mms.ui.ComposeMessageActivity} for user 0 :
I/PackageManager(  575): Adding preferred activity ComponentInfo{com.android.mms/com.android.mms.ui.ComposeMessageActivity} for user 0 :
I/PackageManager(  575): Adding preferred activity ComponentInfo{com.android.mms/com.android.mms.ui.ComposeMessageActivity} for user 0 :
I/PackageManager(  575): Adding preferred activity ComponentInfo{com.android.mms/com.android.mms.ui.ComposeMessageActivity} for user 0 :
I/PackageManager(  575): Adding preferred activity ComponentInfo{com.android.mms/com.android.mms.ui.ComposeMessageActivity} for user 0 :
I/PackageManager(  575): Adding preferred activity ComponentInfo{com.android.mms/com.android.mms.ui.ComposeMessageActivity} for user 0 :
I/PackageManager(  575): Adding preferred activity ComponentInfo{com.android.mms/com.android.mms.ui.ComposeMessageActivity} for user 0 :
I/PackageManager(  575): Adding preferred activity ComponentInfo{com.android.mms/com.android.mms.ui.ComposeMessageActivity} for user 0 :
W/RecognitionManagerService(  575): no available voice recognition services found for user 0
I/PackageManager(  575): Adding preferred activity ComponentInfo{com.android.mms/com.android.mms.ui.ComposeMessageActivity} for user 0 :
I/PackageManager(  575): Adding preferred activity ComponentInfo{com.android.mms/com.android.mms.ui.ComposeMessageActivity} for user 0 :
I/PackageManager(  575): Adding preferred activity ComponentInfo{com.android.mms/com.android.mms.ui.ComposeMessageActivity} for user 0 :
I/PackageManager(  575): Adding preferred activity ComponentInfo{com.android.mms/com.android.mms.ui.ComposeMessageActivity} for user 0 :
I/PackageManager(  575): Adding preferred activity ComponentInfo{com.android.mms/com.android.mms.ui.ComposeMessageActivity} for user 0 :
I/PackageManager(  575): Adding preferred activity ComponentInfo{com.android.mms/com.android.mms.ui.ComposeMessageActivity} for user 0 :
I/ActivityManager(  575): START u0 {act=org.renpy.android.PythonActivity flg=0x10000000 cmp=org.test.bifuz/org.renpy.android.PythonActivity} from pid 4358
I/ActivityManager(  575): Start proc org.test.bifuz:python for activity org.test.bifuz/org.renpy.android.PythonActivity: pid=4369 uid=10059 gids={50059, 1028, 1015}
W/ActivityManager(  575):   Force finishing activity org.test.bifuz/org.renpy.android.PythonActivity
I/WindowState(  575): WIN DEATH: Window{52957830 u0 org.test.bifuz/org.renpy.android.PythonActivity}
I/WindowState(  575): WIN DEATH: Window{5298f7b8 u0 SurfaceView}
W/ActivityManager(  575): Exception thrown during pause
W/ActivityManager(  575): android.os.DeadObjectException
W/ActivityManager(  575): 	at android.os.BinderProxy.transact(Native Method)
W/ActivityManager(  575): 	at android.app.ApplicationThreadProxy.schedulePauseActivity(ApplicationThreadNative.java:660)
W/ActivityManager(  575): 	at com.android.server.am.ActivityStack.startPausingLocked(ActivityStack.java:761)
W/ActivityManager(  575): 	at com.android.server.am.ActivityStack.finishActivityLocked(ActivityStack.java:2443)
W/ActivityManager(  575): 	at com.android.server.am.ActivityStack.finishTopRunningActivityLocked(ActivityStack.java:2320)
W/ActivityManager(  575): 	at com.android.server.am.ActivityStackSupervisor.finishTopRunningActivityLocked(ActivityStackSupervisor.java:2050)
W/ActivityManager(  575): 	at com.android.server.am.ActivityManagerService.handleAppCrashLocked(ActivityManagerService.java:9548)
W/ActivityManager(  575): 	at com.android.server.am.ActivityManagerService.makeAppCrashingLocked(ActivityManagerService.java:9441)
W/ActivityManager(  575): 	at com.android.server.am.ActivityManagerService.crashApplication(ActivityManagerService.java:10086)
W/ActivityManager(  575): 	at com.android.server.am.ActivityManagerService.handleApplicationCrashInner(ActivityManagerService.java:9637)
W/ActivityManager(  575): 	at com.android.server.am.NativeCrashListener$NativeCrashReporter.run(NativeCrashListener.java:86)
I/ActivityManager(  575): Process org.test.bifuz:python (pid 4369) has died.
W/genymotion_audio(  249): out_write() limiting sleep time 116462 to 39909
W/InputMethodManagerService(  575): Got RemoteException sending setActive(false) notification to pid 4369 uid 10059
W/genymotion_audio(  249): out_write() limiting sleep time 76394 to 39909
W/genymotion_audio(  249): out_write() limiting sleep time 61156 to 39909
--------- beginning of /dev/log/main
D/dalvikvm( 2880): GC_CONCURRENT freed 511K, 26% free 3674K/4916K, paused 1ms+0ms, total 4ms
D/dalvikvm( 2880): WAIT_FOR_CONCURRENT_GC blocked 3ms
D/dalvikvm( 2880): WAIT_FOR_CONCURRENT_GC blocked 2ms
D/dalvikvm( 2880): GC_CONCURRENT freed 512K, 26% free 3674K/4916K, paused 0ms+0ms, total 2ms
D/dalvikvm( 2880): WAIT_FOR_CONCURRENT_GC blocked 1ms
D/dalvikvm( 2880): WAIT_FOR_CONCURRENT_GC blocked 1ms
D/dalvikvm( 2880): GC_CONCURRENT freed 516K, 26% free 3670K/4916K, paused 0ms+0ms, total 2ms
D/dalvikvm( 2880): WAIT_FOR_CONCURRENT_GC blocked 2ms
D/dalvikvm( 2880): WAIT_FOR_CONCURRENT_GC blocked 1ms
D/dalvikvm( 2880): GC_CONCURRENT freed 507K, 26% free 3674K/4916K, paused 0ms+0ms, total 2ms
D/dalvikvm( 2880): WAIT_FOR_CONCURRENT_GC blocked 1ms
D/dalvikvm( 2880): WAIT_FOR_CONCURRENT_GC blocked 1ms
D/dalvikvm( 2880): GC_CONCURRENT freed 512K, 26% free 3674K/4916K, paused 0ms+0ms, total 2ms
D/dalvikvm( 2880): WAIT_FOR_CONCURRENT_GC blocked 1ms
D/dalvikvm( 2880): WAIT_FOR_CONCURRENT_GC blocked 1ms
D/dalvikvm( 2880): GC_CONCURRENT freed 512K, 26% free 3674K/4916K, paused 0ms+0ms, total 3ms
D/dalvikvm( 2880): WAIT_FOR_CONCURRENT_GC blocked 3ms
D/dalvikvm( 2880): WAIT_FOR_CONCURRENT_GC blocked 3ms
D/dalvikvm( 2880): GC_CONCURRENT freed 516K, 26% free 3670K/4916K, paused 0ms+1ms, total 4ms
D/dalvikvm( 2880): WAIT_FOR_CONCURRENT_GC blocked 3ms
D/dalvikvm( 2880): WAIT_FOR_CONCURRENT_GC blocked 3ms
D/dalvikvm( 2880): GC_CONCURRENT freed 507K, 26% free 3674K/4916K, paused 0ms+0ms, total 4ms
D/dalvikvm( 2880): WAIT_FOR_CONCURRENT_GC blocked 3ms
D/dalvikvm( 2880): WAIT_FOR_CONCURRENT_GC blocked 3ms
D/dalvikvm( 2880): GC_CONCURRENT freed 512K, 26% free 3674K/4916K, paused 0ms+1ms, total 4ms
D/dalvikvm( 2880): WAIT_FOR_CONCURRENT_GC blocked 3ms
D/dalvikvm( 2880): WAIT_FOR_CONCURRENT_GC blocked 2ms
D/dalvikvm( 2880): GC_CONCURRENT freed 511K, 26% free 3674K/4916K, paused 2ms+1ms, total 4ms
D/dalvikvm( 2880): WAIT_FOR_CONCURRENT_GC blocked 2ms
D/dalvikvm( 2880): WAIT_FOR_CONCURRENT_GC blocked 2ms
D/dalvikvm( 2880): GC_CONCURRENT freed 516K, 26% free 3670K/4916K, paused 1ms+1ms, total 3ms
D/dalvikvm( 2880): WAIT_FOR_CONCURRENT_GC blocked 2ms
D/dalvikvm( 2880): WAIT_FOR_CONCURRENT_GC blocked 2ms
D/dalvikvm( 2880): GC_CONCURRENT freed 512K, 26% free 3670K/4916K, paused 1ms+1ms, total 3ms
D/dalvikvm( 2880): WAIT_FOR_CONCURRENT_GC blocked 2ms
D/dalvikvm( 2880): WAIT_FOR_CONCURRENT_GC blocked 2ms
D/dalvikvm( 2880): GC_CONCURRENT freed 503K, 26% free 3678K/4916K, paused 2ms+0ms, total 5ms
D/dalvikvm( 2880): WAIT_FOR_CONCURRENT_GC blocked 3ms
D/dalvikvm( 2880): WAIT_FOR_CONCURRENT_GC blocked 4ms
D/dalvikvm( 2880): GC_CONCURRENT freed 516K, 26% free 3674K/4916K, paused 0ms+0ms, total 3ms
D/dalvikvm( 2880): WAIT_FOR_CONCURRENT_GC blocked 3ms
D/dalvikvm( 2880): WAIT_FOR_CONCURRENT_GC blocked 2ms
D/dalvikvm( 2880): GC_CONCURRENT freed 512K, 26% free 3674K/4916K, paused 0ms+1ms, total 3ms
D/dalvikvm( 2880): WAIT_FOR_CONCURRENT_GC blocked 2ms
D/dalvikvm( 2880): WAIT_FOR_CONCURRENT_GC blocked 2ms
D/dalvikvm( 2880): GC_CONCURRENT freed 516K, 26% free 3670K/4916K, paused 0ms+0ms, total 3ms
D/dalvikvm( 2880): WAIT_FOR_CONCURRENT_GC blocked 2ms
D/dalvikvm( 2880): WAIT_FOR_CONCURRENT_GC blocked 3ms
D/dalvikvm( 2880): GC_CONCURRENT freed 507K, 26% free 3674K/4916K, paused 0ms+1ms, total 4ms
D/dalvikvm( 2880): WAIT_FOR_CONCURRENT_GC blocked 2ms
D/dalvikvm( 2880): WAIT_FOR_CONCURRENT_GC blocked 2ms
D/dalvikvm( 2880): GC_CONCURRENT freed 516K, 26% free 3670K/4916K, paused 1ms+1ms, total 4ms
D/dalvikvm( 2880): WAIT_FOR_CONCURRENT_GC blocked 2ms
D/dalvikvm( 2880): WAIT_FOR_CONCURRENT_GC blocked 2ms
D/dalvikvm( 2880): GC_CONCURRENT freed 507K, 26% free 3674K/4916K, paused 1ms+1ms, total 4ms
D/dalvikvm( 2880): WAIT_FOR_CONCURRENT_GC blocked 2ms
D/dalvikvm( 2880): WAIT_FOR_CONCURRENT_GC blocked 3ms
D/dalvikvm( 2880): GC_CONCURRENT freed 516K, 26% free 3670K/4916K, paused 1ms+1ms, total 4ms
D/dalvikvm( 2880): WAIT_FOR_CONCURRENT_GC blocked 3ms
D/dalvikvm( 2880): WAIT_FOR_CONCURRENT_GC blocked 2ms
D/dalvikvm( 2880): GC_CONCURRENT freed 507K, 26% free 3674K/4916K, paused 1ms+0ms, total 4ms
D/dalvikvm( 2880): WAIT_FOR_CONCURRENT_GC blocked 3ms
D/dalvikvm( 2880): WAIT_FOR_CONCURRENT_GC blocked 3ms
D/dalvikvm( 2880): GC_CONCURRENT freed 512K, 26% free 3674K/4916K, paused 0ms+0ms, total 3ms
D/dalvikvm( 2880): WAIT_FOR_CONCURRENT_GC blocked 2ms
D/dalvikvm( 2880): WAIT_FOR_CONCURRENT_GC blocked 3ms
D/dalvikvm( 2880): GC_CONCURRENT freed 507K, 26% free 3678K/4916K, paused 1ms+1ms, total 5ms
D/dalvikvm( 2880): WAIT_FOR_CONCURRENT_GC blocked 3ms
D/dalvikvm( 2880): WAIT_FOR_CONCURRENT_GC blocked 2ms
D/dalvikvm( 2880): GC_CONCURRENT freed 516K, 26% free 3674K/4916K, paused 0ms+1ms, total 4ms
D/dalvikvm( 2880): WAIT_FOR_CONCURRENT_GC blocked 3ms
D/dalvikvm( 2880): WAIT_FOR_CONCURRENT_GC blocked 2ms
D/dalvikvm( 2880): GC_CONCURRENT freed 516K, 26% free 3670K/4916K, paused 0ms+1ms, total 4ms
D/dalvikvm( 2880): WAIT_FOR_CONCURRENT_GC blocked 3ms
D/dalvikvm( 2880): WAIT_FOR_CONCURRENT_GC blocked 2ms
D/dalvikvm( 2880): GC_CONCURRENT freed 507K, 26% free 3674K/4916K, paused 3ms+1ms, total 5ms
D/dalvikvm( 2880): WAIT_FOR_CONCURRENT_GC blocked 2ms
D/dalvikvm( 2880): WAIT_FOR_CONCURRENT_GC blocked 1ms
D/dalvikvm( 2880): GC_CONCURRENT freed 512K, 26% free 3674K/4916K, paused 0ms+0ms, total 2ms
D/dalvikvm( 2880): WAIT_FOR_CONCURRENT_GC blocked 1ms
D/dalvikvm( 2880): WAIT_FOR_CONCURRENT_GC blocked 1ms
D/dalvikvm( 2880): GC_CONCURRENT freed 516K, 26% free 3670K/4916K, paused 0ms+0ms, total 2ms
D/dalvikvm( 2880): WAIT_FOR_CONCURRENT_GC blocked 1ms
D/dalvikvm( 2880): WAIT_FOR_CONCURRENT_GC blocked 1ms
D/dalvikvm( 2880): GC_CONCURRENT freed 507K, 26% free 3674K/4916K, paused 0ms+0ms, total 2ms
D/dalvikvm( 2880): WAIT_FOR_CONCURRENT_GC blocked 1ms
D/dalvikvm( 2880): WAIT_FOR_CONCURRENT_GC blocked 1ms
D/dalvikvm( 2880): GC_CONCURRENT freed 512K, 26% free 3674K/4916K, paused 0ms+0ms, total 2ms
D/dalvikvm( 2880): WAIT_FOR_CONCURRENT_GC blocked 1ms
D/dalvikvm( 2880): WAIT_FOR_CONCURRENT_GC blocked 1ms
D/dalvikvm( 2880): GC_CONCURRENT freed 512K, 26% free 3674K/4916K, paused 0ms+0ms, total 3ms
D/dalvikvm( 2880): WAIT_FOR_CONCURRENT_GC blocked 2ms
D/dalvikvm( 2880): WAIT_FOR_CONCURRENT_GC blocked 2ms
D/dalvikvm( 2880): GC_CONCURRENT freed 512K, 26% free 3674K/4916K, paused 0ms+0ms, total 2ms
D/dalvikvm( 2880): WAIT_FOR_CONCURRENT_GC blocked 2ms
D/dalvikvm( 2880): WAIT_FOR_CONCURRENT_GC blocked 2ms
D/dalvikvm( 2880): GC_CONCURRENT freed 512K, 26% free 3674K/4916K, paused 0ms+0ms, total 2ms
D/dalvikvm( 2880): WAIT_FOR_CONCURRENT_GC blocked 1ms
D/dalvikvm( 2880): WAIT_FOR_CONCURRENT_GC blocked 1ms
D/dalvikvm( 2880): GC_CONCURRENT freed 516K, 26% free 3670K/4916K, paused 0ms+0ms, total 2ms
D/dalvikvm( 2880): WAIT_FOR_CONCURRENT_GC blocked 1ms
D/dalvikvm( 2880): WAIT_FOR_CONCURRENT_GC blocked 1ms
D/dalvikvm( 2880): GC_CONCURRENT freed 507K, 26% free 3674K/4916K, paused 1ms+1ms, total 4ms
D/dalvikvm( 2880): WAIT_FOR_CONCURRENT_GC blocked 2ms
D/dalvikvm( 2880): WAIT_FOR_CONCURRENT_GC blocked 2ms
D/dalvikvm( 2880): GC_CONCURRENT freed 503K, 26% free 3682K/4916K, paused 2ms+1ms, total 5ms
D/dalvikvm( 2880): WAIT_FOR_CONCURRENT_GC blocked 2ms
D/dalvikvm( 2880): WAIT_FOR_CONCURRENT_GC blocked 3ms
D/dalvikvm( 2880): GC_CONCURRENT freed 524K, 26% free 3670K/4916K, paused 1ms+1ms, total 5ms
D/dalvikvm( 2880): WAIT_FOR_CONCURRENT_GC blocked 3ms
D/dalvikvm( 2880): WAIT_FOR_CONCURRENT_GC blocked 3ms
D/dalvikvm( 2880): GC_CONCURRENT freed 507K, 26% free 3674K/4916K, paused 1ms+1ms, total 4ms
D/dalvikvm( 2880): WAIT_FOR_CONCURRENT_GC blocked 3ms
D/dalvikvm( 2880): WAIT_FOR_CONCURRENT_GC blocked 2ms
D/dalvikvm( 2880): GC_CONCURRENT freed 512K, 26% free 3674K/4916K, paused 1ms+1ms, total 4ms
D/dalvikvm( 2880): WAIT_FOR_CONCURRENT_GC blocked 2ms
D/dalvikvm( 2880): WAIT_FOR_CONCURRENT_GC blocked 2ms
D/dalvikvm( 2880): GC_CONCURRENT freed 512K, 26% free 3674K/4916K, paused 1ms+1ms, total 4ms
D/dalvikvm( 2880): WAIT_FOR_CONCURRENT_GC blocked 2ms
D/dalvikvm( 2880): WAIT_FOR_CONCURRENT_GC blocked 2ms
D/dalvikvm( 2880): GC_CONCURRENT freed 516K, 26% free 3670K/4916K, paused 1ms+1ms, total 4ms
D/dalvikvm( 2880): WAIT_FOR_CONCURRENT_GC blocked 2ms
D/dalvikvm( 2880): WAIT_FOR_CONCURRENT_GC blocked 2ms
D/dalvikvm( 2880): GC_CONCURRENT freed 512K, 26% free 3670K/4916K, paused 0ms+1ms, total 3ms
D/dalvikvm( 2880): WAIT_FOR_CONCURRENT_GC blocked 2ms
D/dalvikvm( 2880): WAIT_FOR_CONCURRENT_GC blocked 2ms
D/dalvikvm( 2880): GC_CONCURRENT freed 512K, 26% free 3670K/4916K, paused 1ms+1ms, total 4ms
D/dalvikvm( 2880): WAIT_FOR_CONCURRENT_GC blocked 2ms
D/dalvikvm( 2880): WAIT_FOR_CONCURRENT_GC blocked 2ms
D/dalvikvm( 2880): GC_CONCURRENT freed 507K, 26% free 3674K/4916K, paused 0ms+0ms, total 3ms
D/dalvikvm( 2880): WAIT_FOR_CONCURRENT_GC blocked 2ms
D/dalvikvm( 2880): WAIT_FOR_CONCURRENT_GC blocked 2ms
D/dalvikvm( 2880): GC_CONCURRENT freed 511K, 26% free 3674K/4916K, paused 2ms+0ms, total 6ms
D/dalvikvm( 2880): WAIT_FOR_CONCURRENT_GC blocked 3ms
D/dalvikvm( 2880): WAIT_FOR_CONCURRENT_GC blocked 3ms
D/dalvikvm( 2880): GC_CONCURRENT freed 516K, 26% free 3670K/4916K, paused 0ms+1ms, total 5ms
D/dalvikvm( 2880): WAIT_FOR_CONCURRENT_GC blocked 4ms
D/dalvikvm( 2880): WAIT_FOR_CONCURRENT_GC blocked 3ms
D/dalvikvm( 2880): GC_CONCURRENT freed 512K, 26% free 3670K/4916K, paused 1ms+0ms, total 3ms
D/dalvikvm( 2880): WAIT_FOR_CONCURRENT_GC blocked 2ms
D/dalvikvm( 2880): WAIT_FOR_CONCURRENT_GC blocked 2ms
D/dalvikvm( 2880): GC_CONCURRENT freed 507K, 26% free 3674K/4916K, paused 0ms+0ms, total 3ms
D/dalvikvm( 2880): WAIT_FOR_CONCURRENT_GC blocked 2ms
D/dalvikvm( 2880): WAIT_FOR_CONCURRENT_GC blocked 2ms
D/dalvikvm( 2880): GC_CONCURRENT freed 512K, 26% free 3674K/4916K, paused 0ms+1ms, total 3ms
D/dalvikvm( 2880): WAIT_FOR_CONCURRENT_GC blocked 2ms
D/dalvikvm( 2880): WAIT_FOR_CONCURRENT_GC blocked 2ms
D/dalvikvm( 2880): GC_CONCURRENT freed 512K, 26% free 3674K/4916K, paused 0ms+0ms, total 2ms
D/dalvikvm( 2880): WAIT_FOR_CONCURRENT_GC blocked 1ms
