D/ConnectivityService(  575): Sampling interval elapsed, updating statistics ..
D/ConnectivityService(  575): Done.
D/ConnectivityService(  575): Setting timer for 720seconds
W/InputMethodManagerService(  575): Window already focused, ignoring focus gain of: com.android.internal.view.IInputMethodClient$Stub$Proxy@52993ac4 attribute=null, token = android.os.BinderProxy@5298ece4
W/genymotion_audio(  249): out_write() limiting sleep time 116462 to 39909
W/genymotion_audio(  249): out_write() limiting sleep time 75056 to 39909
W/genymotion_audio(  249): out_write() limiting sleep time 58004 to 39909
W/genymotion_audio(  249): out_write() limiting sleep time 40226 to 39909
I/ActivityManager(  575): START u0 {act=android.intent.action.MAIN cat=[android.intent.category.LAUNCHER] flg=0x10200000 cmp=com.genymotion.superuser/com.koushikdutta.superuser.MainActivity} from pid 760
D/MobileDataStateTracker(  575): default: setPolicyDataEnable(enabled=true)
D/MobileDataStateTracker(  575): default: setPolicyDataEnable(enabled=true)
D/MobileDataStateTracker(  575): default: setPolicyDataEnable(enabled=true)
D/MobileDataStateTracker(  575): default: setPolicyDataEnable(enabled=true)
I/ActivityManager(  575): START u0 {act=android.intent.action.MAIN cat=[android.intent.category.HOME] flg=0x10200000 cmp=com.android.launcher/com.android.launcher2.Launcher} from pid 575
D/MobileDataStateTracker(  575): default: setPolicyDataEnable(enabled=true)
D/MobileDataStateTracker(  575): default: setPolicyDataEnable(enabled=true)
D/MobileDataStateTracker(  575): default: setPolicyDataEnable(enabled=true)
I/ActivityManager(  575): START u0 {act=android.intent.action.MAIN cat=[android.intent.category.LAUNCHER] flg=0x10200000 cmp=org.test.bifuz/org.renpy.android.PythonActivity} from pid 760
I/ActivityManager(  575): Start proc org.test.bifuz:python for activity org.test.bifuz/org.renpy.android.PythonActivity: pid=3616 uid=10059 gids={50059, 1028, 1015}
E/AndroidRuntime( 3616): FATAL EXCEPTION: main
E/AndroidRuntime( 3616): Process: org.test.bifuz:python, PID: 3616
E/AndroidRuntime( 3616): java.lang.RuntimeException: Unable to instantiate activity ComponentInfo{org.test.bifuz/org.renpy.android.PythonActivity}: java.lang.ClassNotFoundException: Didn't find class "org.renpy.android.PythonActivity" on path: DexPathList[[zip file "/data/app/org.test.bifuz-2.apk"],nativeLibraryDirectories=[/data/app-lib/org.test.bifuz-2, /system/lib]]
E/AndroidRuntime( 3616): 	at android.app.ActivityThread.performLaunchActivity(ActivityThread.java:2110)
E/AndroidRuntime( 3616): 	at android.app.ActivityThread.handleLaunchActivity(ActivityThread.java:2233)
E/AndroidRuntime( 3616): 	at android.app.ActivityThread.access$800(ActivityThread.java:135)
E/AndroidRuntime( 3616): 	at android.app.ActivityThread$H.handleMessage(ActivityThread.java:1196)
E/AndroidRuntime( 3616): 	at android.os.Handler.dispatchMessage(Handler.java:102)
E/AndroidRuntime( 3616): 	at android.os.Looper.loop(Looper.java:136)
E/AndroidRuntime( 3616): 	at android.app.ActivityThread.main(ActivityThread.java:5001)
E/AndroidRuntime( 3616): 	at java.lang.reflect.Method.invokeNative(Native Method)
E/AndroidRuntime( 3616): 	at java.lang.reflect.Method.invoke(Method.java:515)
E/AndroidRuntime( 3616): 	at com.android.internal.os.ZygoteInit$MethodAndArgsCaller.run(ZygoteInit.java:785)
E/AndroidRuntime( 3616): 	at com.android.internal.os.ZygoteInit.main(ZygoteInit.java:601)
E/AndroidRuntime( 3616): 	at dalvik.system.NativeStart.main(Native Method)
E/AndroidRuntime( 3616): Caused by: java.lang.ClassNotFoundException: Didn't find class "org.renpy.android.PythonActivity" on path: DexPathList[[zip file "/data/app/org.test.bifuz-2.apk"],nativeLibraryDirectories=[/data/app-lib/org.test.bifuz-2, /system/lib]]
E/AndroidRuntime( 3616): 	at dalvik.system.BaseDexClassLoader.findClass(BaseDexClassLoader.java:56)
E/AndroidRuntime( 3616): 	at java.lang.ClassLoader.loadClass(ClassLoader.java:497)
E/AndroidRuntime( 3616): 	at java.lang.ClassLoader.loadClass(ClassLoader.java:457)
E/AndroidRuntime( 3616): 	at android.app.Instrumentation.newActivity(Instrumentation.java:1061)
E/AndroidRuntime( 3616): 	at android.app.ActivityThread.performLaunchActivity(ActivityThread.java:2101)
E/AndroidRuntime( 3616): 	... 11 more
E/AndroidRuntime( 3616): 	Suppressed: java.io.IOException: unable to open DEX file
E/AndroidRuntime( 3616): 		at dalvik.system.DexFile.openDexFileNative(Native Method)
E/AndroidRuntime( 3616): 		at dalvik.system.DexFile.openDexFile(DexFile.java:296)
E/AndroidRuntime( 3616): 		at dalvik.system.DexFile.<init>(DexFile.java:80)
E/AndroidRuntime( 3616): 		at dalvik.system.DexFile.<init>(DexFile.java:59)
E/AndroidRuntime( 3616): 		at dalvik.system.DexPathList.loadDexFile(DexPathList.java:263)
E/AndroidRuntime( 3616): 		at dalvik.system.DexPathList.makeDexElements(DexPathList.java:230)
E/AndroidRuntime( 3616): 		at dalvik.system.DexPathList.<init>(DexPathList.java:112)
E/AndroidRuntime( 3616): 		at dalvik.system.BaseDexClassLoader.<init>(BaseDexClassLoader.java:48)
E/AndroidRuntime( 3616): 		at dalvik.system.PathClassLoader.<init>(PathClassLoader.java:65)
E/AndroidRuntime( 3616): 		at android.app.ApplicationLoaders.getClassLoader(ApplicationLoaders.java:57)
E/AndroidRuntime( 3616): 		at android.app.LoadedApk.getClassLoader(LoadedApk.java:318)
E/AndroidRuntime( 3616): 		at android.app.LoadedApk.makeApplication(LoadedApk.java:500)
E/AndroidRuntime( 3616): 		at android.app.ActivityThread.handleBindApplication(ActivityThread.java:4301)
E/AndroidRuntime( 3616): 		at android.app.ActivityThread.access$1500(ActivityThread.java:135)
E/AndroidRuntime( 3616): 		at android.app.ActivityThread$H.handleMessage(ActivityThread.java:1256)
E/AndroidRuntime( 3616): 		... 8 more
W/ActivityManager(  575):   Force finishing activity org.test.bifuz/org.renpy.android.PythonActivity
D/MobileDataStateTracker(  575): default: setPolicyDataEnable(enabled=true)
W/ActivityManager(  575): Activity pause timeout for ActivityRecord{52931ed8 u0 org.test.bifuz/org.renpy.android.PythonActivity t10 f}
D/MobileDataStateTracker(  575): default: setPolicyDataEnable(enabled=true)
D/MobileDataStateTracker(  575): default: setPolicyDataEnable(enabled=true)
D/MobileDataStateTracker(  575): default: setPolicyDataEnable(enabled=true)
D/MobileDataStateTracker(  575): default: setPolicyDataEnable(enabled=true)
E/WindowManager(  575): Starting window AppWindowToken{5293e9ac token=Token{5287773c ActivityRecord{52931ed8 u0 org.test.bifuz/org.renpy.android.PythonActivity t10}}} timed out
W/ActivityManager(  575): Activity destroy timeout for ActivityRecord{52931ed8 u0 org.test.bifuz/org.renpy.android.PythonActivity t10 f}
D/Genyd   (   77): Received Set Clipboard
D/Genymotion(   77): Received Set Clipboard
D/MobileDataStateTracker(  575): default: setPolicyDataEnable(enabled=true)
D/MobileDataStateTracker(  575): default: setPolicyDataEnable(enabled=true)
D/MobileDataStateTracker(  575): default: setPolicyDataEnable(enabled=true)
D/MobileDataStateTracker(  575): default: setPolicyDataEnable(enabled=true)
W/ActivityManager(  575): No content provider found for permission revoke: file:///sdcard/tmp/Bifuz-1.0.0-debug.apk
I/ActivityManager(  575): Process org.test.bifuz:python (pid 3616) has died.
W/InputMethodManagerService(  575): Window already focused, ignoring focus gain of: com.android.internal.view.IInputMethodClient$Stub$Proxy@52975518 attribute=null, token = android.os.BinderProxy@5298ece4
W/genymotion_audio(  249): out_write() limiting sleep time 116462 to 39909
W/genymotion_audio(  249): out_write() limiting sleep time 80204 to 39909
W/genymotion_audio(  249): out_write() limiting sleep time 57346 to 39909
W/genymotion_audio(  249): out_write() limiting sleep time 41746 to 39909
I/ActivityManager(  575): START u0 {act=android.intent.action.MAIN cat=[android.intent.category.LAUNCHER] flg=0x10200000 cmp=com.android.settings/.Settings} from pid 760
I/ActivityManager(  575): Start proc com.android.settings for activity com.android.settings/.Settings: pid=3686 uid=1000 gids={41000, 1028, 1015, 3002, 3001, 3003}
D/MobileDataStateTracker(  575): default: setPolicyDataEnable(enabled=true)
D/MobileDataStateTracker(  575): default: setPolicyDataEnable(enabled=true)
D/MobileDataStateTracker(  575): default: setPolicyDataEnable(enabled=true)
D/MobileDataStateTracker(  575): default: setPolicyDataEnable(enabled=true)
D/WifiService(  575): setWifiEnabled: true pid=3686, uid=1000
D/MobileDataStateTracker(  575): default: setPolicyDataEnable(enabled=true)
I/ActivityManager(  575): START u0 {act=android.intent.action.MAIN cmp=com.android.settings/.SubSettings (has extras)} from pid 3686
W/genymotion_audio(  249): out_write() limiting sleep time 116462 to 39909
W/genymotion_audio(  249): out_write() limiting sleep time 79478 to 39909
W/genymotion_audio(  249): out_write() limiting sleep time 57165 to 39909
D/MobileDataStateTracker(  575): default: setPolicyDataEnable(enabled=true)
W/genymotion_audio(  249): out_write() limiting sleep time 54466 to 39909
D/MobileDataStateTracker(  575): default: setPolicyDataEnable(enabled=true)
D/MobileDataStateTracker(  575): default: setPolicyDataEnable(enabled=true)
D/MobileDataStateTracker(  575): default: setPolicyDataEnable(enabled=true)
D/MobileDataStateTracker(  575): default: setPolicyDataEnable(enabled=true)
W/ActivityManager(  575): No content provider found for permission revoke: file:///data/local/tmp/Bifuz-1.0.0-debug.apk
W/ActivityManager(  575): No content provider found for permission revoke: file:///data/local/tmp/Bifuz-1.0.0-debug.apk
I/PackageManager(  575): Copying native libraries to /data/app-lib/vmdl-450166151
W/PackageManager(  575): Attempt to re-install org.test.bifuz without first uninstalling.
D/MobileDataStateTracker(  575): default: setPolicyDataEnable(enabled=true)
D/MobileDataStateTracker(  575): default: setPolicyDataEnable(enabled=true)
D/MobileDataStateTracker(  575): default: setPolicyDataEnable(enabled=true)
D/MobileDataStateTracker(  575): default: setPolicyDataEnable(enabled=true)
D/MobileDataStateTracker(  575): default: setPolicyDataEnable(enabled=true)
D/MobileDataStateTracker(  575): default: setPolicyDataEnable(enabled=true)
D/MobileDataStateTracker(  575): default: setPolicyDataEnable(enabled=true)
W/ActivityManager(  575): No content provider found for permission revoke: file:///data/local/tmp/Bifuz-1.0.0-debug.apk
W/ActivityManager(  575): No content provider found for permission revoke: file:///data/local/tmp/Bifuz-1.0.0-debug.apk
I/PackageManager(  575): Copying native libraries to /data/app-lib/vmdl1344478232
W/PackageManager(  575): Attempt to re-install org.test.bifuz without first uninstalling.
W/PackageManager(  575): Package named 'Bifuz-1.0.0-debug.apk' doesn't exist.
W/PackageManager(  575): Package named 'Bifuz-1.0.0-debug.apk' doesn't exist.
D/MobileDataStateTracker(  575): default: setPolicyDataEnable(enabled=true)
D/MobileDataStateTracker(  575): default: setPolicyDataEnable(enabled=true)
D/MobileDataStateTracker(  575): default: setPolicyDataEnable(enabled=true)
W/ActivityManager(  575): No content provider found for permission revoke: file:///data/local/tmp/Bifuz-1.0.0-debug.apk
W/ActivityManager(  575): No content provider found for permission revoke: file:///data/local/tmp/Bifuz-1.0.0-debug.apk
I/PackageManager(  575): Copying native libraries to /data/app-lib/vmdl-1804589043
W/PackageManager(  575): Attempt to re-install org.test.bifuz without first uninstalling.
W/PackageManager(  575): Package named 'Bifuz-1.0.0-debug.apk' doesn't exist.
D/MobileDataStateTracker(  575): default: setPolicyDataEnable(enabled=true)
D/MobileDataStateTracker(  575): default: setPolicyDataEnable(enabled=true)
D/MobileDataStateTracker(  575): default: setPolicyDataEnable(enabled=true)
D/MobileDataStateTracker(  575): default: setPolicyDataEnable(enabled=true)
W/ActivityManager(  575): No content provider found for permission revoke: file:///data/local/tmp/Bifuz-1.0.0-debug.apk
W/ActivityManager(  575): No content provider found for permission revoke: file:///data/local/tmp/Bifuz-1.0.0-debug.apk
I/PackageManager(  575): Copying native libraries to /data/app-lib/vmdl-2056414604
W/PackageManager(  575): Attempt to re-install org.test.bifuz without first uninstalling.
W/ActivityManager(  575): No content provider found for permission revoke: file:///data/local/tmp/Bifuz.apk
W/ActivityManager(  575): No content provider found for permission revoke: file:///data/local/tmp/Bifuz.apk
I/PackageManager(  575): Copying native libraries to /data/app-lib/vmdl650501009
I/ActivityManager(  575): Force stopping bifuz.com appid=10060 user=-1: update pkg
W/PackageManager(  575): Not granting permission android.permission.DUMP to package bifuz.com (protectionLevel=50 flags=0xbe46)
I/PackageManager(  575): Adding preferred activity ComponentInfo{com.android.mms/com.android.mms.ui.ComposeMessageActivity} for user 0 :
I/PackageManager(  575): Adding preferred activity ComponentInfo{com.android.mms/com.android.mms.ui.ComposeMessageActivity} for user 0 :
D/BackupManagerService(  575): Received broadcast Intent { act=android.intent.action.PACKAGE_ADDED dat=package:bifuz.com flg=0x4000010 (has extras) }
V/BackupManagerService(  575): addPackageParticipantsLocked: #1
I/PackageManager(  575): Adding preferred activity ComponentInfo{com.android.mms/com.android.mms.ui.ComposeMessageActivity} for user 0 :
I/PackageManager(  575): Adding preferred activity ComponentInfo{com.android.mms/com.android.mms.ui.ComposeMessageActivity} for user 0 :
I/PackageManager(  575): Adding preferred activity ComponentInfo{com.android.mms/com.android.mms.ui.ComposeMessageActivity} for user 0 :
I/PackageManager(  575): Adding preferred activity ComponentInfo{com.android.mms/com.android.mms.ui.ComposeMessageActivity} for user 0 :
W/RecognitionManagerService(  575): no available voice recognition services found for user 0
I/PackageManager(  575): Adding preferred activity ComponentInfo{com.android.mms/com.android.mms.ui.ComposeMessageActivity} for user 0 :
I/PackageManager(  575): Adding preferred activity ComponentInfo{com.android.mms/com.android.mms.ui.ComposeMessageActivity} for user 0 :
I/ActivityManager(  575): START u0 {act=android.intent.action.MAIN cat=[android.intent.category.HOME] flg=0x10200000 cmp=com.android.launcher/com.android.launcher2.Launcher} from pid 575
W/genymotion_audio(  249): out_write() limiting sleep time 116462 to 39909
W/genymotion_audio(  249): out_write() limiting sleep time 75124 to 39909
D/MobileDataStateTracker(  575): default: setPolicyDataEnable(enabled=true)
W/genymotion_audio(  249): out_write() limiting sleep time 58798 to 39909
W/genymotion_audio(  249): out_write() limiting sleep time 53015 to 39909
D/MobileDataStateTracker(  575): default: setPolicyDataEnable(enabled=true)
D/MobileDataStateTracker(  575): default: setPolicyDataEnable(enabled=true)
I/ActivityManager(  575): START u0 {act=android.intent.action.MAIN cat=[android.intent.category.LAUNCHER] flg=0x10200000 cmp=bifuz.com/.MainActivity} from pid 760
I/ActivityManager(  575): Start proc bifuz.com for activity bifuz.com/.MainActivity: pid=3880 uid=10060 gids={50060}
D/MobileDataStateTracker(  575): default: setPolicyDataEnable(enabled=true)
D/MobileDataStateTracker(  575): default: setPolicyDataEnable(enabled=true)
D/MobileDataStateTracker(  575): default: setPolicyDataEnable(enabled=true)
E/AndroidRuntime( 3880): FATAL EXCEPTION: main
E/AndroidRuntime( 3880): Process: bifuz.com, PID: 3880
E/AndroidRuntime( 3880): java.lang.RuntimeException: Unable to start activity ComponentInfo{bifuz.com/bifuz.com.MainActivity}: java.lang.NullPointerException
E/AndroidRuntime( 3880): 	at android.app.ActivityThread.performLaunchActivity(ActivityThread.java:2184)
E/AndroidRuntime( 3880): 	at android.app.ActivityThread.handleLaunchActivity(ActivityThread.java:2233)
E/AndroidRuntime( 3880): 	at android.app.ActivityThread.access$800(ActivityThread.java:135)
E/AndroidRuntime( 3880): 	at android.app.ActivityThread$H.handleMessage(ActivityThread.java:1196)
E/AndroidRuntime( 3880): 	at android.os.Handler.dispatchMessage(Handler.java:102)
E/AndroidRuntime( 3880): 	at android.os.Looper.loop(Looper.java:136)
E/AndroidRuntime( 3880): 	at android.app.ActivityThread.main(ActivityThread.java:5001)
E/AndroidRuntime( 3880): 	at java.lang.reflect.Method.invokeNative(Native Method)
E/AndroidRuntime( 3880): 	at java.lang.reflect.Method.invoke(Method.java:515)
E/AndroidRuntime( 3880): 	at com.android.internal.os.ZygoteInit$MethodAndArgsCaller.run(ZygoteInit.java:785)
E/AndroidRuntime( 3880): 	at com.android.internal.os.ZygoteInit.main(ZygoteInit.java:601)
E/AndroidRuntime( 3880): 	at dalvik.system.NativeStart.main(Native Method)
E/AndroidRuntime( 3880): Caused by: java.lang.NullPointerException
E/AndroidRuntime( 3880): 	at bifuz.com.MainActivity.onCreate(MainActivity.java:24)
E/AndroidRuntime( 3880): 	at android.app.Activity.performCreate(Activity.java:5231)
E/AndroidRuntime( 3880): 	at android.app.Instrumentation.callActivityOnCreate(Instrumentation.java:1087)
E/AndroidRuntime( 3880): 	at android.app.ActivityThread.performLaunchActivity(ActivityThread.java:2148)
E/AndroidRuntime( 3880): 	... 11 more
W/ActivityManager(  575):   Force finishing activity bifuz.com/.MainActivity
D/MobileDataStateTracker(  575): default: setPolicyDataEnable(enabled=true)
W/ActivityManager(  575): Activity pause timeout for ActivityRecord{52931ed8 u0 bifuz.com/.MainActivity t12 f}
D/MobileDataStateTracker(  575): default: setPolicyDataEnable(enabled=true)
D/MobileDataStateTracker(  575): default: setPolicyDataEnable(enabled=true)
D/MobileDataStateTracker(  575): default: setPolicyDataEnable(enabled=true)
D/MobileDataStateTracker(  575): default: setPolicyDataEnable(enabled=true)
D/MobileDataStateTracker(  575): default: setPolicyDataEnable(enabled=true)
W/InputMethodManagerService(  575): Window already focused, ignoring focus gain of: com.android.internal.view.IInputMethodClient$Stub$Proxy@5298d4fc attribute=null, token = android.os.BinderProxy@5298ece4
W/genymotion_audio(  249): out_write() limiting sleep time 116462 to 39909
I/ActivityManager(  575): Process bifuz.com (pid 3880) has died.
W/genymotion_audio(  249): out_write() limiting sleep time 63537 to 39909
W/genymotion_audio(  249): out_write() limiting sleep time 40316 to 39909
W/genymotion_audio(  249): out_write() limiting sleep time 41814 to 39909
I/ActivityManager(  575): START u0 {act=android.intent.action.MAIN cat=[android.intent.category.HOME] flg=0x10200000 cmp=com.android.launcher/com.android.launcher2.Launcher} from pid 575
D/MobileDataStateTracker(  575): default: setPolicyDataEnable(enabled=true)
I/ProcessStatsService(  575): Prepared write state in 1ms
D/MobileDataStateTracker(  575): default: setPolicyDataEnable(enabled=true)
I/ActivityManager(  575): START u0 {act=android.intent.action.MAIN cat=[android.intent.category.LAUNCHER] flg=0x10200000 cmp=bifuz.com/.MainActivity} from pid 760
I/ActivityManager(  575): Start proc bifuz.com for activity bifuz.com/.MainActivity: pid=3923 uid=10060 gids={50060}
D/MobileDataStateTracker(  575): default: setPolicyDataEnable(enabled=true)
D/MobileDataStateTracker(  575): default: setPolicyDataEnable(enabled=true)
E/AndroidRuntime( 3923): FATAL EXCEPTION: main
E/AndroidRuntime( 3923): Process: bifuz.com, PID: 3923
E/AndroidRuntime( 3923): java.lang.RuntimeException: Unable to start activity ComponentInfo{bifuz.com/bifuz.com.MainActivity}: java.lang.NullPointerException
E/AndroidRuntime( 3923): 	at android.app.ActivityThread.performLaunchActivity(ActivityThread.java:2184)
E/AndroidRuntime( 3923): 	at android.app.ActivityThread.handleLaunchActivity(ActivityThread.java:2233)
E/AndroidRuntime( 3923): 	at android.app.ActivityThread.access$800(ActivityThread.java:135)
E/AndroidRuntime( 3923): 	at android.app.ActivityThread$H.handleMessage(ActivityThread.java:1196)
E/AndroidRuntime( 3923): 	at android.os.Handler.dispatchMessage(Handler.java:102)
E/AndroidRuntime( 3923): 	at android.os.Looper.loop(Looper.java:136)
E/AndroidRuntime( 3923): 	at android.app.ActivityThread.main(ActivityThread.java:5001)
E/AndroidRuntime( 3923): 	at java.lang.reflect.Method.invokeNative(Native Method)
E/AndroidRuntime( 3923): 	at java.lang.reflect.Method.invoke(Method.java:515)
E/AndroidRuntime( 3923): 	at com.android.internal.os.ZygoteInit$MethodAndArgsCaller.run(ZygoteInit.java:785)
E/AndroidRuntime( 3923): 	at com.android.internal.os.ZygoteInit.main(ZygoteInit.java:601)
E/AndroidRuntime( 3923): 	at dalvik.system.NativeStart.main(Native Method)
E/AndroidRuntime( 3923): Caused by: java.lang.NullPointerException
E/AndroidRuntime( 3923): 	at bifuz.com.MainActivity.onCreate(MainActivity.java:24)
E/AndroidRuntime( 3923): 	at android.app.Activity.performCreate(Activity.java:5231)
E/AndroidRuntime( 3923): 	at android.app.Instrumentation.callActivityOnCreate(Instrumentation.java:1087)
E/AndroidRuntime( 3923): 	at android.app.ActivityThread.performLaunchActivity(ActivityThread.java:2148)
E/AndroidRuntime( 3923): 	... 11 more
W/ActivityManager(  575):   Force finishing activity bifuz.com/.MainActivity
D/MobileDataStateTracker(  575): default: setPolicyDataEnable(enabled=true)
W/ActivityManager(  575): Activity pause timeout for ActivityRecord{529bff2c u0 bifuz.com/.MainActivity t13 f}
D/MobileDataStateTracker(  575): default: setPolicyDataEnable(enabled=true)
D/MobileDataStateTracker(  575): default: setPolicyDataEnable(enabled=true)
D/MobileDataStateTracker(  575): default: setPolicyDataEnable(enabled=true)
D/MobileDataStateTracker(  575): default: setPolicyDataEnable(enabled=true)
D/MobileDataStateTracker(  575): default: setPolicyDataEnable(enabled=true)
I/ActivityManager(  575): Process bifuz.com (pid 3923) has died.
W/InputMethodManagerService(  575): Window already focused, ignoring focus gain of: com.android.internal.view.IInputMethodClient$Stub$Proxy@529c5a64 attribute=null, token = android.os.BinderProxy@5298ece4
I/ActivityManager(  575): START u0 {act=android.intent.action.MAIN cat=[android.intent.category.LAUNCHER] flg=0x10200000 cmp=org.test.bifuz/org.renpy.android.PythonActivity} from pid 760
D/MobileDataStateTracker(  575): default: setPolicyDataEnable(enabled=true)
I/ActivityManager(  575): Start proc org.test.bifuz:python for activity org.test.bifuz/org.renpy.android.PythonActivity: pid=3948 uid=10059 gids={50059, 1028, 1015}
E/AndroidRuntime( 3948): FATAL EXCEPTION: main
E/AndroidRuntime( 3948): Process: org.test.bifuz:python, PID: 3948
E/AndroidRuntime( 3948): java.lang.RuntimeException: Unable to instantiate activity ComponentInfo{org.test.bifuz/org.renpy.android.PythonActivity}: java.lang.ClassNotFoundException: Didn't find class "org.renpy.android.PythonActivity" on path: DexPathList[[zip file "/data/app/org.test.bifuz-2.apk"],nativeLibraryDirectories=[/data/app-lib/org.test.bifuz-2, /system/lib]]
E/AndroidRuntime( 3948): 	at android.app.ActivityThread.performLaunchActivity(ActivityThread.java:2110)
E/AndroidRuntime( 3948): 	at android.app.ActivityThread.handleLaunchActivity(ActivityThread.java:2233)
E/AndroidRuntime( 3948): 	at android.app.ActivityThread.access$800(ActivityThread.java:135)
E/AndroidRuntime( 3948): 	at android.app.ActivityThread$H.handleMessage(ActivityThread.java:1196)
E/AndroidRuntime( 3948): 	at android.os.Handler.dispatchMessage(Handler.java:102)
E/AndroidRuntime( 3948): 	at android.os.Looper.loop(Looper.java:136)
E/AndroidRuntime( 3948): 	at android.app.ActivityThread.main(ActivityThread.java:5001)
E/AndroidRuntime( 3948): 	at java.lang.reflect.Method.invokeNative(Native Method)
E/AndroidRuntime( 3948): 	at java.lang.reflect.Method.invoke(Method.java:515)
E/AndroidRuntime( 3948): 	at com.android.internal.os.ZygoteInit$MethodAndArgsCaller.run(ZygoteInit.java:785)
E/AndroidRuntime( 3948): 	at com.android.internal.os.ZygoteInit.main(ZygoteInit.java:601)
E/AndroidRuntime( 3948): 	at dalvik.system.NativeStart.main(Native Method)
E/AndroidRuntime( 3948): Caused by: java.lang.ClassNotFoundException: Didn't find class "org.renpy.android.PythonActivity" on path: DexPathList[[zip file "/data/app/org.test.bifuz-2.apk"],nativeLibraryDirectories=[/data/app-lib/org.test.bifuz-2, /system/lib]]
E/AndroidRuntime( 3948): 	at dalvik.system.BaseDexClassLoader.findClass(BaseDexClassLoader.java:56)
E/AndroidRuntime( 3948): 	at java.lang.ClassLoader.loadClass(ClassLoader.java:497)
E/AndroidRuntime( 3948): 	at java.lang.ClassLoader.loadClass(ClassLoader.java:457)
E/AndroidRuntime( 3948): 	at android.app.Instrumentation.newActivity(Instrumentation.java:1061)
E/AndroidRuntime( 3948): 	at android.app.ActivityThread.performLaunchActivity(ActivityThread.java:2101)
E/AndroidRuntime( 3948): 	... 11 more
E/AndroidRuntime( 3948): 	Suppressed: java.io.IOException: unable to open DEX file
E/AndroidRuntime( 3948): 		at dalvik.system.DexFile.openDexFileNative(Native Method)
E/AndroidRuntime( 3948): 		at dalvik.system.DexFile.openDexFile(DexFile.java:296)
E/AndroidRuntime( 3948): 		at dalvik.system.DexFile.<init>(DexFile.java:80)
E/AndroidRuntime( 3948): 		at dalvik.system.DexFile.<init>(DexFile.java:59)
E/AndroidRuntime( 3948): 		at dalvik.system.DexPathList.loadDexFile(DexPathList.java:263)
E/AndroidRuntime( 3948): 		at dalvik.system.DexPathList.makeDexElements(DexPathList.java:230)
E/AndroidRuntime( 3948): 		at dalvik.system.DexPathList.<init>(DexPathList.java:112)
E/AndroidRuntime( 3948): 		at dalvik.system.BaseDexClassLoader.<init>(BaseDexClassLoader.java:48)
E/AndroidRuntime( 3948): 		at dalvik.system.PathClassLoader.<init>(PathClassLoader.java:65)
E/AndroidRuntime( 3948): 		at android.app.ApplicationLoaders.getClassLoader(ApplicationLoaders.java:57)
E/AndroidRuntime( 3948): 		at android.app.LoadedApk.getClassLoader(LoadedApk.java:318)
E/AndroidRuntime( 3948): 		at android.app.LoadedApk.makeApplication(LoadedApk.java:500)
E/AndroidRuntime( 3948): 		at android.app.ActivityThread.handleBindApplication(ActivityThread.java:4301)
E/AndroidRuntime( 3948): 		at android.app.ActivityThread.access$1500(ActivityThread.java:135)
E/AndroidRuntime( 3948): 		at android.app.ActivityThread$H.handleMessage(ActivityThread.java:1256)
E/AndroidRuntime( 3948): 		... 8 more
W/ActivityManager(  575):   Force finishing activity org.test.bifuz/org.renpy.android.PythonActivity
D/MobileDataStateTracker(  575): default: setPolicyDataEnable(enabled=true)
D/MobileDataStateTracker(  575): default: setPolicyDataEnable(enabled=true)
D/MobileDataStateTracker(  575): default: setPolicyDataEnable(enabled=true)
D/MobileDataStateTracker(  575): default: setPolicyDataEnable(enabled=true)
W/ActivityManager(  575): Activity pause timeout for ActivityRecord{529b772c u0 org.test.bifuz/org.renpy.android.PythonActivity t14 f}
D/MobileDataStateTracker(  575): default: setPolicyDataEnable(enabled=true)
D/MobileDataStateTracker(  575): default: setPolicyDataEnable(enabled=true)
D/MobileDataStateTracker(  575): default: setPolicyDataEnable(enabled=true)
D/MobileDataStateTracker(  575): default: setPolicyDataEnable(enabled=true)
I/ActivityManager(  575): Process org.test.bifuz:python (pid 3948) has died.
W/InputMethodManagerService(  575): Window already focused, ignoring focus gain of: com.android.internal.view.IInputMethodClient$Stub$Proxy@5292bc14 attribute=null, token = android.os.BinderProxy@5298ece4
I/ActivityManager(  575): START u0 {act=android.intent.action.MAIN cat=[android.intent.category.HOME] flg=0x10200000 cmp=com.android.launcher/com.android.launcher2.Launcher} from pid 575
D/MobileDataStateTracker(  575): default: setPolicyDataEnable(enabled=true)
D/MobileDataStateTracker(  575): default: setPolicyDataEnable(enabled=true)
D/MobileDataStateTracker(  575): default: setPolicyDataEnable(enabled=true)
D/MobileDataStateTracker(  575): default: setPolicyDataEnable(enabled=true)
D/MobileDataStateTracker(  575): default: setPolicyDataEnable(enabled=true)
D/MobileDataStateTracker(  575): default: setPolicyDataEnable(enabled=true)
I/ActivityManager(  575): Killing 1124:com.android.mms/u0a9 (adj 15): empty for 1800s
D/CountryDetector(  575): No listener is left
D/MobileDataStateTracker(  575): default: setPolicyDataEnable(enabled=true)
D/MobileDataStateTracker(  575): default: setPolicyDataEnable(enabled=true)
I/ActivityManager(  575): START u0 {act=android.intent.action.MAIN cat=[android.intent.category.HOME] flg=0x10200000 cmp=com.android.launcher/com.android.launcher2.Launcher} from pid 575
W/genymotion_audio(  249): out_write() limiting sleep time 116462 to 39909
W/genymotion_audio(  249): out_write() limiting sleep time 82743 to 39909
W/genymotion_audio(  249): out_write() limiting sleep time 58253 to 39909
W/genymotion_audio(  249): out_write() limiting sleep time 49931 to 39909
D/MobileDataStateTracker(  575): default: setPolicyDataEnable(enabled=true)
D/MobileDataStateTracker(  575): default: setPolicyDataEnable(enabled=true)
D/MobileDataStateTracker(  575): default: setPolicyDataEnable(enabled=true)
I/ActivityManager(  575): START u0 {act=android.intent.action.MAIN cat=[android.intent.category.LAUNCHER] flg=0x10200000 cmp=com.android.settings/.Settings bnds=[192,736][288,832]} from pid 760
I/ActivityManager(  575): Killing 1076:com.android.providers.calendar/u0a1 (adj 15): empty for 1801s
I/ActivityManager(  575): Killing 1178:com.android.calendar/u0a21 (adj 15): empty for 1806s
W/genymotion_audio(  249): out_write() limiting sleep time 116462 to 39909
W/genymotion_audio(  249): out_write() limiting sleep time 77664 to 39909
W/genymotion_audio(  249): out_write() limiting sleep time 60793 to 39909
D/MobileDataStateTracker(  575): default: setPolicyDataEnable(enabled=true)
I/ActivityManager(  575): START u0 {act=android.intent.action.MAIN cmp=com.android.settings/.SubSettings (has extras)} from pid 3686
W/genymotion_audio(  249): out_write() limiting sleep time 116462 to 39909
W/genymotion_audio(  249): out_write() limiting sleep time 82018 to 39909
W/genymotion_audio(  249): out_write() limiting sleep time 58072 to 39909
W/genymotion_audio(  249): out_write() limiting sleep time 42290 to 39909
W/genymotion_audio(  249): out_write() limiting sleep time 116462 to 39909
W/genymotion_audio(  249): out_write() limiting sleep time 78934 to 39909
W/genymotion_audio(  249): out_write() limiting sleep time 56258 to 39909
W/genymotion_audio(  249): out_write() limiting sleep time 55554 to 39909
D/MobileDataStateTracker(  575): default: setPolicyDataEnable(enabled=true)
I/ActivityManager(  575): START u0 {act=android.intent.action.MAIN cmp=com.android.settings/.SubSettings (has extras)} from pid 3686
W/genymotion_audio(  249): out_write() limiting sleep time 116462 to 39909
W/ContextImpl( 3686): Calling a method in the system process without a qualified user: android.app.ContextImpl.bindService:1559 android.content.ContextWrapper.bindService:517 com.android.settings.applications.ManageApplications.onCreate:863 android.app.Fragment.performCreate:1678 android.app.FragmentManagerImpl.moveToState:859 
W/genymotion_audio(  249): out_write() limiting sleep time 78934 to 39909
W/genymotion_audio(  249): out_write() limiting sleep time 62607 to 39909
W/genymotion_audio(  249): out_write() limiting sleep time 57732 to 39909
D/MobileDataStateTracker(  575): default: setPolicyDataEnable(enabled=true)
I/ActivityManager(  575): START u0 {act=android.intent.action.MAIN cmp=com.android.settings/.SubSettings (has extras)} from pid 3686
D/MobileDataStateTracker(  575): default: setPolicyDataEnable(enabled=true)
D/MobileDataStateTracker(  575): default: setPolicyDataEnable(enabled=true)
I/ActivityManager(  575): Force stopping org.test.bifuz appid=10059 user=0: clear data
W/InputMethodManagerService(  575): Window already focused, ignoring focus gain of: com.android.internal.view.IInputMethodClient$Stub$Proxy@52962044 attribute=null, token = android.os.BinderProxy@529411b8
I/ActivityManager(  575): START u0 {act=android.intent.action.MAIN cat=[android.intent.category.HOME] flg=0x10200000 cmp=com.android.launcher/com.android.launcher2.Launcher} from pid 575
D/MobileDataStateTracker(  575): default: setPolicyDataEnable(enabled=true)
W/InputMethodManagerService(  575): Starting input on non-focused client com.android.internal.view.IInputMethodClient$Stub$Proxy@52938574 (uid=1000 pid=3686)
D/MobileDataStateTracker(  575): default: setPolicyDataEnable(enabled=true)
D/MobileDataStateTracker(  575): default: setPolicyDataEnable(enabled=true)
D/MobileDataStateTracker(  575): default: setPolicyDataEnable(enabled=true)
I/ActivityManager(  575): START u0 {act=android.intent.action.MAIN cat=[android.intent.category.LAUNCHER] flg=0x10200000 cmp=org.test.bifuz/org.renpy.android.PythonActivity} from pid 760
I/ActivityManager(  575): Start proc org.test.bifuz:python for activity org.test.bifuz/org.renpy.android.PythonActivity: pid=4020 uid=10059 gids={50059, 1028, 1015}
E/AndroidRuntime( 4020): FATAL EXCEPTION: main
E/AndroidRuntime( 4020): Process: org.test.bifuz:python, PID: 4020
E/AndroidRuntime( 4020): java.lang.RuntimeException: Unable to instantiate activity ComponentInfo{org.test.bifuz/org.renpy.android.PythonActivity}: java.lang.ClassNotFoundException: Didn't find class "org.renpy.android.PythonActivity" on path: DexPathList[[zip file "/data/app/org.test.bifuz-2.apk"],nativeLibraryDirectories=[/data/app-lib/org.test.bifuz-2, /system/lib]]
E/AndroidRuntime( 4020): 	at android.app.ActivityThread.performLaunchActivity(ActivityThread.java:2110)
E/AndroidRuntime( 4020): 	at android.app.ActivityThread.handleLaunchActivity(ActivityThread.java:2233)
E/AndroidRuntime( 4020): 	at android.app.ActivityThread.access$800(ActivityThread.java:135)
E/AndroidRuntime( 4020): 	at android.app.ActivityThread$H.handleMessage(ActivityThread.java:1196)
E/AndroidRuntime( 4020): 	at android.os.Handler.dispatchMessage(Handler.java:102)
E/AndroidRuntime( 4020): 	at android.os.Looper.loop(Looper.java:136)
E/AndroidRuntime( 4020): 	at android.app.ActivityThread.main(ActivityThread.java:5001)
E/AndroidRuntime( 4020): 	at java.lang.reflect.Method.invokeNative(Native Method)
E/AndroidRuntime( 4020): 	at java.lang.reflect.Method.invoke(Method.java:515)
E/AndroidRuntime( 4020): 	at com.android.internal.os.ZygoteInit$MethodAndArgsCaller.run(ZygoteInit.java:785)
E/AndroidRuntime( 4020): 	at com.android.internal.os.ZygoteInit.main(ZygoteInit.java:601)
E/AndroidRuntime( 4020): 	at dalvik.system.NativeStart.main(Native Method)
E/AndroidRuntime( 4020): Caused by: java.lang.ClassNotFoundException: Didn't find class "org.renpy.android.PythonActivity" on path: DexPathList[[zip file "/data/app/org.test.bifuz-2.apk"],nativeLibraryDirectories=[/data/app-lib/org.test.bifuz-2, /system/lib]]
E/AndroidRuntime( 4020): 	at dalvik.system.BaseDexClassLoader.findClass(BaseDexClassLoader.java:56)
E/AndroidRuntime( 4020): 	at java.lang.ClassLoader.loadClass(ClassLoader.java:497)
E/AndroidRuntime( 4020): 	at java.lang.ClassLoader.loadClass(ClassLoader.java:457)
E/AndroidRuntime( 4020): 	at android.app.Instrumentation.newActivity(Instrumentation.java:1061)
E/AndroidRuntime( 4020): 	at android.app.ActivityThread.performLaunchActivity(ActivityThread.java:2101)
E/AndroidRuntime( 4020): 	... 11 more
E/AndroidRuntime( 4020): 	Suppressed: java.io.IOException: unable to open DEX file
E/AndroidRuntime( 4020): 		at dalvik.system.DexFile.openDexFileNative(Native Method)
E/AndroidRuntime( 4020): 		at dalvik.system.DexFile.openDexFile(DexFile.java:296)
E/AndroidRuntime( 4020): 		at dalvik.system.DexFile.<init>(DexFile.java:80)
E/AndroidRuntime( 4020): 		at dalvik.system.DexFile.<init>(DexFile.java:59)
E/AndroidRuntime( 4020): 		at dalvik.system.DexPathList.loadDexFile(DexPathList.java:263)
E/AndroidRuntime( 4020): 		at dalvik.system.DexPathList.makeDexElements(DexPathList.java:230)
E/AndroidRuntime( 4020): 		at dalvik.system.DexPathList.<init>(DexPathList.java:112)
E/AndroidRuntime( 4020): 		at dalvik.system.BaseDexClassLoader.<init>(BaseDexClassLoader.java:48)
E/AndroidRuntime( 4020): 		at dalvik.system.PathClassLoader.<init>(PathClassLoader.java:65)
E/AndroidRuntime( 4020): 		at android.app.ApplicationLoaders.getClassLoader(ApplicationLoaders.java:57)
E/AndroidRuntime( 4020): 		at android.app.LoadedApk.getClassLoader(LoadedApk.java:318)
E/AndroidRuntime( 4020): 		at android.app.LoadedApk.makeApplication(LoadedApk.java:500)
E/AndroidRuntime( 4020): 		at android.app.ActivityThread.handleBindApplication(ActivityThread.java:4301)
E/AndroidRuntime( 4020): 		at android.app.ActivityThread.access$1500(ActivityThread.java:135)
E/AndroidRuntime( 4020): 		at android.app.ActivityThread$H.handleMessage(ActivityThread.java:1256)
E/AndroidRuntime( 4020): 		... 8 more
W/ActivityManager(  575):   Force finishing activity org.test.bifuz/org.renpy.android.PythonActivity
D/MobileDataStateTracker(  575): default: setPolicyDataEnable(enabled=true)
W/ActivityManager(  575): Activity pause timeout for ActivityRecord{5297253c u0 org.test.bifuz/org.renpy.android.PythonActivity t15 f}
D/MobileDataStateTracker(  575): default: setPolicyDataEnable(enabled=true)
D/MobileDataStateTracker(  575): default: setPolicyDataEnable(enabled=true)
D/MobileDataStateTracker(  575): default: setPolicyDataEnable(enabled=true)
D/MobileDataStateTracker(  575): default: setPolicyDataEnable(enabled=true)
W/InputMethodManagerService(  575): Window already focused, ignoring focus gain of: com.android.internal.view.IInputMethodClient$Stub$Proxy@529de0d4 attribute=null, token = android.os.BinderProxy@5298ece4
I/ActivityManager(  575): Process org.test.bifuz:python (pid 4020) has died.
I/ActivityManager(  575): START u0 {act=com.android.systemui.recent.action.TOGGLE_RECENTS flg=0x10800000 cmp=com.android.systemui/.recent.RecentsActivity} from pid 640
W/genymotion_audio(  249): out_write() limiting sleep time 119546 to 39909
W/genymotion_audio(  249): out_write() limiting sleep time 108843 to 39909
D/MobileDataStateTracker(  575): default: setPolicyDataEnable(enabled=true)
W/genymotion_audio(  249): out_write() limiting sleep time 79092 to 39909
W/genymotion_audio(  249): out_write() limiting sleep time 62585 to 39909
W/genymotion_audio(  249): out_write() limiting sleep time 43174 to 39909
I/ActivityManager(  575): START u0 {act=android.intent.action.MAIN cat=[android.intent.category.LAUNCHER] flg=0x10304000 cmp=org.test.bifuz/org.renpy.android.PythonActivity bnds=[336,118][432,214]} from pid 640
D/MobileDataStateTracker(  575): default: setPolicyDataEnable(enabled=true)
I/ActivityManager(  575): Start proc org.test.bifuz:python for activity org.test.bifuz/org.renpy.android.PythonActivity: pid=4047 uid=10059 gids={50059, 1028, 1015}
E/AndroidRuntime( 4047): FATAL EXCEPTION: main
E/AndroidRuntime( 4047): Process: org.test.bifuz:python, PID: 4047
E/AndroidRuntime( 4047): java.lang.RuntimeException: Unable to instantiate activity ComponentInfo{org.test.bifuz/org.renpy.android.PythonActivity}: java.lang.ClassNotFoundException: Didn't find class "org.renpy.android.PythonActivity" on path: DexPathList[[zip file "/data/app/org.test.bifuz-2.apk"],nativeLibraryDirectories=[/data/app-lib/org.test.bifuz-2, /system/lib]]
E/AndroidRuntime( 4047): 	at android.app.ActivityThread.performLaunchActivity(ActivityThread.java:2110)
E/AndroidRuntime( 4047): 	at android.app.ActivityThread.handleLaunchActivity(ActivityThread.java:2233)
E/AndroidRuntime( 4047): 	at android.app.ActivityThread.access$800(ActivityThread.java:135)
E/AndroidRuntime( 4047): 	at android.app.ActivityThread$H.handleMessage(ActivityThread.java:1196)
E/AndroidRuntime( 4047): 	at android.os.Handler.dispatchMessage(Handler.java:102)
E/AndroidRuntime( 4047): 	at android.os.Looper.loop(Looper.java:136)
E/AndroidRuntime( 4047): 	at android.app.ActivityThread.main(ActivityThread.java:5001)
E/AndroidRuntime( 4047): 	at java.lang.reflect.Method.invokeNative(Native Method)
E/AndroidRuntime( 4047): 	at java.lang.reflect.Method.invoke(Method.java:515)
E/AndroidRuntime( 4047): 	at com.android.internal.os.ZygoteInit$MethodAndArgsCaller.run(ZygoteInit.java:785)
E/AndroidRuntime( 4047): 	at com.android.internal.os.ZygoteInit.main(ZygoteInit.java:601)
E/AndroidRuntime( 4047): 	at dalvik.system.NativeStart.main(Native Method)
E/AndroidRuntime( 4047): Caused by: java.lang.ClassNotFoundException: Didn't find class "org.renpy.android.PythonActivity" on path: DexPathList[[zip file "/data/app/org.test.bifuz-2.apk"],nativeLibraryDirectories=[/data/app-lib/org.test.bifuz-2, /system/lib]]
E/AndroidRuntime( 4047): 	at dalvik.system.BaseDexClassLoader.findClass(BaseDexClassLoader.java:56)
E/AndroidRuntime( 4047): 	at java.lang.ClassLoader.loadClass(ClassLoader.java:497)
E/AndroidRuntime( 4047): 	at java.lang.ClassLoader.loadClass(ClassLoader.java:457)
E/AndroidRuntime( 4047): 	at android.app.Instrumentation.newActivity(Instrumentation.java:1061)
E/AndroidRuntime( 4047): 	at android.app.ActivityThread.performLaunchActivity(ActivityThread.java:2101)
E/AndroidRuntime( 4047): 	... 11 more
E/AndroidRuntime( 4047): 	Suppressed: java.io.IOException: unable to open DEX file
E/AndroidRuntime( 4047): 		at dalvik.system.DexFile.openDexFileNative(Native Method)
E/AndroidRuntime( 4047): 		at dalvik.system.DexFile.openDexFile(DexFile.java:296)
E/AndroidRuntime( 4047): 		at dalvik.system.DexFile.<init>(DexFile.java:80)
E/AndroidRuntime( 4047): 		at dalvik.system.DexFile.<init>(DexFile.java:59)
E/AndroidRuntime( 4047): 		at dalvik.system.DexPathList.loadDexFile(DexPathList.java:263)
E/AndroidRuntime( 4047): 		at dalvik.system.DexPathList.makeDexElements(DexPathList.java:230)
E/AndroidRuntime( 4047): 		at dalvik.system.DexPathList.<init>(DexPathList.java:112)
E/AndroidRuntime( 4047): 		at dalvik.system.BaseDexClassLoader.<init>(BaseDexClassLoader.java:48)
E/AndroidRuntime( 4047): 		at dalvik.system.PathClassLoader.<init>(PathClassLoader.java:65)
E/AndroidRuntime( 4047): 		at android.app.ApplicationLoaders.getClassLoader(ApplicationLoaders.java:57)
E/AndroidRuntime( 4047): 		at android.app.LoadedApk.getClassLoader(LoadedApk.java:318)
E/AndroidRuntime( 4047): 		at android.app.LoadedApk.makeApplication(LoadedApk.java:500)
E/AndroidRuntime( 4047): 		at android.app.ActivityThread.handleBindApplication(ActivityThread.java:4301)
E/AndroidRuntime( 4047): 		at android.app.ActivityThread.access$1500(ActivityThread.java:135)
E/AndroidRuntime( 4047): 		at android.app.ActivityThread$H.handleMessage(ActivityThread.java:1256)
E/AndroidRuntime( 4047): 		... 8 more
D/MobileDataStateTracker(  575): default: setPolicyDataEnable(enabled=true)
W/ActivityManager(  575):   Force finishing activity org.test.bifuz/org.renpy.android.PythonActivity
D/MobileDataStateTracker(  575): default: setPolicyDataEnable(enabled=true)
W/ActivityManager(  575): Activity pause timeout for ActivityRecord{5294a068 u0 org.test.bifuz/org.renpy.android.PythonActivity t17 f}
D/MobileDataStateTracker(  575): default: setPolicyDataEnable(enabled=true)
D/MobileDataStateTracker(  575): default: setPolicyDataEnable(enabled=true)
D/MobileDataStateTracker(  575): default: setPolicyDataEnable(enabled=true)
D/MobileDataStateTracker(  575): default: setPolicyDataEnable(enabled=true)
I/ActivityManager(  575): Process org.test.bifuz:python (pid 4047) has died.
D/MobileDataStateTracker(  575): default: setPolicyDataEnable(enabled=true)
I/ActivityManager(  575): START u0 {act=com.android.systemui.recent.action.TOGGLE_RECENTS flg=0x10800000 cmp=com.android.systemui/.recent.RecentsActivity} from pid 640
D/MobileDataStateTracker(  575): default: setPolicyDataEnable(enabled=true)
D/MobileDataStateTracker(  575): default: setPolicyDataEnable(enabled=true)
W/genymotion_audio(  249): out_write() limiting sleep time 116462 to 39909
W/genymotion_audio(  249): out_write() limiting sleep time 77845 to 39909
D/MobileDataStateTracker(  575): default: setPolicyDataEnable(enabled=true)
W/genymotion_audio(  249): out_write() limiting sleep time 62244 to 39909
W/genymotion_audio(  249): out_write() limiting sleep time 53740 to 39909
I/ActivityManager(  575): START u0 {act=android.intent.action.UNINSTALL_PACKAGE dat=package:org.test.bifuz cmp=com.android.packageinstaller/.UninstallerActivity (has extras)} from pid 3686
I/ActivityManager(  575): Start proc com.android.packageinstaller for activity com.android.packageinstaller/.UninstallerActivity: pid=4078 uid=10044 gids={50044, 1028}
E/AndroidRuntime( 4078): FATAL EXCEPTION: main
E/AndroidRuntime( 4078): Process: com.android.packageinstaller, PID: 4078
E/AndroidRuntime( 4078): java.lang.RuntimeException: Unable to instantiate activity ComponentInfo{com.android.packageinstaller/com.android.packageinstaller.UninstallerActivity}: java.lang.ClassNotFoundException: Didn't find class "com.android.packageinstaller.UninstallerActivity" on path: DexPathList[[zip file "/system/app/PackageInstaller.apk"],nativeLibraryDirectories=[/system/lib]]
E/AndroidRuntime( 4078): 	at android.app.ActivityThread.performLaunchActivity(ActivityThread.java:2110)
E/AndroidRuntime( 4078): 	at android.app.ActivityThread.handleLaunchActivity(ActivityThread.java:2233)
E/AndroidRuntime( 4078): 	at android.app.ActivityThread.access$800(ActivityThread.java:135)
E/AndroidRuntime( 4078): 	at android.app.ActivityThread$H.handleMessage(ActivityThread.java:1196)
E/AndroidRuntime( 4078): 	at android.os.Handler.dispatchMessage(Handler.java:102)
E/AndroidRuntime( 4078): 	at android.os.Looper.loop(Looper.java:136)
E/AndroidRuntime( 4078): 	at android.app.ActivityThread.main(ActivityThread.java:5001)
E/AndroidRuntime( 4078): 	at java.lang.reflect.Method.invokeNative(Native Method)
E/AndroidRuntime( 4078): 	at java.lang.reflect.Method.invoke(Method.java:515)
E/AndroidRuntime( 4078): 	at com.android.internal.os.ZygoteInit$MethodAndArgsCaller.run(ZygoteInit.java:785)
E/AndroidRuntime( 4078): 	at com.android.internal.os.ZygoteInit.main(ZygoteInit.java:601)
E/AndroidRuntime( 4078): 	at dalvik.system.NativeStart.main(Native Method)
E/AndroidRuntime( 4078): Caused by: java.lang.ClassNotFoundException: Didn't find class "com.android.packageinstaller.UninstallerActivity" on path: DexPathList[[zip file "/system/app/PackageInstaller.apk"],nativeLibraryDirectories=[/system/lib]]
E/AndroidRuntime( 4078): 	at dalvik.system.BaseDexClassLoader.findClass(BaseDexClassLoader.java:56)
E/AndroidRuntime( 4078): 	at java.lang.ClassLoader.loadClass(ClassLoader.java:497)
E/AndroidRuntime( 4078): 	at java.lang.ClassLoader.loadClass(ClassLoader.java:457)
E/AndroidRuntime( 4078): 	at android.app.Instrumentation.newActivity(Instrumentation.java:1061)
E/AndroidRuntime( 4078): 	at android.app.ActivityThread.performLaunchActivity(ActivityThread.java:2101)
E/AndroidRuntime( 4078): 	... 11 more
E/AndroidRuntime( 4078): 	Suppressed: java.io.IOException: unable to open DEX file
E/AndroidRuntime( 4078): 		at dalvik.system.DexFile.openDexFileNative(Native Method)
E/AndroidRuntime( 4078): 		at dalvik.system.DexFile.openDexFile(DexFile.java:296)
E/AndroidRuntime( 4078): 		at dalvik.system.DexFile.<init>(DexFile.java:80)
E/AndroidRuntime( 4078): 		at dalvik.system.DexFile.<init>(DexFile.java:59)
E/AndroidRuntime( 4078): 		at dalvik.system.DexPathList.loadDexFile(DexPathList.java:263)
E/AndroidRuntime( 4078): 		at dalvik.system.DexPathList.makeDexElements(DexPathList.java:230)
E/AndroidRuntime( 4078): 		at dalvik.system.DexPathList.<init>(DexPathList.java:112)
E/AndroidRuntime( 4078): 		at dalvik.system.BaseDexClassLoader.<init>(BaseDexClassLoader.java:48)
E/AndroidRuntime( 4078): 		at dalvik.system.PathClassLoader.<init>(PathClassLoader.java:65)
E/AndroidRuntime( 4078): 		at android.app.ApplicationLoaders.getClassLoader(ApplicationLoaders.java:57)
E/AndroidRuntime( 4078): 		at android.app.LoadedApk.getClassLoader(LoadedApk.java:318)
E/AndroidRuntime( 4078): 		at android.app.LoadedApk.makeApplication(LoadedApk.java:500)
E/AndroidRuntime( 4078): 		at android.app.ActivityThread.handleBindApplication(ActivityThread.java:4301)
E/AndroidRuntime( 4078): 		at android.app.ActivityThread.access$1500(ActivityThread.java:135)
E/AndroidRuntime( 4078): 		at android.app.ActivityThread$H.handleMessage(ActivityThread.java:1256)
E/AndroidRuntime( 4078): 		... 8 more
W/ActivityManager(  575):   Force finishing activity com.android.packageinstaller/.UninstallerActivity
W/ActivityManager(  575):   Force finishing activity com.android.settings/.SubSettings
W/InputMethodManagerService(  575): Window already focused, ignoring focus gain of: com.android.internal.view.IInputMethodClient$Stub$Proxy@529cdd3c attribute=null, token = android.os.BinderProxy@529411b8
D/MobileDataStateTracker(  575): default: setPolicyDataEnable(enabled=true)
W/ActivityManager(  575): Activity pause timeout for ActivityRecord{5294b8cc u0 com.android.packageinstaller/.UninstallerActivity t11 f}
D/MobileDataStateTracker(  575): default: setPolicyDataEnable(enabled=true)
D/MobileDataStateTracker(  575): default: setPolicyDataEnable(enabled=true)
D/MobileDataStateTracker(  575): default: setPolicyDataEnable(enabled=true)
D/MobileDataStateTracker(  575): default: setPolicyDataEnable(enabled=true)
D/MobileDataStateTracker(  575): default: setPolicyDataEnable(enabled=true)
I/ActivityManager(  575): Process com.android.packageinstaller (pid 4078) has died.
I/ActivityManager(  575): START u0 {act=android.intent.action.MAIN cmp=com.android.settings/.SubSettings (has extras)} from pid 3686
I/ActivityManager(  575): START u0 {act=android.intent.action.UNINSTALL_PACKAGE dat=package:org.test.bifuz cmp=com.android.packageinstaller/.UninstallerActivity (has extras)} from pid 3686
I/ActivityManager(  575): Start proc com.android.packageinstaller for activity com.android.packageinstaller/.UninstallerActivity: pid=4105 uid=10044 gids={50044, 1028}
E/AndroidRuntime( 4105): FATAL EXCEPTION: main
E/AndroidRuntime( 4105): Process: com.android.packageinstaller, PID: 4105
