--------- beginning of /dev/log/system
D/MobileDataStateTracker(  575): default: Received state=DISCONNECTED, old=DISCONNECTED, reason=dataDetached
D/MobileDataStateTracker(  575): mms: Broadcast received: android.intent.action.ANY_DATA_STATE apnType=mms
D/MobileDataStateTracker(  575): mms: Received state=DISCONNECTED, old=DISCONNECTED, reason=dataDetached
D/MobileDataStateTracker(  575): cbs: Broadcast received: android.intent.action.ANY_DATA_STATE apnType=cbs
D/MobileDataStateTracker(  575): cbs: Received state=DISCONNECTED, old=DISCONNECTED, reason=dataDetached
D/MobileDataStateTracker(  575): fota: Broadcast received: android.intent.action.ANY_DATA_STATE apnType=fota
D/MobileDataStateTracker(  575): fota: Received state=DISCONNECTED, old=DISCONNECTED, reason=roamingOff
D/MobileDataStateTracker(  575): ia: Broadcast received: android.intent.action.ANY_DATA_STATE apnType=ia
D/MobileDataStateTracker(  575): ia: Received state=DISCONNECTED, old=DISCONNECTED, reason=roamingOff
D/MobileDataStateTracker(  575): supl: Broadcast received: android.intent.action.ANY_DATA_STATE apnType=supl
D/MobileDataStateTracker(  575): supl: Received state=DISCONNECTED, old=DISCONNECTED, reason=roamingOff
D/MobileDataStateTracker(  575): hipri: Broadcast received: android.intent.action.ANY_DATA_STATE apnType=hipri
D/MobileDataStateTracker(  575): hipri: Received state=DISCONNECTED, old=DISCONNECTED, reason=roamingOff
D/MobileDataStateTracker(  575): ims: Broadcast received: android.intent.action.ANY_DATA_STATE apnType=ims
D/MobileDataStateTracker(  575): ims: Received state=DISCONNECTED, old=DISCONNECTED, reason=roamingOff
D/MobileDataStateTracker(  575): default: Broadcast received: android.intent.action.ANY_DATA_STATE apnType=default
D/MobileDataStateTracker(  575): default: Received state=DISCONNECTED, old=DISCONNECTED, reason=roamingOff
D/MobileDataStateTracker(  575): mms: Broadcast received: android.intent.action.ANY_DATA_STATE apnType=mms
D/MobileDataStateTracker(  575): mms: Received state=DISCONNECTED, old=DISCONNECTED, reason=roamingOff
D/MobileDataStateTracker(  575): cbs: Broadcast received: android.intent.action.ANY_DATA_STATE apnType=cbs
D/MobileDataStateTracker(  575): cbs: Received state=DISCONNECTED, old=DISCONNECTED, reason=roamingOff
D/MccTable(  747): updateMccMncConfiguration: mcc=310, mnc=260
D/MccTable(  747): getLocaleFromMcc to en_us mcc=310
D/MccTable(  747): getLocaleForLanguageCountry: skipping already persisted
D/MccTable(  747): getLocaleForLanguageCountry: X locale=null
D/MccTable(  747): WIFI_COUNTRY_CODE set to us
I/WifiService(  575): WifiService trying to set country code to us with persist set to true
D/MobileDataStateTracker(  575): fota: Broadcast received: android.intent.action.ANY_DATA_STATE apnType=fota
D/MobileDataStateTracker(  575): fota: Received state=DISCONNECTED, old=DISCONNECTED, reason=dataAttached
D/MobileDataStateTracker(  575): ia: Broadcast received: android.intent.action.ANY_DATA_STATE apnType=ia
D/MobileDataStateTracker(  575): ia: Received state=DISCONNECTED, old=DISCONNECTED, reason=dataAttached
D/MobileDataStateTracker(  575): supl: Broadcast received: android.intent.action.ANY_DATA_STATE apnType=supl
D/MobileDataStateTracker(  575): supl: Received state=DISCONNECTED, old=DISCONNECTED, reason=dataAttached
D/MobileDataStateTracker(  575): hipri: Broadcast received: android.intent.action.ANY_DATA_STATE apnType=hipri
D/MobileDataStateTracker(  575): hipri: Received state=DISCONNECTED, old=DISCONNECTED, reason=dataAttached
D/MobileDataStateTracker(  575): ims: Broadcast received: android.intent.action.ANY_DATA_STATE apnType=ims
D/MobileDataStateTracker(  575): ims: Received state=DISCONNECTED, old=DISCONNECTED, reason=dataAttached
D/MobileDataStateTracker(  575): mms: Broadcast received: android.intent.action.ANY_DATA_STATE apnType=mms
D/MobileDataStateTracker(  575): mms: Received state=DISCONNECTED, old=DISCONNECTED, reason=dataAttached
D/MobileDataStateTracker(  575): cbs: Broadcast received: android.intent.action.ANY_DATA_STATE apnType=cbs
D/MobileDataStateTracker(  575): cbs: Received state=DISCONNECTED, old=DISCONNECTED, reason=dataAttached
D/MobileDataStateTracker(  575): fota: Broadcast received: android.intent.action.ANY_DATA_STATE apnType=fota
D/MobileDataStateTracker(  575): fota: Received state=DISCONNECTED, old=DISCONNECTED, reason=dataAttached
D/MobileDataStateTracker(  575): ia: Broadcast received: android.intent.action.ANY_DATA_STATE apnType=ia
D/MobileDataStateTracker(  575): ia: Received state=DISCONNECTED, old=DISCONNECTED, reason=dataAttached
D/MobileDataStateTracker(  575): supl: Broadcast received: android.intent.action.ANY_DATA_STATE apnType=supl
D/MobileDataStateTracker(  575): supl: Received state=DISCONNECTED, old=DISCONNECTED, reason=dataAttached
D/MobileDataStateTracker(  575): hipri: Broadcast received: android.intent.action.ANY_DATA_STATE apnType=hipri
D/MobileDataStateTracker(  575): hipri: Received state=DISCONNECTED, old=DISCONNECTED, reason=dataAttached
D/MobileDataStateTracker(  575): ims: Broadcast received: android.intent.action.ANY_DATA_STATE apnType=ims
D/MobileDataStateTracker(  575): ims: Received state=DISCONNECTED, old=DISCONNECTED, reason=dataAttached
D/MobileDataStateTracker(  575): mms: Broadcast received: android.intent.action.ANY_DATA_STATE apnType=mms
D/MobileDataStateTracker(  575): mms: Received state=DISCONNECTED, old=DISCONNECTED, reason=dataAttached
D/MobileDataStateTracker(  575): cbs: Broadcast received: android.intent.action.ANY_DATA_STATE apnType=cbs
D/MobileDataStateTracker(  575): cbs: Received state=DISCONNECTED, old=DISCONNECTED, reason=dataAttached
D/MccTable(  747): updateMccMncConfiguration: mcc=310, mnc=260
D/MccTable(  747): getLocaleFromMcc to en_us mcc=310
D/MccTable(  747): getLocaleForLanguageCountry: skipping already persisted
D/MccTable(  747): getLocaleForLanguageCountry: X locale=null
D/MccTable(  747): updateMccMncConfiguration updateConfig config={1.0 310mcc260mnc ?locale ?layoutDir ?swdp ?wdp ?hdp ?density ?lsize ?long ?orien ?uimode ?night ?touch ?keyb/?/? ?nav/?}
I/ActivityManager(  575): Config changes=3 {1.0 310mcc260mnc en_US ldltr sw768dp w768dp h1207dp 160dpi xlrg port finger qwerty/v/v dpad/v s.6}
D/MccTable(  747): updateMccMncConfiguration: mcc=310, mnc=260
D/MccTable(  747): getLocaleFromMcc to en_us mcc=310
D/MccTable(  747): getLocaleForLanguageCountry: skipping already persisted
D/MccTable(  747): getLocaleForLanguageCountry: X locale=null
D/MccTable(  747): updateMccMncConfiguration updateConfig config={1.0 310mcc260mnc ?locale ?layoutDir ?swdp ?wdp ?hdp ?density ?lsize ?long ?orien ?uimode ?night ?touch ?keyb/?/? ?nav/?}
I/ActivityManager(  575): Start proc com.android.deskclock for broadcast com.android.deskclock/com.android.alarmclock.AnalogAppWidgetProvider: pid=967 uid=10025 gids={50025, 1028}
D/MobileDataStateTracker(  575): fota: Broadcast received: android.intent.action.ANY_DATA_STATE apnType=fota
D/MobileDataStateTracker(  575): fota: Received state=DISCONNECTED, old=DISCONNECTED, reason=simLoaded
D/MobileDataStateTracker(  575): ia: Broadcast received: android.intent.action.ANY_DATA_STATE apnType=ia
D/MobileDataStateTracker(  575): ia: Received state=DISCONNECTED, old=DISCONNECTED, reason=simLoaded
D/MobileDataStateTracker(  575): supl: Broadcast received: android.intent.action.ANY_DATA_STATE apnType=supl
D/MobileDataStateTracker(  575): supl: Received state=DISCONNECTED, old=DISCONNECTED, reason=simLoaded
D/MobileDataStateTracker(  575): hipri: Broadcast received: android.intent.action.ANY_DATA_STATE apnType=hipri
D/MobileDataStateTracker(  575): hipri: Received state=DISCONNECTED, old=DISCONNECTED, reason=simLoaded
D/MobileDataStateTracker(  575): ims: Broadcast received: android.intent.action.ANY_DATA_STATE apnType=ims
D/MobileDataStateTracker(  575): ims: Received state=DISCONNECTED, old=DISCONNECTED, reason=simLoaded
D/MobileDataStateTracker(  575): mms: Broadcast received: android.intent.action.ANY_DATA_STATE apnType=mms
D/MobileDataStateTracker(  575): mms: Received state=DISCONNECTED, old=DISCONNECTED, reason=simLoaded
D/MobileDataStateTracker(  575): cbs: Broadcast received: android.intent.action.ANY_DATA_STATE apnType=cbs
D/MobileDataStateTracker(  575): cbs: Received state=DISCONNECTED, old=DISCONNECTED, reason=simLoaded
D/MobileDataStateTracker(  575): default: Broadcast received: android.intent.action.ANY_DATA_STATE apnType=default
D/MobileDataStateTracker(  575): default: Received state=CONNECTING, old=DISCONNECTED, reason=simLoaded
D/MobileDataStateTracker(  575): default: setDetailed state, old =IDLE and new state=CONNECTING
D/MobileDataStateTracker(  575): fota: Broadcast received: android.intent.action.ANY_DATA_STATE apnType=fota
D/MobileDataStateTracker(  575): fota: Received state=DISCONNECTED, old=DISCONNECTED, reason=simLoaded
D/MobileDataStateTracker(  575): ia: Broadcast received: android.intent.action.ANY_DATA_STATE apnType=ia
D/MobileDataStateTracker(  575): ia: Received state=DISCONNECTED, old=DISCONNECTED, reason=simLoaded
D/MobileDataStateTracker(  575): supl: Broadcast received: android.intent.action.ANY_DATA_STATE apnType=supl
D/MobileDataStateTracker(  575): supl: Received state=DISCONNECTED, old=DISCONNECTED, reason=simLoaded
D/MobileDataStateTracker(  575): hipri: Broadcast received: android.intent.action.ANY_DATA_STATE apnType=hipri
D/MobileDataStateTracker(  575): hipri: Received state=DISCONNECTED, old=DISCONNECTED, reason=simLoaded
D/MobileDataStateTracker(  575): ims: Broadcast received: android.intent.action.ANY_DATA_STATE apnType=ims
D/MobileDataStateTracker(  575): ims: Received state=DISCONNECTED, old=DISCONNECTED, reason=simLoaded
D/MobileDataStateTracker(  575): mms: Broadcast received: android.intent.action.ANY_DATA_STATE apnType=mms
D/MobileDataStateTracker(  575): mms: Received state=DISCONNECTED, old=DISCONNECTED, reason=simLoaded
D/MobileDataStateTracker(  575): cbs: Broadcast received: android.intent.action.ANY_DATA_STATE apnType=cbs
D/MobileDataStateTracker(  575): cbs: Received state=DISCONNECTED, old=DISCONNECTED, reason=simLoaded
D/MobileDataStateTracker(  575): default: setPolicyDataEnable(enabled=true)
D/MobileDataStateTracker(  575): default: Broadcast received: android.intent.action.ANY_DATA_STATE apnType=default
D/MobileDataStateTracker(  575): default: Received state=CONNECTED, old=CONNECTING, reason=connected
D/MobileDataStateTracker(  575): default: setDetailed state, old =CONNECTING and new state=CONNECTED
D/ConnectivityService(  575): ConnectivityChange for mobile: CONNECTED/CONNECTED
D/ConnectivityService(  575): ConnectivityChange checkMobileProvisioning for TYPE_MOBILE or ProvisioningNetwork
D/ConnectivityService(  575): checkMobileProvisioning: E suggestedTimeOutMs=60000
D/ConnectivityService(  575): setProvNotificationVisible: E visible=false networkType=5 extraInfo=null url=null
D/ConnectivityService(  575): checkMobileProvisioning: params={ url=http://clients3.google.com/generate_204 mTimeOutMs=60000 mCb=com.android.server.ConnectivityService$5@52923710}
D/ConnectivityService(  575): checkMobileProvisioning: X
D/MobileDataStateTracker(  575): default: isProvisioningNetwork: retVal=false
D/ConnectivityService(  575): [CheckMp] isMobileOk: isDefaultProvisioning=false
D/Nat464Xlat(  575): requiresClat: netType=0, hasIPv4Address=true
D/MobileDataStateTracker(  575): hipri: isProvisioningNetwork: retVal=false
D/ConnectivityService(  575): [CheckMp] isMobileOk: isHipriProvisioning=false
D/ConnectivityService(  575): [CheckMp] isMobileOk: start hipri url=http://clients3.google.com/generate_204
D/ConnectivityService(  575): startUsingNetworkFeature reconnecting to 0: enableHIPRI
W/SocketClient(  246): write error (Broken pipe)
D/ConnectivityService(  575): startUsingNetworkFeature X: return APN_REQUEST_STARTED
D/MobileDataStateTracker(  575): default: setPolicyDataEnable(enabled=true)
D/ConnectivityService(  575): [CheckMp] isMobileOk: hipri started
D/ConnectivityService(  575): [CheckMp] isMobileOk: not connected ni=NetworkInfo: type: mobile_hipri[UMTS], state: DISCONNECTED/IDLE, reason: (unspecified), extra: (none), roaming: false, failover: false, isAvailable: true, isConnectedToProvisioningNetwork: false
D/MobileDataStateTracker(  575): hipri: Broadcast received: android.intent.action.ANY_DATA_STATE apnType=hipri
D/MobileDataStateTracker(  575): hipri: Received state=CONNECTING, old=DISCONNECTED, reason=dataEnabled
D/MobileDataStateTracker(  575): hipri: setDetailed state, old =IDLE and new state=CONNECTING
D/MobileDataStateTracker(  575): fota: Broadcast received: android.intent.action.ANY_DATA_STATE apnType=fota
D/MobileDataStateTracker(  575): fota: Received state=DISCONNECTED, old=DISCONNECTED, reason=dataEnabled
D/MobileDataStateTracker(  575): ia: Broadcast received: android.intent.action.ANY_DATA_STATE apnType=ia
D/MobileDataStateTracker(  575): ia: Received state=DISCONNECTED, old=DISCONNECTED, reason=dataEnabled
D/MobileDataStateTracker(  575): supl: Broadcast received: android.intent.action.ANY_DATA_STATE apnType=supl
D/MobileDataStateTracker(  575): supl: Received state=DISCONNECTED, old=DISCONNECTED, reason=dataEnabled
D/MobileDataStateTracker(  575): ims: Broadcast received: android.intent.action.ANY_DATA_STATE apnType=ims
D/MobileDataStateTracker(  575): ims: Received state=DISCONNECTED, old=DISCONNECTED, reason=dataEnabled
D/MobileDataStateTracker(  575): mms: Broadcast received: android.intent.action.ANY_DATA_STATE apnType=mms
D/MobileDataStateTracker(  575): mms: Received state=DISCONNECTED, old=DISCONNECTED, reason=dataEnabled
D/MobileDataStateTracker(  575): cbs: Broadcast received: android.intent.action.ANY_DATA_STATE apnType=cbs
D/MobileDataStateTracker(  575): cbs: Received state=DISCONNECTED, old=DISCONNECTED, reason=dataEnabled
D/MobileDataStateTracker(  575): hipri: Broadcast received: android.intent.action.ANY_DATA_STATE apnType=hipri
D/MobileDataStateTracker(  575): hipri: Received state=CONNECTED, old=CONNECTING, reason=dataEnabled
D/MobileDataStateTracker(  575): hipri: setDetailed state, old =CONNECTING and new state=CONNECTED
D/ConnectivityService(  575): ConnectivityChange for mobile_hipri: CONNECTED/CONNECTED
D/Nat464Xlat(  575): requiresClat: netType=5, hasIPv4Address=true
D/MobileDataStateTracker(  575): default: setPolicyDataEnable(enabled=true)
D/ConnectivityService(  575): Captive portal check NetworkInfo: type: WIFI[], state: CONNECTING/CAPTIVE_PORTAL_CHECK, reason: (unspecified), extra: "WiredSSID", roaming: false, failover: false, isAvailable: true, isConnectedToProvisioningNetwork: false
D/ConnectivityService(  575): Captive check on WIFI
D/ConnectivityService(  575): Captive portal check NetworkInfo: type: WIFI[], state: CONNECTING/CAPTIVE_PORTAL_CHECK, reason: (unspecified), extra: "WiredSSID", roaming: false, failover: false, isAvailable: true, isConnectedToProvisioningNetwork: false
D/ConnectivityService(  575): Captive check on WIFI
D/ConnectivityService(  575): captivePortalCheckComplete: ni=NetworkInfo: type: WIFI[], state: CONNECTING/CAPTIVE_PORTAL_CHECK, reason: (unspecified), extra: "WiredSSID", roaming: false, failover: false, isAvailable: true, isConnectedToProvisioningNetwork: false
D/ConnectivityService(  575): captivePortalCheckComplete: ni=NetworkInfo: type: WIFI[], state: CONNECTING/CAPTIVE_PORTAL_CHECK, reason: (unspecified), extra: "WiredSSID", roaming: false, failover: false, isAvailable: true, isConnectedToProvisioningNetwork: false
D/ConnectivityService(  575): ConnectivityChange for WIFI: CONNECTED/CONNECTED
D/ConnectivityService(  575): Policy requires mobile teardown
E/ConnectivityService(  575): Unexpected mtu value: android.net.wifi.WifiStateTracker@528eeed0
D/MobileDataStateTracker(  575): default: Broadcast received: android.intent.action.ANY_DATA_STATE apnType=default
D/MobileDataStateTracker(  575): default: Received state=DISCONNECTED, old=CONNECTED, reason=dataDisabled
D/MobileDataStateTracker(  575): default: setDetailed state, old =CONNECTED and new state=DISCONNECTED
D/Nat464Xlat(  575): requiresClat: netType=1, hasIPv4Address=true
D/ConnectivityService(  575): ConnectivityChange for WIFI: CONNECTED/CONNECTED
E/ConnectivityService(  575): Unexpected mtu value: android.net.wifi.WifiStateTracker@528eeed0
D/ConnectivityService(  575): handleConnectivityChange: address are the same reset per doReset linkProperty[1]: resetMask=0
D/Nat464Xlat(  575): requiresClat: netType=1, hasIPv4Address=true
D/ConnectivityService(  575): ConnectivityChange for mobile: DISCONNECTED/DISCONNECTED
D/ConnectivityService(  575): Attempting to switch to WIFI
D/Nat464Xlat(  575): requiresClat: netType=0, hasIPv4Address=true
I/WindowManager(  575): Screen frozen for +911ms due to Window{529439c8 u0 Keyguard}
I/ActivityManager(  575): Start proc com.android.dialer for broadcast com.android.dialer/.calllog.CallLogReceiver: pid=1055 uid=10004 gids={50004, 3003, 1028, 1015}
V/WiredAccessoryManager(  575): init()
I/PowerManagerService(  575): Boot animation finished.
I/ActivityManager(  575): Start proc com.android.providers.calendar for broadcast com.android.providers.calendar/.CalendarReceiver: pid=1076 uid=10001 gids={50001, 3003, 1028, 1015}
I/BootReceiver(  575): Copying audit failures to DropBox
I/BootReceiver(  575): Checking for fsck errors
I/ActivityManager(  575): Delay finish: com.android.providers.downloads/.DownloadReceiver
I/ActivityManager(  575): Resuming delayed broadcast
I/ActivityManager(  575): Delay finish: com.android.providers.media/.MediaScannerReceiver
D/MobileDataStateTracker(  575): hipri: isProvisioningNetwork: retVal=false
D/ConnectivityService(  575): [CheckMp] isMobileOk: isProvisioningNetwork is false, continue
I/ActivityManager(  575): Resuming delayed broadcast
I/ActivityManager(  575): Start proc com.android.mms for broadcast com.android.mms/.transaction.MmsSystemEventReceiver: pid=1124 uid=10009 gids={50009, 3003, 1028, 1015}
D/CountryDetector(  575): The first listener is added
I/ActivityManager(  575): Delay finish: com.android.mms/.transaction.MmsSystemEventReceiver
I/ActivityManager(  575): Resuming delayed broadcast
I/ActivityManager(  575): Delay finish: com.android.mms/.transaction.SmsReceiver
D/ConnectivityService(  575): handleConnectivityChange: addresses changed linkProperty[1]: resetMask=0
D/ConnectivityService(  575):    car=removed=[] added=[fe80::a00:27ff:fe6f:b86f/64,]
D/Nat464Xlat(  575): requiresClat: netType=1, hasIPv4Address=true
D/ConnectivityService(  575): handleConnectivityChange: address are the same reset per doReset linkProperty[1]: resetMask=0
D/Nat464Xlat(  575): requiresClat: netType=1, hasIPv4Address=true
I/ActivityManager(  575): Resuming delayed broadcast
I/ActivityManager(  575): Start proc com.android.onetimeinitializer for broadcast com.android.onetimeinitializer/.OneTimeInitializerReceiver: pid=1150 uid=10011 gids={50011}
I/ActivityManager(  575): Delay finish: com.android.onetimeinitializer/.OneTimeInitializerReceiver
I/ActivityManager(  575): Resuming delayed broadcast
I/ActivityManager(  575): Start proc com.android.voicedialer for broadcast com.android.voicedialer/.VoiceDialerReceiver: pid=1165 uid=10014 gids={50014, 3002}
I/ActivityManager(  575): Start proc com.android.calendar for broadcast com.android.calendar/.alerts.AlertReceiver: pid=1178 uid=10021 gids={50021, 3003}
I/ActivityManager(  575): Delay finish: com.android.calendar/.alerts.AlertReceiver
I/ActivityManager(  575): Resuming delayed broadcast
I/ActivityManager(  575): Start proc com.android.email for broadcast com.android.email/.service.EmailBroadcastReceiver: pid=1201 uid=10029 gids={50029, 3003, 1028, 1015}
I/ActivityManager(  575): Delay finish: com.android.email/.service.EmailBroadcastReceiver
W/ActivityManager(  575): Unable to start service Intent { cmp=com.android.email/.service.AttachmentDownloadService } U=0: not found
I/ActivityManager(  575): Delaying start of: ServiceRecord{52981ab4 u0 com.android.exchange/.service.EmailSyncAdapterService}
I/ActivityManager(  575): Start proc com.android.exchange for service com.android.exchange/.service.EmailSyncAdapterService: pid=1221 uid=10030 gids={50030, 3003, 1028, 1015}
I/ActivityManager(  575): Resuming delayed broadcast
I/ActivityManager(  575): Start proc com.genymotion.superuser for broadcast com.genymotion.superuser/com.koushikdutta.superuser.SuCheckerReceiver: pid=1235 uid=10052 gids={50052}
I/ActivityManager(  575): Delay finish: com.android.mms/.transaction.SmsReceiver
I/ActivityManager(  575): Resuming delayed broadcast
I/ActivityManager(  575): Delay finish: com.android.calendar/.alerts.AlertReceiver
W/genymotion_audio(  249): out_write() limiting sleep time 116462 to 39909
W/genymotion_audio(  249): out_write() limiting sleep time 79115 to 39909
W/genymotion_audio(  249): out_write() limiting sleep time 60612 to 39909
W/genymotion_audio(  249): out_write() limiting sleep time 56643 to 39909
D/Genyd   (   77): Received Get Capabilities
D/Genyd   (   77): Received Set Clipboard
D/Genymotion(   77): Received Set Clipboard
I/ActivityManager(  575): Resuming delayed broadcast
I/ActivityManager(  575): Delay finish: com.android.providers.calendar/.CalendarProviderBroadcastReceiver
I/ActivityManager(  575): Resuming delayed broadcast
D/ConnectivityService(  575): setProvNotificationVisible: E visible=false networkType=1 extraInfo=null url=null
I/ActivityManager(  575): Waited long enough for: ServiceRecord{52916f4c u0 com.android.music/.MediaPlaybackService}
I/ActivityManager(  575): Waited long enough for: ServiceRecord{52980720 u0 com.android.calendar/.alerts.InitAlarmsService}
W/genymotion_audio(  249): out_write() limiting sleep time 116462 to 39909
W/genymotion_audio(  249): out_write() limiting sleep time 82925 to 39909
W/genymotion_audio(  249): out_write() limiting sleep time 58435 to 39909
I/ActivityManager(  575): START u0 {act=android.intent.action.MAIN cat=[android.intent.category.LAUNCHER] flg=0x10200000 cmp=com.cyanogenmod.filemanager/.activities.NavigationActivity} from pid 760
I/ActivityManager(  575): Start proc com.cyanogenmod.filemanager for activity com.cyanogenmod.filemanager/.activities.NavigationActivity: pid=1291 uid=10019 gids={50019, 1028, 1015}
I/ActivityManager(  575): START u0 {act=android.intent.action.MAIN cat=[android.intent.category.LAUNCHER] flg=0x10200000 cmp=com.cyanogenmod.filemanager/.activities.NavigationActivity} from pid 760
D/MobileDataStateTracker(  575): default: setPolicyDataEnable(enabled=true)
D/MobileDataStateTracker(  575): default: setPolicyDataEnable(enabled=true)
D/MobileDataStateTracker(  575): default: setPolicyDataEnable(enabled=true)
D/MobileDataStateTracker(  575): default: setPolicyDataEnable(enabled=true)
D/MobileDataStateTracker(  575): default: setPolicyDataEnable(enabled=true)
D/MobileDataStateTracker(  575): default: setPolicyDataEnable(enabled=true)
W/genymotion_audio(  249): out_write() limiting sleep time 116462 to 39909
W/genymotion_audio(  249): out_write() limiting sleep time 82743 to 39909
W/genymotion_audio(  249): out_write() limiting sleep time 57346 to 39909
W/genymotion_audio(  249): out_write() limiting sleep time 40657 to 39909
D/MobileDataStateTracker(  575): default: setPolicyDataEnable(enabled=true)
D/MobileDataStateTracker(  575): default: setPolicyDataEnable(enabled=true)
D/MobileDataStateTracker(  575): default: setPolicyDataEnable(enabled=true)
D/MobileDataStateTracker(  575): default: setPolicyDataEnable(enabled=true)
D/MobileDataStateTracker(  575): default: setPolicyDataEnable(enabled=true)
D/MobileDataStateTracker(  575): default: setPolicyDataEnable(enabled=true)
I/ActivityManager(  575): Start proc com.android.musicfx for broadcast com.android.musicfx/.ControlPanelReceiver: pid=1489 uid=10010 gids={50010, 3003, 3002}
D/ConnectivityService(  575): stopUsingNetworkFeature: teardown net 0: enableHIPRI
D/MobileDataStateTracker(  575): hipri: Broadcast received: android.intent.action.ANY_DATA_STATE apnType=hipri
D/MobileDataStateTracker(  575): hipri: Received state=DISCONNECTED, old=CONNECTED, reason=dataDisabled
D/MobileDataStateTracker(  575): hipri: setDetailed state, old =CONNECTED and new state=DISCONNECTED
D/ConnectivityService(  575): ConnectivityChange for mobile_hipri: DISCONNECTED/DISCONNECTED
D/Nat464Xlat(  575): requiresClat: netType=5, hasIPv4Address=true
D/MobileDataStateTracker(  575): default: setPolicyDataEnable(enabled=true)
D/ConnectivityService(  575): Sampling interval elapsed, updating statistics ..
D/ConnectivityService(  575): Done.
D/ConnectivityService(  575): Setting timer for 720seconds
D/MobileDataStateTracker(  575): default: setPolicyDataEnable(enabled=true)
D/MobileDataStateTracker(  575): default: setPolicyDataEnable(enabled=true)
D/MobileDataStateTracker(  575): default: setPolicyDataEnable(enabled=true)
D/MobileDataStateTracker(  575): default: setPolicyDataEnable(enabled=true)
D/ConnectivityService(  575): [CheckMp] isMobileOk: addresses=clients3.google.com/216.58.209.206
D/ConnectivityService(  575): [CheckMp] isMobileOk: linkHasIpv4=true linkHasIpv6=false
D/ConnectivityService(  575): [CheckMp] isMobileOk: spend too much time - giving up
D/ConnectivityService(  575): [CheckMp] isMobileOk: X loops|timed out result=0
D/ConnectivityService(  575): [CheckMp] isMobileOk: F stop hipri
D/MobileDataStateTracker(  575): default: setEnableFailFastMobileData(enabled=0)
W/ActivityThread(  575): ClassLoader.loadClass: The class loader returned by Thread.getContextClassLoader() may fail for processes that host multiple applications. You should explicitly specify a context class loader. For example: Thread.setContextClassLoader(getClass().getClassLoader());
D/ConnectivityService(  575): captivePortalCheckCompleted: ni=NetworkInfo: type: WIFI[], state: CONNECTED/CONNECTED, reason: (unspecified), extra: "WiredSSID", roaming: false, failover: false, isAvailable: true, isConnectedToProvisioningNetwork: false captive=false
I/ActivityManager(  575): START u0 {act=android.intent.action.MAIN cat=[android.intent.category.HOME] flg=0x10200000 cmp=com.android.launcher/com.android.launcher2.Launcher} from pid 575
D/MobileDataStateTracker(  575): default: setPolicyDataEnable(enabled=true)
D/MobileDataStateTracker(  575): default: setPolicyDataEnable(enabled=true)
D/ConnectivityService(  575): [CheckMp] isMobileOk: X result=0
D/ConnectivityService(  575): [CheckMp] onPostExecute: result=0
D/ConnectivityService(  575): CheckMp.onComplete: result=0
D/ConnectivityService(  575): CheckMp.onComplete: ignore, connected or no connection
D/MobileDataStateTracker(  575): default: setPolicyDataEnable(enabled=true)
D/MobileDataStateTracker(  575): default: setPolicyDataEnable(enabled=true)
D/MobileDataStateTracker(  575): default: setPolicyDataEnable(enabled=true)
D/MobileDataStateTracker(  575): default: setPolicyDataEnable(enabled=true)
D/MobileDataStateTracker(  575): default: setPolicyDataEnable(enabled=true)
D/MobileDataStateTracker(  575): default: setPolicyDataEnable(enabled=true)
D/MobileDataStateTracker(  575): default: setPolicyDataEnable(enabled=true)
D/MobileDataStateTracker(  575): default: setPolicyDataEnable(enabled=true)
D/MobileDataStateTracker(  575): default: setPolicyDataEnable(enabled=true)
D/MobileDataStateTracker(  575): default: setPolicyDataEnable(enabled=true)
D/MobileDataStateTracker(  575): default: setPolicyDataEnable(enabled=true)
D/MobileDataStateTracker(  575): default: setPolicyDataEnable(enabled=true)
D/MobileDataStateTracker(  575): default: setPolicyDataEnable(enabled=true)
I/ActivityManager(  575): START u0 {act=android.intent.action.MAIN cat=[android.intent.category.LAUNCHER] flg=0x10200000 cmp=com.cyanogenmod.filemanager/.activities.NavigationActivity} from pid 760
D/MobileDataStateTracker(  575): default: setPolicyDataEnable(enabled=true)
W/genymotion_audio(  249): out_write() limiting sleep time 116462 to 39909
W/genymotion_audio(  249): out_write() limiting sleep time 76213 to 39909
W/genymotion_audio(  249): out_write() limiting sleep time 57528 to 39909
D/MobileDataStateTracker(  575): default: setPolicyDataEnable(enabled=true)
D/MobileDataStateTracker(  575): default: setPolicyDataEnable(enabled=true)
D/MobileDataStateTracker(  575): default: setPolicyDataEnable(enabled=true)
D/MobileDataStateTracker(  575): default: setPolicyDataEnable(enabled=true)
W/InputMethodManagerService(  575): Window already focused, ignoring focus gain of: com.android.internal.view.IInputMethodClient$Stub$Proxy@529d9a60 attribute=null, token = android.os.BinderProxy@528e329c
D/MobileDataStateTracker(  575): default: setPolicyDataEnable(enabled=true)
W/genymotion_audio(  249): out_write() limiting sleep time 116462 to 39909
W/genymotion_audio(  249): out_write() limiting sleep time 84013 to 39909
W/genymotion_audio(  249): out_write() limiting sleep time 52448 to 39909
D/MobileDataStateTracker(  575): default: setPolicyDataEnable(enabled=true)
W/InputMethodManagerService(  575): Window already focused, ignoring focus gain of: com.android.internal.view.IInputMethodClient$Stub$Proxy@52934f1c attribute=null, token = android.os.BinderProxy@528e329c
W/genymotion_audio(  249): out_write() limiting sleep time 116462 to 39909
W/genymotion_audio(  249): out_write() limiting sleep time 82925 to 39909
W/genymotion_audio(  249): out_write() limiting sleep time 57891 to 39909
W/genymotion_audio(  249): out_write() limiting sleep time 40839 to 39909
I/ActivityManager(  575): START u0 {act=android.intent.action.MAIN cat=[android.intent.category.HOME] flg=0x10200000 cmp=com.android.launcher/com.android.launcher2.Launcher} from pid 575
D/MobileDataStateTracker(  575): default: setPolicyDataEnable(enabled=true)
D/MobileDataStateTracker(  575): default: setPolicyDataEnable(enabled=true)
D/MobileDataStateTracker(  575): default: setPolicyDataEnable(enabled=true)
W/genymotion_audio(  249): out_write() limiting sleep time 116462 to 39909
W/genymotion_audio(  249): out_write() limiting sleep time 83106 to 39909
W/genymotion_audio(  249): out_write() limiting sleep time 57165 to 39909
W/genymotion_audio(  249): out_write() limiting sleep time 53015 to 39909
D/MobileDataStateTracker(  575): default: setPolicyDataEnable(enabled=true)
I/ActivityManager(  575): START u0 {act=android.intent.action.MAIN cat=[android.intent.category.LAUNCHER] flg=0x10200000 cmp=com.android.browser/.BrowserActivity} from pid 760
I/ActivityManager(  575): Start proc com.android.browser for activity com.android.browser/.BrowserActivity: pid=1651 uid=10018 gids={50018, 3003, 1028, 1015}
D/MobileDataStateTracker(  575): default: setPolicyDataEnable(enabled=true)
E/ActivityThread( 1651): Failed to find provider info for com.google.settings
E/ActivityThread( 1651): Failed to find provider info for com.google.settings
D/MobileDataStateTracker(  575): default: setPolicyDataEnable(enabled=true)
D/MobileDataStateTracker(  575): default: setPolicyDataEnable(enabled=true)
D/MobileDataStateTracker(  575): default: setPolicyDataEnable(enabled=true)
D/MobileDataStateTracker(  575): default: setPolicyDataEnable(enabled=true)
E/ActivityThread( 1651): Failed to find provider info for com.google.settings
E/ActivityThread( 1651): Failed to find provider info for com.google.settings
E/ActivityThread( 1651): Failed to find provider info for com.google.settings
E/ActivityThread( 1651): Failed to find provider info for com.google.settings
E/ActivityThread( 1651): Failed to find provider info for com.google.settings
E/ActivityThread( 1651): Failed to find provider info for com.google.settings
E/ActivityThread( 1651): Failed to find provider info for com.google.settings
E/ActivityThread( 1651): Failed to find provider info for com.google.settings
E/ActivityThread( 1651): Failed to find provider info for com.google.settings
E/ActivityThread( 1651): Failed to find provider info for com.google.settings
E/ActivityThread( 1651): Failed to find provider info for com.google.settings
E/ActivityThread( 1651): Failed to find provider info for com.google.settings
E/ActivityThread( 1651): Failed to find provider info for com.google.settings
E/ActivityThread( 1651): Failed to find provider info for com.google.settings
D/MobileDataStateTracker(  575): default: setPolicyDataEnable(enabled=true)
D/MobileDataStateTracker(  575): default: setPolicyDataEnable(enabled=true)
D/MobileDataStateTracker(  575): default: setPolicyDataEnable(enabled=true)
D/MobileDataStateTracker(  575): default: setPolicyDataEnable(enabled=true)
D/MobileDataStateTracker(  575): default: setPolicyDataEnable(enabled=true)
D/MobileDataStateTracker(  575): default: setPolicyDataEnable(enabled=true)
D/MobileDataStateTracker(  575): default: setPolicyDataEnable(enabled=true)
D/MobileDataStateTracker(  575): default: setPolicyDataEnable(enabled=true)
D/MobileDataStateTracker(  575): default: setPolicyDataEnable(enabled=true)
D/MobileDataStateTracker(  575): default: setPolicyDataEnable(enabled=true)
D/MobileDataStateTracker(  575): default: setPolicyDataEnable(enabled=true)
D/MobileDataStateTracker(  575): default: setPolicyDataEnable(enabled=true)
D/MobileDataStateTracker(  575): default: setPolicyDataEnable(enabled=true)
D/MobileDataStateTracker(  575): default: setPolicyDataEnable(enabled=true)
D/MobileDataStateTracker(  575): default: setPolicyDataEnable(enabled=true)
D/MobileDataStateTracker(  575): default: setPolicyDataEnable(enabled=true)
D/MobileDataStateTracker(  575): default: setPolicyDataEnable(enabled=true)
D/MobileDataStateTracker(  575): default: setPolicyDataEnable(enabled=true)
D/MobileDataStateTracker(  575): default: setPolicyDataEnable(enabled=true)
D/MobileDataStateTracker(  575): default: setPolicyDataEnable(enabled=true)
D/MobileDataStateTracker(  575): default: setPolicyDataEnable(enabled=true)
D/MobileDataStateTracker(  575): default: setPolicyDataEnable(enabled=true)
I/ActivityManager(  575): Start proc com.android.quicksearchbox for content provider com.android.quicksearchbox/.google.GoogleSuggestionProvider: pid=1738 uid=10050 gids={50050, 3003}
D/MobileDataStateTracker(  575): default: setPolicyDataEnable(enabled=true)
D/MobileDataStateTracker(  575): default: setPolicyDataEnable(enabled=true)
D/MobileDataStateTracker(  575): default: setPolicyDataEnable(enabled=true)
D/MobileDataStateTracker(  575): default: setPolicyDataEnable(enabled=true)
D/MobileDataStateTracker(  575): default: setPolicyDataEnable(enabled=true)
D/MobileDataStateTracker(  575): default: setPolicyDataEnable(enabled=true)
I/ActivityManager(  575): Killing 845:com.android.music/u0a40 (adj 15): empty #17
D/MobileDataStateTracker(  575): default: setPolicyDataEnable(enabled=true)
D/MobileDataStateTracker(  575): default: setPolicyDataEnable(enabled=true)
D/MobileDataStateTracker(  575): default: setPolicyDataEnable(enabled=true)
I/ActivityManager(  575): START u0 {act=android.intent.action.WEB_SEARCH cat=[android.intent.category.DEFAULT] cmp=com.android.quicksearchbox/.google.GoogleSearch (has extras)} from pid 1651
I/ActivityManager(  575): START u0 {act=android.intent.action.VIEW dat=http://www.google.com/search?hl=en&source=android-browser-type&q=google+play+store+4.4.+apk flg=0x10000000 pkg=com.android.browser cmp=com.android.browser/.BrowserActivity (has extras)} from pid -1
W/ActivityManager(  575): Duplicate finish request for ActivityRecord{52930430 u0 com.android.quicksearchbox/.google.GoogleSearch t3 f}
D/MobileDataStateTracker(  575): default: setPolicyDataEnable(enabled=true)
W/InputMethodManagerService(  575): Window already focused, ignoring focus gain of: com.android.internal.view.IInputMethodClient$Stub$Proxy@52944e3c attribute=null, token = android.os.BinderProxy@529a8470
D/MobileDataStateTracker(  575): default: setPolicyDataEnable(enabled=true)
D/MobileDataStateTracker(  575): default: setPolicyDataEnable(enabled=true)
D/MobileDataStateTracker(  575): default: setPolicyDataEnable(enabled=true)
D/MobileDataStateTracker(  575): default: setPolicyDataEnable(enabled=true)
D/MobileDataStateTracker(  575): default: setPolicyDataEnable(enabled=true)
D/MobileDataStateTracker(  575): default: setPolicyDataEnable(enabled=true)
D/MobileDataStateTracker(  575): default: setPolicyDataEnable(enabled=true)
D/MobileDataStateTracker(  575): default: setPolicyDataEnable(enabled=true)
D/MobileDataStateTracker(  575): default: setPolicyDataEnable(enabled=true)
D/MobileDataStateTracker(  575): default: setPolicyDataEnable(enabled=true)
D/MobileDataStateTracker(  575): default: setPolicyDataEnable(enabled=true)
D/MobileDataStateTracker(  575): default: setPolicyDataEnable(enabled=true)
D/MobileDataStateTracker(  575): default: setPolicyDataEnable(enabled=true)
D/MobileDataStateTracker(  575): default: setPolicyDataEnable(enabled=true)
D/MobileDataStateTracker(  575): default: setPolicyDataEnable(enabled=true)
D/MobileDataStateTracker(  575): default: setPolicyDataEnable(enabled=true)
D/MobileDataStateTracker(  575): default: setPolicyDataEnable(enabled=true)
D/MobileDataStateTracker(  575): default: setPolicyDataEnable(enabled=true)
D/MobileDataStateTracker(  575): default: setPolicyDataEnable(enabled=true)
D/MobileDataStateTracker(  575): default: setPolicyDataEnable(enabled=true)
D/MobileDataStateTracker(  575): default: setPolicyDataEnable(enabled=true)
D/MobileDataStateTracker(  575): default: setPolicyDataEnable(enabled=true)
D/MobileDataStateTracker(  575): default: setPolicyDataEnable(enabled=true)
D/MobileDataStateTracker(  575): default: setPolicyDataEnable(enabled=true)
D/MobileDataStateTracker(  575): default: setPolicyDataEnable(enabled=true)
D/MobileDataStateTracker(  575): default: setPolicyDataEnable(enabled=true)
D/MobileDataStateTracker(  575): default: setPolicyDataEnable(enabled=true)
D/MobileDataStateTracker(  575): default: setPolicyDataEnable(enabled=true)
D/MobileDataStateTracker(  575): default: setPolicyDataEnable(enabled=true)
D/MobileDataStateTracker(  575): default: setPolicyDataEnable(enabled=true)
D/MobileDataStateTracker(  575): default: setPolicyDataEnable(enabled=true)
D/MobileDataStateTracker(  575): default: setPolicyDataEnable(enabled=true)
D/MobileDataStateTracker(  575): default: setPolicyDataEnable(enabled=true)
D/MobileDataStateTracker(  575): default: setPolicyDataEnable(enabled=true)
D/MobileDataStateTracker(  575): default: setPolicyDataEnable(enabled=true)
D/MobileDataStateTracker(  575): default: setPolicyDataEnable(enabled=true)
D/MobileDataStateTracker(  575): default: setPolicyDataEnable(enabled=true)
D/MobileDataStateTracker(  575): default: setPolicyDataEnable(enabled=true)
D/MobileDataStateTracker(  575): default: setPolicyDataEnable(enabled=true)
D/MobileDataStateTracker(  575): default: setPolicyDataEnable(enabled=true)
D/MobileDataStateTracker(  575): default: setPolicyDataEnable(enabled=true)
D/MobileDataStateTracker(  575): default: setPolicyDataEnable(enabled=true)
D/MobileDataStateTracker(  575): default: setPolicyDataEnable(enabled=true)
D/MobileDataStateTracker(  575): default: setPolicyDataEnable(enabled=true)
D/MobileDataStateTracker(  575): default: setPolicyDataEnable(enabled=true)
D/MobileDataStateTracker(  575): default: setPolicyDataEnable(enabled=true)
D/MobileDataStateTracker(  575): default: setPolicyDataEnable(enabled=true)
D/MobileDataStateTracker(  575): default: setPolicyDataEnable(enabled=true)
D/MobileDataStateTracker(  575): default: setPolicyDataEnable(enabled=true)
D/MobileDataStateTracker(  575): default: setPolicyDataEnable(enabled=true)
D/MobileDataStateTracker(  575): default: setPolicyDataEnable(enabled=true)
D/MobileDataStateTracker(  575): default: setPolicyDataEnable(enabled=true)
D/MobileDataStateTracker(  575): default: setPolicyDataEnable(enabled=true)
D/MobileDataStateTracker(  575): default: setPolicyDataEnable(enabled=true)
D/MobileDataStateTracker(  575): default: setPolicyDataEnable(enabled=true)
D/MobileDataStateTracker(  575): default: setPolicyDataEnable(enabled=true)
D/MobileDataStateTracker(  575): default: setPolicyDataEnable(enabled=true)
D/MobileDataStateTracker(  575): default: setPolicyDataEnable(enabled=true)
D/MobileDataStateTracker(  575): default: setPolicyDataEnable(enabled=true)
D/MobileDataStateTracker(  575): default: setPolicyDataEnable(enabled=true)
D/MobileDataStateTracker(  575): default: setPolicyDataEnable(enabled=true)
D/MobileDataStateTracker(  575): default: setPolicyDataEnable(enabled=true)
D/MobileDataStateTracker(  575): default: setPolicyDataEnable(enabled=true)
D/MobileDataStateTracker(  575): default: setPolicyDataEnable(enabled=true)
D/MobileDataStateTracker(  575): default: setPolicyDataEnable(enabled=true)
D/MobileDataStateTracker(  575): default: setPolicyDataEnable(enabled=true)
D/MobileDataStateTracker(  575): default: setPolicyDataEnable(enabled=true)
D/MobileDataStateTracker(  575): default: setPolicyDataEnable(enabled=true)
D/MobileDataStateTracker(  575): default: setPolicyDataEnable(enabled=true)
D/MobileDataStateTracker(  575): default: setPolicyDataEnable(enabled=true)
D/MobileDataStateTracker(  575): default: setPolicyDataEnable(enabled=true)
D/MobileDataStateTracker(  575): default: setPolicyDataEnable(enabled=true)
D/MobileDataStateTracker(  575): default: setPolicyDataEnable(enabled=true)
D/MobileDataStateTracker(  575): default: setPolicyDataEnable(enabled=true)
D/MobileDataStateTracker(  575): default: setPolicyDataEnable(enabled=true)
D/MobileDataStateTracker(  575): default: setPolicyDataEnable(enabled=true)
D/MobileDataStateTracker(  575): default: setPolicyDataEnable(enabled=true)
D/MobileDataStateTracker(  575): default: setPolicyDataEnable(enabled=true)
D/MobileDataStateTracker(  575): default: setPolicyDataEnable(enabled=true)
D/MobileDataStateTracker(  575): default: setPolicyDataEnable(enabled=true)
D/MobileDataStateTracker(  575): default: setPolicyDataEnable(enabled=true)
D/MobileDataStateTracker(  575): default: setPolicyDataEnable(enabled=true)
D/MobileDataStateTracker(  575): default: setPolicyDataEnable(enabled=true)
D/MobileDataStateTracker(  575): default: setPolicyDataEnable(enabled=true)
D/MobileDataStateTracker(  575): default: setPolicyDataEnable(enabled=true)
D/MobileDataStateTracker(  575): default: setPolicyDataEnable(enabled=true)
D/MobileDataStateTracker(  575): default: setPolicyDataEnable(enabled=true)
D/MobileDataStateTracker(  575): default: setPolicyDataEnable(enabled=true)
D/MobileDataStateTracker(  575): default: setPolicyDataEnable(enabled=true)
D/MobileDataStateTracker(  575): default: setPolicyDataEnable(enabled=true)
D/MobileDataStateTracker(  575): default: setPolicyDataEnable(enabled=true)
D/MobileDataStateTracker(  575): default: setPolicyDataEnable(enabled=true)
D/MobileDataStateTracker(  575): default: setPolicyDataEnable(enabled=true)
D/MobileDataStateTracker(  575): default: setPolicyDataEnable(enabled=true)
D/MobileDataStateTracker(  575): default: setPolicyDataEnable(enabled=true)
D/MobileDataStateTracker(  575): default: setPolicyDataEnable(enabled=true)
D/MobileDataStateTracker(  575): default: setPolicyDataEnable(enabled=true)
D/MobileDataStateTracker(  575): default: setPolicyDataEnable(enabled=true)
D/MobileDataStateTracker(  575): default: setPolicyDataEnable(enabled=true)
D/MobileDataStateTracker(  575): default: setPolicyDataEnable(enabled=true)
D/MobileDataStateTracker(  575): default: setPolicyDataEnable(enabled=true)
D/MobileDataStateTracker(  575): default: setPolicyDataEnable(enabled=true)
D/MobileDataStateTracker(  575): default: setPolicyDataEnable(enabled=true)
D/MobileDataStateTracker(  575): default: setPolicyDataEnable(enabled=true)
D/MobileDataStateTracker(  575): default: setPolicyDataEnable(enabled=true)
D/MobileDataStateTracker(  575): default: setPolicyDataEnable(enabled=true)
D/MobileDataStateTracker(  575): default: setPolicyDataEnable(enabled=true)
D/MobileDataStateTracker(  575): default: setPolicyDataEnable(enabled=true)
D/MobileDataStateTracker(  575): default: setPolicyDataEnable(enabled=true)
D/MobileDataStateTracker(  575): default: setPolicyDataEnable(enabled=true)
D/MobileDataStateTracker(  575): default: setPolicyDataEnable(enabled=true)
D/MobileDataStateTracker(  575): default: setPolicyDataEnable(enabled=true)
D/MobileDataStateTracker(  575): default: setPolicyDataEnable(enabled=true)
D/MobileDataStateTracker(  575): default: setPolicyDataEnable(enabled=true)
D/MobileDataStateTracker(  575): default: setPolicyDataEnable(enabled=true)
D/MobileDataStateTracker(  575): default: setPolicyDataEnable(enabled=true)
D/MobileDataStateTracker(  575): default: setPolicyDataEnable(enabled=true)
D/MobileDataStateTracker(  575): default: setPolicyDataEnable(enabled=true)
D/MobileDataStateTracker(  575): default: setPolicyDataEnable(enabled=true)
D/MobileDataStateTracker(  575): default: setPolicyDataEnable(enabled=true)
D/MobileDataStateTracker(  575): default: setPolicyDataEnable(enabled=true)
D/MobileDataStateTracker(  575): default: setPolicyDataEnable(enabled=true)
D/MobileDataStateTracker(  575): default: setPolicyDataEnable(enabled=true)
D/MobileDataStateTracker(  575): default: setPolicyDataEnable(enabled=true)
D/MobileDataStateTracker(  575): default: setPolicyDataEnable(enabled=true)
D/MobileDataStateTracker(  575): default: setPolicyDataEnable(enabled=true)
D/MobileDataStateTracker(  575): default: setPolicyDataEnable(enabled=true)
D/MobileDataStateTracker(  575): default: setPolicyDataEnable(enabled=true)
D/MobileDataStateTracker(  575): default: setPolicyDataEnable(enabled=true)
D/MobileDataStateTracker(  575): default: setPolicyDataEnable(enabled=true)
D/MobileDataStateTracker(  575): default: setPolicyDataEnable(enabled=true)
D/MobileDataStateTracker(  575): default: setPolicyDataEnable(enabled=true)
D/MobileDataStateTracker(  575): default: setPolicyDataEnable(enabled=true)
D/MobileDataStateTracker(  575): default: setPolicyDataEnable(enabled=true)
D/MobileDataStateTracker(  575): default: setPolicyDataEnable(enabled=true)
D/MobileDataStateTracker(  575): default: setPolicyDataEnable(enabled=true)
D/MobileDataStateTracker(  575): default: setPolicyDataEnable(enabled=true)
D/MobileDataStateTracker(  575): default: setPolicyDataEnable(enabled=true)
D/MobileDataStateTracker(  575): default: setPolicyDataEnable(enabled=true)
D/MobileDataStateTracker(  575): default: setPolicyDataEnable(enabled=true)
D/MobileDataStateTracker(  575): default: setPolicyDataEnable(enabled=true)
D/MobileDataStateTracker(  575): default: setPolicyDataEnable(enabled=true)
D/MobileDataStateTracker(  575): default: setPolicyDataEnable(enabled=true)
D/MobileDataStateTracker(  575): default: setPolicyDataEnable(enabled=true)
D/MobileDataStateTracker(  575): default: setPolicyDataEnable(enabled=true)
D/MobileDataStateTracker(  575): default: setPolicyDataEnable(enabled=true)
D/MobileDataStateTracker(  575): default: setPolicyDataEnable(enabled=true)
D/MobileDataStateTracker(  575): default: setPolicyDataEnable(enabled=true)
D/MobileDataStateTracker(  575): default: setPolicyDataEnable(enabled=true)
D/MobileDataStateTracker(  575): default: setPolicyDataEnable(enabled=true)
D/MobileDataStateTracker(  575): default: setPolicyDataEnable(enabled=true)
D/MobileDataStateTracker(  575): default: setPolicyDataEnable(enabled=true)
D/MobileDataStateTracker(  575): default: setPolicyDataEnable(enabled=true)
D/MobileDataStateTracker(  575): default: setPolicyDataEnable(enabled=true)
D/MobileDataStateTracker(  575): default: setPolicyDataEnable(enabled=true)
D/MobileDataStateTracker(  575): default: setPolicyDataEnable(enabled=true)
D/MobileDataStateTracker(  575): default: setPolicyDataEnable(enabled=true)
D/MobileDataStateTracker(  575): default: setPolicyDataEnable(enabled=true)
D/MobileDataStateTracker(  575): default: setPolicyDataEnable(enabled=true)
D/MobileDataStateTracker(  575): default: setPolicyDataEnable(enabled=true)
D/MobileDataStateTracker(  575): default: setPolicyDataEnable(enabled=true)
D/MobileDataStateTracker(  575): default: setPolicyDataEnable(enabled=true)
D/MobileDataStateTracker(  575): default: setPolicyDataEnable(enabled=true)
D/MobileDataStateTracker(  575): default: setPolicyDataEnable(enabled=true)
D/MobileDataStateTracker(  575): default: setPolicyDataEnable(enabled=true)
D/MobileDataStateTracker(  575): default: setPolicyDataEnable(enabled=true)
D/MobileDataStateTracker(  575): default: setPolicyDataEnable(enabled=true)
D/MobileDataStateTracker(  575): default: setPolicyDataEnable(enabled=true)
D/MobileDataStateTracker(  575): default: setPolicyDataEnable(enabled=true)
D/MobileDataStateTracker(  575): default: setPolicyDataEnable(enabled=true)
D/MobileDataStateTracker(  575): default: setPolicyDataEnable(enabled=true)
D/MobileDataStateTracker(  575): default: setPolicyDataEnable(enabled=true)
W/genymotion_audio(  249): out_write() limiting sleep time 116462 to 39909
W/genymotion_audio(  249): out_write() limiting sleep time 82743 to 39909
W/genymotion_audio(  249): out_write() limiting sleep time 59160 to 39909
D/MobileDataStateTracker(  575): default: setPolicyDataEnable(enabled=true)
W/genymotion_audio(  249): out_write() limiting sleep time 41746 to 39909
D/MobileDataStateTracker(  575): default: setPolicyDataEnable(enabled=true)
D/MobileDataStateTracker(  575): default: setPolicyDataEnable(enabled=true)
D/MobileDataStateTracker(  575): default: setPolicyDataEnable(enabled=true)
D/MobileDataStateTracker(  575): default: setPolicyDataEnable(enabled=true)
D/MobileDataStateTracker(  575): default: setPolicyDataEnable(enabled=true)
D/MobileDataStateTracker(  575): default: setPolicyDataEnable(enabled=true)
D/MobileDataStateTracker(  575): default: setPolicyDataEnable(enabled=true)
D/MobileDataStateTracker(  575): default: setPolicyDataEnable(enabled=true)
D/MobileDataStateTracker(  575): default: setPolicyDataEnable(enabled=true)
D/MobileDataStateTracker(  575): default: setPolicyDataEnable(enabled=true)
D/MobileDataStateTracker(  575): default: setPolicyDataEnable(enabled=true)
